Archive member included to satisfy reference by file (symbol)

d:/programme/stm32_cube_ide/stm32cubeide_1.4.0/stm32cubeide/plugins/com.st.stm32cube.ide.mcu.externaltools.gnu-tools-for-stm32.7-2018-q2-update.win32_1.4.0.202007081208/tools/bin/../lib/gcc/arm-none-eabi/7.3.1/../../../../arm-none-eabi/lib/thumb/v7e-m/fpv4-sp/hard\libc_nano.a(lib_a-errno.o)
                              Core/OS/debug/retarget.o (__errno)
d:/programme/stm32_cube_ide/stm32cubeide_1.4.0/stm32cubeide/plugins/com.st.stm32cube.ide.mcu.externaltools.gnu-tools-for-stm32.7-2018-q2-update.win32_1.4.0.202007081208/tools/bin/../lib/gcc/arm-none-eabi/7.3.1/../../../../arm-none-eabi/lib/thumb/v7e-m/fpv4-sp/hard\libc_nano.a(lib_a-exit.o)
                              d:/programme/stm32_cube_ide/stm32cubeide_1.4.0/stm32cubeide/plugins/com.st.stm32cube.ide.mcu.externaltools.gnu-tools-for-stm32.7-2018-q2-update.win32_1.4.0.202007081208/tools/bin/../lib/gcc/arm-none-eabi/7.3.1/../../../../arm-none-eabi/lib/thumb/v7e-m/fpv4-sp/hard/crt0.o (exit)
d:/programme/stm32_cube_ide/stm32cubeide_1.4.0/stm32cubeide/plugins/com.st.stm32cube.ide.mcu.externaltools.gnu-tools-for-stm32.7-2018-q2-update.win32_1.4.0.202007081208/tools/bin/../lib/gcc/arm-none-eabi/7.3.1/../../../../arm-none-eabi/lib/thumb/v7e-m/fpv4-sp/hard\libc_nano.a(lib_a-impure.o)
                              d:/programme/stm32_cube_ide/stm32cubeide_1.4.0/stm32cubeide/plugins/com.st.stm32cube.ide.mcu.externaltools.gnu-tools-for-stm32.7-2018-q2-update.win32_1.4.0.202007081208/tools/bin/../lib/gcc/arm-none-eabi/7.3.1/../../../../arm-none-eabi/lib/thumb/v7e-m/fpv4-sp/hard\libc_nano.a(lib_a-exit.o) (_global_impure_ptr)
d:/programme/stm32_cube_ide/stm32cubeide_1.4.0/stm32cubeide/plugins/com.st.stm32cube.ide.mcu.externaltools.gnu-tools-for-stm32.7-2018-q2-update.win32_1.4.0.202007081208/tools/bin/../lib/gcc/arm-none-eabi/7.3.1/../../../../arm-none-eabi/lib/thumb/v7e-m/fpv4-sp/hard\libc_nano.a(lib_a-init.o)
                              d:/programme/stm32_cube_ide/stm32cubeide_1.4.0/stm32cubeide/plugins/com.st.stm32cube.ide.mcu.externaltools.gnu-tools-for-stm32.7-2018-q2-update.win32_1.4.0.202007081208/tools/bin/../lib/gcc/arm-none-eabi/7.3.1/../../../../arm-none-eabi/lib/thumb/v7e-m/fpv4-sp/hard/crt0.o (__libc_init_array)
d:/programme/stm32_cube_ide/stm32cubeide_1.4.0/stm32cubeide/plugins/com.st.stm32cube.ide.mcu.externaltools.gnu-tools-for-stm32.7-2018-q2-update.win32_1.4.0.202007081208/tools/bin/../lib/gcc/arm-none-eabi/7.3.1/../../../../arm-none-eabi/lib/thumb/v7e-m/fpv4-sp/hard\libc_nano.a(lib_a-memmove.o)
                              Core/OS/scheduler/scheduler.o (memmove)
d:/programme/stm32_cube_ide/stm32cubeide_1.4.0/stm32cubeide/plugins/com.st.stm32cube.ide.mcu.externaltools.gnu-tools-for-stm32.7-2018-q2-update.win32_1.4.0.202007081208/tools/bin/../lib/gcc/arm-none-eabi/7.3.1/../../../../arm-none-eabi/lib/thumb/v7e-m/fpv4-sp/hard\libc_nano.a(lib_a-memset.o)
                              d:/programme/stm32_cube_ide/stm32cubeide_1.4.0/stm32cubeide/plugins/com.st.stm32cube.ide.mcu.externaltools.gnu-tools-for-stm32.7-2018-q2-update.win32_1.4.0.202007081208/tools/bin/../lib/gcc/arm-none-eabi/7.3.1/../../../../arm-none-eabi/lib/thumb/v7e-m/fpv4-sp/hard/crt0.o (memset)
d:/programme/stm32_cube_ide/stm32cubeide_1.4.0/stm32cubeide/plugins/com.st.stm32cube.ide.mcu.externaltools.gnu-tools-for-stm32.7-2018-q2-update.win32_1.4.0.202007081208/tools/bin/../lib/gcc/arm-none-eabi/7.3.1/../../../../arm-none-eabi/lib/thumb/v7e-m/fpv4-sp/hard\libc_nano.a(lib_a-nano-vfprintf_float.o)
                              (_printf_float)
d:/programme/stm32_cube_ide/stm32cubeide_1.4.0/stm32cubeide/plugins/com.st.stm32cube.ide.mcu.externaltools.gnu-tools-for-stm32.7-2018-q2-update.win32_1.4.0.202007081208/tools/bin/../lib/gcc/arm-none-eabi/7.3.1/../../../../arm-none-eabi/lib/thumb/v7e-m/fpv4-sp/hard\libc_nano.a(lib_a-nano-vfprintf_i.o)
                              d:/programme/stm32_cube_ide/stm32cubeide_1.4.0/stm32cubeide/plugins/com.st.stm32cube.ide.mcu.externaltools.gnu-tools-for-stm32.7-2018-q2-update.win32_1.4.0.202007081208/tools/bin/../lib/gcc/arm-none-eabi/7.3.1/../../../../arm-none-eabi/lib/thumb/v7e-m/fpv4-sp/hard\libc_nano.a(lib_a-nano-vfprintf_float.o) (_printf_common)
d:/programme/stm32_cube_ide/stm32cubeide_1.4.0/stm32cubeide/plugins/com.st.stm32cube.ide.mcu.externaltools.gnu-tools-for-stm32.7-2018-q2-update.win32_1.4.0.202007081208/tools/bin/../lib/gcc/arm-none-eabi/7.3.1/../../../../arm-none-eabi/lib/thumb/v7e-m/fpv4-sp/hard\libc_nano.a(lib_a-printf.o)
                              Core/OS/tasks/task.o (printf)
d:/programme/stm32_cube_ide/stm32cubeide_1.4.0/stm32cubeide/plugins/com.st.stm32cube.ide.mcu.externaltools.gnu-tools-for-stm32.7-2018-q2-update.win32_1.4.0.202007081208/tools/bin/../lib/gcc/arm-none-eabi/7.3.1/../../../../arm-none-eabi/lib/thumb/v7e-m/fpv4-sp/hard\libc_nano.a(lib_a-puts.o)
                              Core/OS/debug/debug.o (puts)
[...]
Memory Configuration

Name             Origin             Length             Attributes
CCMRAM           0x0000000010000000 0x0000000000010000 xrw
RAM              0x0000000020000000 0x0000000000020000 xrw
FLASH            0x0000000008000000 0x0000000000100000 xr
*default*        0x0000000000000000 0xffffffffffffffff

Linker script and memory map

LOAD d:/programme/stm32_cube_ide/stm32cubeide_1.4.0/stm32cubeide/plugins/com.st.stm32cube.ide.mcu.externaltools.gnu-tools-for-stm32.7-2018-q2-update.win32_1.4.0.202007081208/tools/bin/../lib/gcc/arm-none-eabi/7.3.1/thumb/v7e-m/fpv4-sp/hard/crti.o
LOAD d:/programme/stm32_cube_ide/stm32cubeide_1.4.0/stm32cubeide/plugins/com.st.stm32cube.ide.mcu.externaltools.gnu-tools-for-stm32.7-2018-q2-update.win32_1.4.0.202007081208/tools/bin/../lib/gcc/arm-none-eabi/7.3.1/thumb/v7e-m/fpv4-sp/hard/crtbegin.o
LOAD d:/programme/stm32_cube_ide/stm32cubeide_1.4.0/stm32cubeide/plugins/com.st.stm32cube.ide.mcu.externaltools.gnu-tools-for-stm32.7-2018-q2-update.win32_1.4.0.202007081208/tools/bin/../lib/gcc/arm-none-eabi/7.3.1/../../../../arm-none-eabi/lib/thumb/v7e-m/fpv4-sp/hard/crt0.o
LOAD Core/OS/debug/debug.o
LOAD Core/OS/debug/retarget.o
LOAD Core/OS/events/events.o
LOAD Core/OS/events/mask.o
LOAD Core/OS/events/mask_def.o
LOAD Core/OS/scheduler/scheduler.o
LOAD Core/OS/tasks/task.o
LOAD Core/OS/time.o
LOAD Core/Sensors/acc.o
LOAD Core/Sensors/baro.o
LOAD Core/Sensors/gyro.o
LOAD Core/Sensors/mpu.o
LOAD Core/Sensors/ms5611.o
LOAD Core/Src/adc.o
LOAD Core/Src/dma.o
LOAD Core/Src/gpio.o
LOAD Core/Src/i2c.o
LOAD Core/Src/main.o
LOAD Core/Src/spi.o
LOAD Core/Src/stm32f4xx_hal_msp.o
LOAD Core/Src/stm32f4xx_it.o
LOAD Core/Src/sysmem.o
LOAD Core/Src/system_stm32f4xx.o
LOAD Core/Src/tim.o
LOAD Core/Src/usart.o
LOAD Core/Startup/startup_stm32f405rgtx.o
LOAD Drivers/STM32F4xx_HAL_Driver/Src/stm32f4xx_hal.o
LOAD Drivers/STM32F4xx_HAL_Driver/Src/stm32f4xx_hal_adc.o
LOAD Drivers/STM32F4xx_HAL_Driver/Src/stm32f4xx_hal_adc_ex.o
LOAD Drivers/STM32F4xx_HAL_Driver/Src/stm32f4xx_hal_cortex.o
LOAD Drivers/STM32F4xx_HAL_Driver/Src/stm32f4xx_hal_dma.o
LOAD Drivers/STM32F4xx_HAL_Driver/Src/stm32f4xx_hal_dma_ex.o
LOAD Drivers/STM32F4xx_HAL_Driver/Src/stm32f4xx_hal_exti.o
LOAD Drivers/STM32F4xx_HAL_Driver/Src/stm32f4xx_hal_flash.o
LOAD Drivers/STM32F4xx_HAL_Driver/Src/stm32f4xx_hal_flash_ex.o
LOAD Drivers/STM32F4xx_HAL_Driver/Src/stm32f4xx_hal_flash_ramfunc.o
LOAD Drivers/STM32F4xx_HAL_Driver/Src/stm32f4xx_hal_gpio.o
LOAD Drivers/STM32F4xx_HAL_Driver/Src/stm32f4xx_hal_i2c.o
LOAD Drivers/STM32F4xx_HAL_Driver/Src/stm32f4xx_hal_i2c_ex.o
LOAD Drivers/STM32F4xx_HAL_Driver/Src/stm32f4xx_hal_pwr.o
LOAD Drivers/STM32F4xx_HAL_Driver/Src/stm32f4xx_hal_pwr_ex.o
LOAD Drivers/STM32F4xx_HAL_Driver/Src/stm32f4xx_hal_rcc.o
LOAD Drivers/STM32F4xx_HAL_Driver/Src/stm32f4xx_hal_rcc_ex.o
LOAD Drivers/STM32F4xx_HAL_Driver/Src/stm32f4xx_hal_spi.o
LOAD Drivers/STM32F4xx_HAL_Driver/Src/stm32f4xx_hal_tim.o
LOAD Drivers/STM32F4xx_HAL_Driver/Src/stm32f4xx_hal_tim_ex.o
LOAD Drivers/STM32F4xx_HAL_Driver/Src/stm32f4xx_hal_uart.o
LOAD Drivers/Src/Filters.o
LOAD Drivers/Src/Led_rgb.o
LOAD Drivers/Src/Sequence_led.o
START GROUP
LOAD d:/programme/stm32_cube_ide/stm32cubeide_1.4.0/stm32cubeide/plugins/com.st.stm32cube.ide.mcu.externaltools.gnu-tools-for-stm32.7-2018-q2-update.win32_1.4.0.202007081208/tools/bin/../lib/gcc/arm-none-eabi/7.3.1/../../../../arm-none-eabi/lib/thumb/v7e-m/fpv4-sp/hard\libc_nano.a
LOAD d:/programme/stm32_cube_ide/stm32cubeide_1.4.0/stm32cubeide/plugins/com.st.stm32cube.ide.mcu.externaltools.gnu-tools-for-stm32.7-2018-q2-update.win32_1.4.0.202007081208/tools/bin/../lib/gcc/arm-none-eabi/7.3.1/../../../../arm-none-eabi/lib/thumb/v7e-m/fpv4-sp/hard\libm.a
END GROUP
START GROUP
LOAD d:/programme/stm32_cube_ide/stm32cubeide_1.4.0/stm32cubeide/plugins/com.st.stm32cube.ide.mcu.externaltools.gnu-tools-for-stm32.7-2018-q2-update.win32_1.4.0.202007081208/tools/bin/../lib/gcc/arm-none-eabi/7.3.1/thumb/v7e-m/fpv4-sp/hard\libgcc.a
LOAD d:/programme/stm32_cube_ide/stm32cubeide_1.4.0/stm32cubeide/plugins/com.st.stm32cube.ide.mcu.externaltools.gnu-tools-for-stm32.7-2018-q2-update.win32_1.4.0.202007081208/tools/bin/../lib/gcc/arm-none-eabi/7.3.1/../../../../arm-none-eabi/lib/thumb/v7e-m/fpv4-sp/hard\libc_nano.a
END GROUP
START GROUP
LOAD d:/programme/stm32_cube_ide/stm32cubeide_1.4.0/stm32cubeide/plugins/com.st.stm32cube.ide.mcu.externaltools.gnu-tools-for-stm32.7-2018-q2-update.win32_1.4.0.202007081208/tools/bin/../lib/gcc/arm-none-eabi/7.3.1/thumb/v7e-m/fpv4-sp/hard\libgcc.a
LOAD d:/programme/stm32_cube_ide/stm32cubeide_1.4.0/stm32cubeide/plugins/com.st.stm32cube.ide.mcu.externaltools.gnu-tools-for-stm32.7-2018-q2-update.win32_1.4.0.202007081208/tools/bin/../lib/gcc/arm-none-eabi/7.3.1/../../../../arm-none-eabi/lib/thumb/v7e-m/fpv4-sp/hard\libc_nano.a
LOAD d:/programme/stm32_cube_ide/stm32cubeide_1.4.0/stm32cubeide/plugins/com.st.stm32cube.ide.mcu.externaltools.gnu-tools-for-stm32.7-2018-q2-update.win32_1.4.0.202007081208/tools/bin/../lib/gcc/arm-none-eabi/7.3.1/../../../../arm-none-eabi/lib/thumb/v7e-m/fpv4-sp/hard\libnosys.a
END GROUP
START GROUP
LOAD d:/programme/stm32_cube_ide/stm32cubeide_1.4.0/stm32cubeide/plugins/com.st.stm32cube.ide.mcu.externaltools.gnu-tools-for-stm32.7-2018-q2-update.win32_1.4.0.202007081208/tools/bin/../lib/gcc/arm-none-eabi/7.3.1/thumb/v7e-m/fpv4-sp/hard\libgcc.a
LOAD d:/programme/stm32_cube_ide/stm32cubeide_1.4.0/stm32cubeide/plugins/com.st.stm32cube.ide.mcu.externaltools.gnu-tools-for-stm32.7-2018-q2-update.win32_1.4.0.202007081208/tools/bin/../lib/gcc/arm-none-eabi/7.3.1/../../../../arm-none-eabi/lib/thumb/v7e-m/fpv4-sp/hard\libc_nano.a
LOAD d:/programme/stm32_cube_ide/stm32cubeide_1.4.0/stm32cubeide/plugins/com.st.stm32cube.ide.mcu.externaltools.gnu-tools-for-stm32.7-2018-q2-update.win32_1.4.0.202007081208/tools/bin/../lib/gcc/arm-none-eabi/7.3.1/../../../../arm-none-eabi/lib/thumb/v7e-m/fpv4-sp/hard\libnosys.a
END GROUP
LOAD d:/programme/stm32_cube_ide/stm32cubeide_1.4.0/stm32cubeide/plugins/com.st.stm32cube.ide.mcu.externaltools.gnu-tools-for-stm32.7-2018-q2-update.win32_1.4.0.202007081208/tools/bin/../lib/gcc/arm-none-eabi/7.3.1/thumb/v7e-m/fpv4-sp/hard/crtend.o
LOAD d:/programme/stm32_cube_ide/stm32cubeide_1.4.0/stm32cubeide/plugins/com.st.stm32cube.ide.mcu.externaltools.gnu-tools-for-stm32.7-2018-q2-update.win32_1.4.0.202007081208/tools/bin/../lib/gcc/arm-none-eabi/7.3.1/thumb/v7e-m/fpv4-sp/hard/crtn.o
                0x0000000020020000                _estack = (ORIGIN (RAM) + LENGTH (RAM))
                0x0000000000000200                _Min_Heap_Size = 0x200
                0x0000000000000400                _Min_Stack_Size = 0x400

.isr_vector     0x0000000008000000      0x188
                0x0000000008000000                . = ALIGN (0x4)
 *(.isr_vector)
 .isr_vector    0x0000000008000000      0x188 Core/Startup/startup_stm32f405rgtx.o
                0x0000000008000000                g_pfnVectors
                0x0000000008000188                . = ALIGN (0x4)

.text           0x0000000008000190     0x986c
                0x0000000008000190                . = ALIGN (0x4)
 *(.text)
 .text          0x0000000008000190       0x40 d:/programme/stm32_cube_ide/stm32cubeide_1.4.0/stm32cubeide/plugins/com.st.stm32cube.ide.mcu.externaltools.gnu-tools-for-stm32.7-2018-q2-update.win32_1.4.0.202007081208/tools/bin/../lib/gcc/arm-none-eabi/7.3.1/thumb/v7e-m/fpv4-sp/hard/crtbegin.o
 .text          0x00000000080001d0       0x10 d:/programme/stm32_cube_ide/stm32cubeide_1.4.0/stm32cubeide/plugins/com.st.stm32cube.ide.mcu.externaltools.gnu-tools-for-stm32.7-2018-q2-update.win32_1.4.0.202007081208/tools/bin/../lib/gcc/arm-none-eabi/7.3.1/../../../../arm-none-eabi/lib/thumb/v7e-m/fpv4-sp/hard\libc_nano.a(lib_a-strlen.o)
                0x00000000080001d0                strlen
 .text          0x00000000080001e0       0xa0 d:/programme/stm32_cube_ide/stm32cubeide_1.4.0/stm32cubeide/plugins/com.st.stm32cube.ide.mcu.externaltools.gnu-tools-for-stm32.7-2018-q2-update.win32_1.4.0.202007081208/tools/bin/../lib/gcc/arm-none-eabi/7.3.1/../../../../arm-none-eabi/lib/thumb/v7e-m/fpv4-sp/hard\libc_nano.a(lib_a-memchr.o)
                0x00000000080001e0                memchr
 .text          0x0000000008000280      0x378 d:/programme/stm32_cube_ide/stm32cubeide_1.4.0/stm32cubeide/plugins/com.st.stm32cube.ide.mcu.externaltools.gnu-tools-for-stm32.7-2018-q2-update.win32_1.4.0.202007081208/tools/bin/../lib/gcc/arm-none-eabi/7.3.1/thumb/v7e-m/fpv4-sp/hard\libgcc.a(_arm_addsubdf3.o)
                0x0000000008000280                __aeabi_drsub
                0x0000000008000288                __aeabi_dsub
                0x0000000008000288                __subdf3
                0x000000000800028c                __aeabi_dadd
                0x000000000800028c                __adddf3
                0x0000000008000504                __floatunsidf
                0x0000000008000504                __aeabi_ui2d
                0x0000000008000524                __floatsidf
                0x0000000008000524                __aeabi_i2d
                0x0000000008000548                __aeabi_f2d
                0x0000000008000548                __extendsfdf2
                0x000000000800058c                __floatundidf
                0x000000000800058c                __aeabi_ul2d
                0x000000000800059c                __floatdidf
                0x000000000800059c                __aeabi_l2d
 .text          0x00000000080005f8      0x424 d:/programme/stm32_cube_ide/stm32cubeide_1.4.0/stm32cubeide/plugins/com.st.stm32cube.ide.mcu.externaltools.gnu-tools-for-stm32.7-2018-q2-update.win32_1.4.0.202007081208/tools/bin/../lib/gcc/arm-none-eabi/7.3.1/thumb/v7e-m/fpv4-sp/hard\libgcc.a(_arm_muldivdf3.o)
                0x00000000080005f8                __aeabi_dmul
                0x00000000080005f8                __muldf3
                0x000000000800084c                __divdf3
                0x000000000800084c                __aeabi_ddiv
 .text          0x0000000008000a1c      0x110 d:/programme/stm32_cube_ide/stm32cubeide_1.4.0/stm32cubeide/plugins/com.st.stm32cube.ide.mcu.externaltools.gnu-tools-for-stm32.7-2018-q2-update.win32_1.4.0.202007081208/tools/bin/../lib/gcc/arm-none-eabi/7.3.1/thumb/v7e-m/fpv4-sp/hard\libgcc.a(_arm_cmpdf2.o)
                0x0000000008000a1c                __gtdf2
                0x0000000008000a1c                __gedf2
                0x0000000008000a24                __ltdf2
                0x0000000008000a24                __ledf2
                0x0000000008000a2c                __nedf2
                0x0000000008000a2c                __eqdf2
                0x0000000008000a2c                __cmpdf2
                0x0000000008000aa8                __aeabi_cdrcmple
                0x0000000008000ab8                __aeabi_cdcmpeq
                0x0000000008000ab8                __aeabi_cdcmple
                0x0000000008000ac8                __aeabi_dcmpeq
                0x0000000008000adc                __aeabi_dcmplt
                0x0000000008000af0                __aeabi_dcmple
                0x0000000008000b04                __aeabi_dcmpge
                0x0000000008000b18                __aeabi_dcmpgt
 .text          0x0000000008000b2c       0x2c d:/programme/stm32_cube_ide/stm32cubeide_1.4.0/stm32cubeide/plugins/com.st.stm32cube.ide.mcu.externaltools.gnu-tools-for-stm32.7-2018-q2-update.win32_1.4.0.202007081208/tools/bin/../lib/gcc/arm-none-eabi/7.3.1/thumb/v7e-m/fpv4-sp/hard\libgcc.a(_arm_unorddf2.o)
                0x0000000008000b2c                __unorddf2
                0x0000000008000b2c                __aeabi_dcmpun
 .text          0x0000000008000b58       0x50 d:/programme/stm32_cube_ide/stm32cubeide_1.4.0/stm32cubeide/plugins/com.st.stm32cube.ide.mcu.externaltools.gnu-tools-for-stm32.7-2018-q2-update.win32_1.4.0.202007081208/tools/bin/../lib/gcc/arm-none-eabi/7.3.1/thumb/v7e-m/fpv4-sp/hard\libgcc.a(_arm_fixdfsi.o)
                0x0000000008000b58                __aeabi_d2iz
                0x0000000008000b58                __fixdfsi
 .text          0x0000000008000ba8       0x30 d:/programme/stm32_cube_ide/stm32cubeide_1.4.0/stm32cubeide/plugins/com.st.stm32cube.ide.mcu.externaltools.gnu-tools-for-stm32.7-2018-q2-update.win32_1.4.0.202007081208/tools/bin/../lib/gcc/arm-none-eabi/7.3.1/thumb/v7e-m/fpv4-sp/hard\libgcc.a(_aeabi_uldivmod.o)
                0x0000000008000ba8                __aeabi_uldivmod
 .text          0x0000000008000bd8      0x2cc d:/programme/stm32_cube_ide/stm32cubeide_1.4.0/stm32cubeide/plugins/com.st.stm32cube.ide.mcu.externaltools.gnu-tools-for-stm32.7-2018-q2-update.win32_1.4.0.202007081208/tools/bin/../lib/gcc/arm-none-eabi/7.3.1/thumb/v7e-m/fpv4-sp/hard\libgcc.a(_udivmoddi4.o)
                0x0000000008000bd8                __udivmoddi4
 .text          0x0000000008000ea4        0x4 d:/programme/stm32_cube_ide/stm32cubeide_1.4.0/stm32cubeide/plugins/com.st.stm32cube.ide.mcu.externaltools.gnu-tools-for-stm32.7-2018-q2-update.win32_1.4.0.202007081208/tools/bin/../lib/gcc/arm-none-eabi/7.3.1/thumb/v7e-m/fpv4-sp/hard\libgcc.a(_dvmd_tls.o)
                0x0000000008000ea4                __aeabi_idiv0
                0x0000000008000ea4                __aeabi_ldiv0
 *(.text*)
 .text.DEBUG_init
                0x0000000008000ea8       0x1c Core/OS/debug/debug.o
                0x0000000008000ea8                DEBUG_init
 .text.RetargetInit
                0x0000000008000ec4       0x30 Core/OS/debug/retarget.o
                0x0000000008000ec4                RetargetInit
 .text._isatty  0x0000000008000ef4       0x2c Core/OS/debug/retarget.o
                0x0000000008000ef4                _isatty
 .text._write   0x0000000008000f20       0x54 Core/OS/debug/retarget.o
                0x0000000008000f20                _write
 .text._close   0x0000000008000f74       0x2e Core/OS/debug/retarget.o
                0x0000000008000f74                _close
 .text._lseek   0x0000000008000fa2       0x22 Core/OS/debug/retarget.o
                0x0000000008000fa2                _lseek
 .text._read    0x0000000008000fc4       0x50 Core/OS/debug/retarget.o
                0x0000000008000fc4                _read
 .text._fstat   0x0000000008001014       0x36 Core/OS/debug/retarget.o
                0x0000000008001014                _fstat
 .text.gyro_init_ok
                0x000000000800104a       0x26 Core/OS/events/events.o
 .text.gyro_dma_done_func
                0x0000000008001070       0x28 Core/OS/events/events.o
 .text.gyro_data_ready_func
                0x0000000008001098       0x16 Core/OS/events/events.o
 *fill*         0x00000000080010ae        0x2 
 .text.EVENT_process_events_main
                0x00000000080010b0      0x104 Core/OS/events/events.o
                0x00000000080010b0                EVENT_process_events_main
 .text.EVENT_Set_flag
                0x00000000080011b4       0x28 Core/OS/events/events.o
                0x00000000080011b4                EVENT_Set_flag
 .text.EVENT_Clean_flag
                0x00000000080011dc       0x28 Core/OS/events/events.o
                0x00000000080011dc                EVENT_Clean_flag
 .text.EVENT_init
                0x0000000008001204       0x54 Core/OS/events/events.o
                0x0000000008001204                EVENT_init
 .text.Mask_test_and
                0x0000000008001258       0x66 Core/OS/events/mask.o
                0x0000000008001258                Mask_test_and
 .text.Mask_test_or
                0x00000000080012be       0x58 Core/OS/events/mask.o
                0x00000000080012be                Mask_test_or
 .text.MASK_set_flag
                0x0000000008001316       0x60 Core/OS/events/mask.o
                0x0000000008001316                MASK_set_flag
 .text.MASK_clean_flag
                0x0000000008001376       0x5e Core/OS/events/mask.o
                0x0000000008001376                MASK_clean_flag
 .text.mask_def_events_it_init
                0x00000000080013d4       0x16 Core/OS/events/mask_def.o
                0x00000000080013d4                mask_def_events_it_init
 .text.mask_def_events_main_init
                0x00000000080013ea       0x16 Core/OS/events/mask_def.o
                0x00000000080013ea                mask_def_events_main_init
 .text.mask_def_gyro_dma_done
                0x0000000008001400       0x26 Core/OS/events/mask_def.o
 .text.mask_def_gyro_init_ok
                0x0000000008001426       0x32 Core/OS/events/mask_def.o
 .text.SCHEDULER_init
                0x0000000008001458       0x24 Core/OS/scheduler/scheduler.o
                0x0000000008001458                SCHEDULER_init
 .text.SCHEDULER_run
                0x000000000800147c       0xa4 Core/OS/scheduler/scheduler.o
                0x000000000800147c                SCHEDULER_run
 .text.get_first_task
                0x0000000008001520       0x20 Core/OS/scheduler/scheduler.o
 .text.get_next_task
                0x0000000008001540       0x2c Core/OS/scheduler/scheduler.o
 .text.task_process
                0x000000000800156c      0x168 Core/OS/scheduler/scheduler.o
 .text.SCHEDULER_enable_task
                0x00000000080016d4       0x42 Core/OS/scheduler/scheduler.o
                0x00000000080016d4                SCHEDULER_enable_task
 *fill*         0x0000000008001716        0x2 
 .text.queu_contains
                0x0000000008001718       0x48 Core/OS/scheduler/scheduler.o
 .text.queu_add
                0x0000000008001760       0xb0 Core/OS/scheduler/scheduler.o
 .text.queu_remove
                0x0000000008001810       0x80 Core/OS/scheduler/scheduler.o
 .text.tasks_init
                0x0000000008001890       0x34 Core/OS/tasks/task.o
                0x0000000008001890                tasks_init
 .text.process_print_f
                0x00000000080018c4       0x8c Core/OS/tasks/task.o
                0x00000000080018c4                process_print_f
 .text.process_led
                0x0000000008001950       0x3c Core/OS/tasks/task.o
                0x0000000008001950                process_led
 .text.process_gyro_update
                0x000000000800198c       0x2c Core/OS/tasks/task.o
                0x000000000800198c                process_gyro_update
 .text.process_acc_update
                0x00000000080019b8       0x2c Core/OS/tasks/task.o
                0x00000000080019b8                process_acc_update
 .text.process_event_main
                0x00000000080019e4       0x14 Core/OS/tasks/task.o
                0x00000000080019e4                process_event_main
 .text.TASK_get_task
                0x00000000080019f8       0x28 Core/OS/tasks/task.o
                0x00000000080019f8                TASK_get_task
 .text.TIME_us  0x0000000008001a20       0x5c Core/OS/time.o
                0x0000000008001a20                TIME_us
 .text.ACC_init
                0x0000000008001a7c       0x6c Core/Sensors/acc.o
                0x0000000008001a7c                ACC_init
 .text.ACC_update
                0x0000000008001ae8       0x2e Core/Sensors/acc.o
                0x0000000008001ae8                ACC_update
 .text.ACC_process_lpf
                0x0000000008001b16       0x7a Core/Sensors/acc.o
                0x0000000008001b16                ACC_process_lpf
 .text.GYRO_init
                0x0000000008001b90       0x78 Core/Sensors/gyro.o
                0x0000000008001b90                GYRO_init
 .text.GYRO_update
                0x0000000008001c08       0x2e Core/Sensors/gyro.o
                0x0000000008001c08                GYRO_update
 .text.GYRO_process_lpf
                0x0000000008001c36       0x7a Core/Sensors/gyro.o
                0x0000000008001c36                GYRO_process_lpf
 .text.GYRO_dma_done
                0x0000000008001cb0       0x1a Core/Sensors/gyro.o
                0x0000000008001cb0                GYRO_dma_done
 .text.convert_gyro
                0x0000000008001cca       0xb0 Core/Sensors/mpu.o
                0x0000000008001cca                convert_gyro
 .text.convert_acc
                0x0000000008001d7a       0xbc Core/Sensors/mpu.o
                0x0000000008001d7a                convert_acc
 .text.MPU_cs_lock
                0x0000000008001e36       0x20 Core/Sensors/mpu.o
                0x0000000008001e36                MPU_cs_lock
 .text.MPU_cs_unlock
                0x0000000008001e56       0x20 Core/Sensors/mpu.o
                0x0000000008001e56                MPU_cs_unlock
 *fill*         0x0000000008001e76        0x2 
 .text.MPU_init
                0x0000000008001e78       0xc8 Core/Sensors/mpu.o
                0x0000000008001e78                MPU_init
 .text.MPU_init_gyro
                0x0000000008001f40      0x154 Core/Sensors/mpu.o
                0x0000000008001f40                MPU_init_gyro
 .text.MPU_init_acc
                0x0000000008002094      0x138 Core/Sensors/mpu.o
                0x0000000008002094                MPU_init_acc
 .text.MPU_update_gyro
                0x00000000080021cc       0x74 Core/Sensors/mpu.o
                0x00000000080021cc                MPU_update_gyro
 .text.MPU_update_acc
                0x0000000008002240       0x74 Core/Sensors/mpu.o
                0x0000000008002240                MPU_update_acc
 .text.MPU_dma_transmit_done
                0x00000000080022b4       0x44 Core/Sensors/mpu.o
                0x00000000080022b4                MPU_dma_transmit_done
 .text.MX_ADC2_Init
                0x00000000080022f8       0xa4 Core/Src/adc.o
                0x00000000080022f8                MX_ADC2_Init
 .text.HAL_ADC_MspInit
                0x000000000800239c      0x128 Core/Src/adc.o
                0x000000000800239c                HAL_ADC_MspInit
 .text.MX_DMA_Init
                0x00000000080024c4       0xdc Core/Src/dma.o
                0x00000000080024c4                MX_DMA_Init
 .text.MX_GPIO_Init
                0x00000000080025a0      0x13c Core/Src/gpio.o
                0x00000000080025a0                MX_GPIO_Init
 .text.MX_I2C1_Init
                0x00000000080026dc       0x5c Core/Src/i2c.o
                0x00000000080026dc                MX_I2C1_Init
 .text.HAL_I2C_MspInit
                0x0000000008002738      0x158 Core/Src/i2c.o
                0x0000000008002738                HAL_I2C_MspInit
 .text.main     0x0000000008002890       0xe8 Core/Src/main.o
                0x0000000008002890                main
 .text.SystemClock_Config
                0x0000000008002978       0xd4 Core/Src/main.o
                0x0000000008002978                SystemClock_Config
 .text.Error_Handler
                0x0000000008002a4c        0xe Core/Src/main.o
                0x0000000008002a4c                Error_Handler
 *fill*         0x0000000008002a5a        0x2 
 .text.MX_SPI1_Init
                0x0000000008002a5c       0x6c Core/Src/spi.o
                0x0000000008002a5c                MX_SPI1_Init
 .text.MX_SPI2_Init
                0x0000000008002ac8       0x6c Core/Src/spi.o
                0x0000000008002ac8                MX_SPI2_Init
 .text.HAL_SPI_MspInit
                0x0000000008002b34      0x28c Core/Src/spi.o
                0x0000000008002b34                HAL_SPI_MspInit
 .text.HAL_MspInit
                0x0000000008002dc0       0x50 Core/Src/stm32f4xx_hal_msp.o
                0x0000000008002dc0                HAL_MspInit
 .text.NMI_Handler
                0x0000000008002e10        0xe Core/Src/stm32f4xx_it.o
                0x0000000008002e10                NMI_Handler
 .text.HardFault_Handler
                0x0000000008002e1e        0x6 Core/Src/stm32f4xx_it.o
                0x0000000008002e1e                HardFault_Handler
 .text.MemManage_Handler
                0x0000000008002e24        0x6 Core/Src/stm32f4xx_it.o
                0x0000000008002e24                MemManage_Handler
 .text.BusFault_Handler
                0x0000000008002e2a        0x6 Core/Src/stm32f4xx_it.o
                0x0000000008002e2a                BusFault_Handler
 .text.UsageFault_Handler
                0x0000000008002e30        0x6 Core/Src/stm32f4xx_it.o
                0x0000000008002e30                UsageFault_Handler
 .text.SVC_Handler
                0x0000000008002e36        0xe Core/Src/stm32f4xx_it.o
                0x0000000008002e36                SVC_Handler
 .text.DebugMon_Handler
                0x0000000008002e44        0xe Core/Src/stm32f4xx_it.o
                0x0000000008002e44                DebugMon_Handler
 .text.PendSV_Handler
                0x0000000008002e52        0xe Core/Src/stm32f4xx_it.o
                0x0000000008002e52                PendSV_Handler
 .text.SysTick_Handler
                0x0000000008002e60        0xc Core/Src/stm32f4xx_it.o
                0x0000000008002e60                SysTick_Handler
 .text.DMA1_Stream0_IRQHandler
                0x0000000008002e6c       0x14 Core/Src/stm32f4xx_it.o
                0x0000000008002e6c                DMA1_Stream0_IRQHandler
 .text.DMA1_Stream3_IRQHandler
                0x0000000008002e80       0x14 Core/Src/stm32f4xx_it.o
                0x0000000008002e80                DMA1_Stream3_IRQHandler
 .text.DMA1_Stream4_IRQHandler
                0x0000000008002e94       0x14 Core/Src/stm32f4xx_it.o
                0x0000000008002e94                DMA1_Stream4_IRQHandler
 .text.DMA1_Stream6_IRQHandler
                0x0000000008002ea8       0x14 Core/Src/stm32f4xx_it.o
                0x0000000008002ea8                DMA1_Stream6_IRQHandler
 .text.DMA1_Stream7_IRQHandler
                0x0000000008002ebc       0x14 Core/Src/stm32f4xx_it.o
                0x0000000008002ebc                DMA1_Stream7_IRQHandler
 .text.DMA2_Stream0_IRQHandler
                0x0000000008002ed0       0x14 Core/Src/stm32f4xx_it.o
                0x0000000008002ed0                DMA2_Stream0_IRQHandler
 .text.DMA2_Stream2_IRQHandler
                0x0000000008002ee4       0x14 Core/Src/stm32f4xx_it.o
                0x0000000008002ee4                DMA2_Stream2_IRQHandler
 .text.DMA2_Stream3_IRQHandler
                0x0000000008002ef8       0x14 Core/Src/stm32f4xx_it.o
                0x0000000008002ef8                DMA2_Stream3_IRQHandler
 .text.DMA2_Stream6_IRQHandler
                0x0000000008002f0c       0x14 Core/Src/stm32f4xx_it.o
                0x0000000008002f0c                DMA2_Stream6_IRQHandler
 .text._sbrk    0x0000000008002f20       0x6c Core/Src/sysmem.o
                0x0000000008002f20                _sbrk
 .text.SystemInit
                0x0000000008002f8c       0x2c Core/Src/system_stm32f4xx.o
                0x0000000008002f8c                SystemInit
 .text.MX_TIM1_Init
                0x0000000008002fb8      0x188 Core/Src/tim.o
                0x0000000008002fb8                MX_TIM1_Init
 .text.HAL_TIM_Base_MspInit
                0x0000000008003140       0x44 Core/Src/tim.o
                0x0000000008003140                HAL_TIM_Base_MspInit
 .text.HAL_TIM_MspPostInit
                0x0000000008003184       0x74 Core/Src/tim.o
                0x0000000008003184                HAL_TIM_MspPostInit
 .text.MX_USART2_UART_Init
                0x00000000080031f8       0x54 Core/Src/usart.o
                0x00000000080031f8                MX_USART2_UART_Init
 .text.MX_USART3_UART_Init
                0x000000000800324c       0x54 Core/Src/usart.o
                0x000000000800324c                MX_USART3_UART_Init
 .text.MX_USART6_UART_Init
                0x00000000080032a0       0x54 Core/Src/usart.o
                0x00000000080032a0                MX_USART6_UART_Init
 .text.HAL_UART_MspInit
                0x00000000080032f4      0x230 Core/Src/usart.o
                0x00000000080032f4                HAL_UART_MspInit
 .text.Reset_Handler
                0x0000000008003524       0x50 Core/Startup/startup_stm32f405rgtx.o
                0x0000000008003524                Reset_Handler
 .text.Default_Handler
                0x0000000008003574        0x2 Core/Startup/startup_stm32f405rgtx.o
                0x0000000008003574                RTC_Alarm_IRQHandler
                0x0000000008003574                HASH_RNG_IRQHandler
                0x0000000008003574                EXTI2_IRQHandler
                0x0000000008003574                TIM8_CC_IRQHandler
                0x0000000008003574                TIM1_CC_IRQHandler
                0x0000000008003574                DMA2_Stream5_IRQHandler
                0x0000000008003574                DMA1_Stream5_IRQHandler
                0x0000000008003574                PVD_IRQHandler
                0x0000000008003574                SDIO_IRQHandler
                0x0000000008003574                TAMP_STAMP_IRQHandler
                0x0000000008003574                CAN2_RX1_IRQHandler
                0x0000000008003574                EXTI3_IRQHandler
                0x0000000008003574                TIM8_TRG_COM_TIM14_IRQHandler
                0x0000000008003574                TIM1_UP_TIM10_IRQHandler
                0x0000000008003574                TIM8_UP_TIM13_IRQHandler
                0x0000000008003574                I2C3_ER_IRQHandler
                0x0000000008003574                EXTI0_IRQHandler
                0x0000000008003574                I2C2_EV_IRQHandler
                0x0000000008003574                DMA1_Stream2_IRQHandler
                0x0000000008003574                CAN1_RX0_IRQHandler
                0x0000000008003574                FPU_IRQHandler
                0x0000000008003574                OTG_HS_WKUP_IRQHandler
                0x0000000008003574                CAN2_SCE_IRQHandler
                0x0000000008003574                SPI1_IRQHandler
                0x0000000008003574                TIM6_DAC_IRQHandler
                0x0000000008003574                TIM1_BRK_TIM9_IRQHandler
                0x0000000008003574                CAN2_RX0_IRQHandler
                0x0000000008003574                USART6_IRQHandler
                0x0000000008003574                USART3_IRQHandler
                0x0000000008003574                CAN1_RX1_IRQHandler
                0x0000000008003574                UART5_IRQHandler
                0x0000000008003574                TIM4_IRQHandler
                0x0000000008003574                I2C1_EV_IRQHandler
                0x0000000008003574                DMA1_Stream1_IRQHandler
                0x0000000008003574                UART4_IRQHandler
                0x0000000008003574                TIM3_IRQHandler
                0x0000000008003574                RCC_IRQHandler
                0x0000000008003574                TIM8_BRK_TIM12_IRQHandler
                0x0000000008003574                Default_Handler
                0x0000000008003574                EXTI15_10_IRQHandler
                0x0000000008003574                ADC_IRQHandler
                0x0000000008003574                TIM7_IRQHandler
                0x0000000008003574                CAN2_TX_IRQHandler
                0x0000000008003574                TIM5_IRQHandler
                0x0000000008003574                DMA2_Stream7_IRQHandler
                0x0000000008003574                I2C3_EV_IRQHandler
                0x0000000008003574                EXTI9_5_IRQHandler
                0x0000000008003574                RTC_WKUP_IRQHandler
                0x0000000008003574                SPI2_IRQHandler
                0x0000000008003574                OTG_HS_EP1_IN_IRQHandler
                0x0000000008003574                CAN1_TX_IRQHandler
                0x0000000008003574                EXTI4_IRQHandler
                0x0000000008003574                FSMC_IRQHandler
                0x0000000008003574                OTG_HS_EP1_OUT_IRQHandler
                0x0000000008003574                WWDG_IRQHandler
                0x0000000008003574                TIM2_IRQHandler
                0x0000000008003574                OTG_FS_WKUP_IRQHandler
                0x0000000008003574                TIM1_TRG_COM_TIM11_IRQHandler
                0x0000000008003574                OTG_HS_IRQHandler
                0x0000000008003574                EXTI1_IRQHandler
                0x0000000008003574                USART2_IRQHandler
                0x0000000008003574                I2C2_ER_IRQHandler
                0x0000000008003574                DMA2_Stream1_IRQHandler
                0x0000000008003574                CAN1_SCE_IRQHandler
                0x0000000008003574                FLASH_IRQHandler
                0x0000000008003574                DMA2_Stream4_IRQHandler
                0x0000000008003574                USART1_IRQHandler
                0x0000000008003574                OTG_FS_IRQHandler
                0x0000000008003574                SPI3_IRQHandler
                0x0000000008003574                I2C1_ER_IRQHandler
 *fill*         0x0000000008003576        0x2 
 .text.HAL_Init
                0x0000000008003578       0x44 Drivers/STM32F4xx_HAL_Driver/Src/stm32f4xx_hal.o
                0x0000000008003578                HAL_Init
 .text.HAL_InitTick
                0x00000000080035bc       0x60 Drivers/STM32F4xx_HAL_Driver/Src/stm32f4xx_hal.o
                0x00000000080035bc                HAL_InitTick
 .text.HAL_IncTick
                0x000000000800361c       0x28 Drivers/STM32F4xx_HAL_Driver/Src/stm32f4xx_hal.o
                0x000000000800361c                HAL_IncTick
 .text.HAL_GetTick
                0x0000000008003644       0x18 Drivers/STM32F4xx_HAL_Driver/Src/stm32f4xx_hal.o
                0x0000000008003644                HAL_GetTick
 .text.HAL_Delay
                0x000000000800365c       0x44 Drivers/STM32F4xx_HAL_Driver/Src/stm32f4xx_hal.o
                0x000000000800365c                HAL_Delay
 .text.HAL_ADC_Init
                0x00000000080036a0       0x86 Drivers/STM32F4xx_HAL_Driver/Src/stm32f4xx_hal_adc.o
                0x00000000080036a0                HAL_ADC_Init
 *fill*         0x0000000008003726        0x2 
 .text.HAL_ADC_ConfigChannel
                0x0000000008003728      0x244 Drivers/STM32F4xx_HAL_Driver/Src/stm32f4xx_hal_adc.o
                0x0000000008003728                HAL_ADC_ConfigChannel
 .text.ADC_Init
                0x000000000800396c      0x1f8 Drivers/STM32F4xx_HAL_Driver/Src/stm32f4xx_hal_adc.o
 .text.__NVIC_SetPriorityGrouping
                0x0000000008003b64       0x48 Drivers/STM32F4xx_HAL_Driver/Src/stm32f4xx_hal_cortex.o
 .text.__NVIC_GetPriorityGrouping
                0x0000000008003bac       0x1c Drivers/STM32F4xx_HAL_Driver/Src/stm32f4xx_hal_cortex.o
 .text.__NVIC_EnableIRQ
                0x0000000008003bc8       0x3c Drivers/STM32F4xx_HAL_Driver/Src/stm32f4xx_hal_cortex.o
 .text.__NVIC_SetPriority
                0x0000000008003c04       0x54 Drivers/STM32F4xx_HAL_Driver/Src/stm32f4xx_hal_cortex.o
 .text.NVIC_EncodePriority
                0x0000000008003c58       0x66 Drivers/STM32F4xx_HAL_Driver/Src/stm32f4xx_hal_cortex.o
 *fill*         0x0000000008003cbe        0x2 
 .text.SysTick_Config
                0x0000000008003cc0       0x44 Drivers/STM32F4xx_HAL_Driver/Src/stm32f4xx_hal_cortex.o
 .text.HAL_NVIC_SetPriorityGrouping
                0x0000000008003d04       0x16 Drivers/STM32F4xx_HAL_Driver/Src/stm32f4xx_hal_cortex.o
                0x0000000008003d04                HAL_NVIC_SetPriorityGrouping
 .text.HAL_NVIC_SetPriority
                0x0000000008003d1a       0x38 Drivers/STM32F4xx_HAL_Driver/Src/stm32f4xx_hal_cortex.o
                0x0000000008003d1a                HAL_NVIC_SetPriority
 .text.HAL_NVIC_EnableIRQ
                0x0000000008003d52       0x1c Drivers/STM32F4xx_HAL_Driver/Src/stm32f4xx_hal_cortex.o
                0x0000000008003d52                HAL_NVIC_EnableIRQ
 .text.HAL_SYSTICK_Config
                0x0000000008003d6e       0x18 Drivers/STM32F4xx_HAL_Driver/Src/stm32f4xx_hal_cortex.o
                0x0000000008003d6e                HAL_SYSTICK_Config
 *fill*         0x0000000008003d86        0x2 
 .text.HAL_DMA_Init
                0x0000000008003d88      0x15c Drivers/STM32F4xx_HAL_Driver/Src/stm32f4xx_hal_dma.o
                0x0000000008003d88                HAL_DMA_Init
 .text.HAL_DMA_IRQHandler
                0x0000000008003ee4      0x314 Drivers/STM32F4xx_HAL_Driver/Src/stm32f4xx_hal_dma.o
                0x0000000008003ee4                HAL_DMA_IRQHandler
 .text.DMA_CalcBaseAndBitshift
                0x00000000080041f8       0x6c Drivers/STM32F4xx_HAL_Driver/Src/stm32f4xx_hal_dma.o
 .text.DMA_CheckFifoParam
                0x0000000008004264       0xf4 Drivers/STM32F4xx_HAL_Driver/Src/stm32f4xx_hal_dma.o
 .text.HAL_GPIO_Init
                0x0000000008004358      0x334 Drivers/STM32F4xx_HAL_Driver/Src/stm32f4xx_hal_gpio.o
                0x0000000008004358                HAL_GPIO_Init
 .text.HAL_GPIO_WritePin
                0x000000000800468c       0x32 Drivers/STM32F4xx_HAL_Driver/Src/stm32f4xx_hal_gpio.o
                0x000000000800468c                HAL_GPIO_WritePin
 *fill*         0x00000000080046be        0x2 
 .text.HAL_I2C_Init
                0x00000000080046c0      0x270 Drivers/STM32F4xx_HAL_Driver/Src/stm32f4xx_hal_i2c.o
                0x00000000080046c0                HAL_I2C_Init
 .text.HAL_RCC_OscConfig
                0x0000000008004930      0x4e0 Drivers/STM32F4xx_HAL_Driver/Src/stm32f4xx_hal_rcc.o
                0x0000000008004930                HAL_RCC_OscConfig
 .text.HAL_RCC_ClockConfig
                0x0000000008004e10      0x1cc Drivers/STM32F4xx_HAL_Driver/Src/stm32f4xx_hal_rcc.o
                0x0000000008004e10                HAL_RCC_ClockConfig
 .text.HAL_RCC_GetSysClockFreq
                0x0000000008004fdc      0x164 Drivers/STM32F4xx_HAL_Driver/Src/stm32f4xx_hal_rcc.o
                0x0000000008004fdc                HAL_RCC_GetSysClockFreq
 .text.HAL_RCC_GetHCLKFreq
                0x0000000008005140       0x18 Drivers/STM32F4xx_HAL_Driver/Src/stm32f4xx_hal_rcc.o
                0x0000000008005140                HAL_RCC_GetHCLKFreq
 .text.HAL_RCC_GetPCLK1Freq
                0x0000000008005158       0x28 Drivers/STM32F4xx_HAL_Driver/Src/stm32f4xx_hal_rcc.o
                0x0000000008005158                HAL_RCC_GetPCLK1Freq
 .text.HAL_RCC_GetPCLK2Freq
                0x0000000008005180       0x28 Drivers/STM32F4xx_HAL_Driver/Src/stm32f4xx_hal_rcc.o
                0x0000000008005180                HAL_RCC_GetPCLK2Freq
 .text.HAL_SPI_Init
                0x00000000080051a8       0xc8 Drivers/STM32F4xx_HAL_Driver/Src/stm32f4xx_hal_spi.o
                0x00000000080051a8                HAL_SPI_Init
 .text.HAL_SPI_Transmit
                0x0000000008005270      0x268 Drivers/STM32F4xx_HAL_Driver/Src/stm32f4xx_hal_spi.o
                0x0000000008005270                HAL_SPI_Transmit
 .text.HAL_SPI_TransmitReceive
                0x00000000080054d8      0x344 Drivers/STM32F4xx_HAL_Driver/Src/stm32f4xx_hal_spi.o
                0x00000000080054d8                HAL_SPI_TransmitReceive
 .text.SPI_WaitFlagStateUntilTimeout
                0x000000000800581c       0xd4 Drivers/STM32F4xx_HAL_Driver/Src/stm32f4xx_hal_spi.o
 .text.SPI_EndRxTxTransaction
                0x00000000080058f0       0x84 Drivers/STM32F4xx_HAL_Driver/Src/stm32f4xx_hal_spi.o
 .text.HAL_TIM_Base_Init
                0x0000000008005974       0x56 Drivers/STM32F4xx_HAL_Driver/Src/stm32f4xx_hal_tim.o
                0x0000000008005974                HAL_TIM_Base_Init
 .text.HAL_TIM_Base_Start_IT
                0x00000000080059ca       0x48 Drivers/STM32F4xx_HAL_Driver/Src/stm32f4xx_hal_tim.o
                0x00000000080059ca                HAL_TIM_Base_Start_IT
 .text.HAL_TIM_OC_Init
                0x0000000008005a12       0x56 Drivers/STM32F4xx_HAL_Driver/Src/stm32f4xx_hal_tim.o
                0x0000000008005a12                HAL_TIM_OC_Init
 .text.HAL_TIM_OC_MspInit
                0x0000000008005a68       0x14 Drivers/STM32F4xx_HAL_Driver/Src/stm32f4xx_hal_tim.o
                0x0000000008005a68                HAL_TIM_OC_MspInit
 .text.HAL_TIM_OC_ConfigChannel
                0x0000000008005a7c       0xc0 Drivers/STM32F4xx_HAL_Driver/Src/stm32f4xx_hal_tim.o
                0x0000000008005a7c                HAL_TIM_OC_ConfigChannel
 .text.HAL_TIM_ConfigClockSource
                0x0000000008005b3c      0x16e Drivers/STM32F4xx_HAL_Driver/Src/stm32f4xx_hal_tim.o
                0x0000000008005b3c                HAL_TIM_ConfigClockSource
 *fill*         0x0000000008005caa        0x2 
 .text.TIM_Base_SetConfig
                0x0000000008005cac      0x140 Drivers/STM32F4xx_HAL_Driver/Src/stm32f4xx_hal_tim.o
                0x0000000008005cac                TIM_Base_SetConfig
 .text.TIM_OC1_SetConfig
                0x0000000008005dec       0xe0 Drivers/STM32F4xx_HAL_Driver/Src/stm32f4xx_hal_tim.o
 .text.TIM_OC2_SetConfig
                0x0000000008005ecc       0xec Drivers/STM32F4xx_HAL_Driver/Src/stm32f4xx_hal_tim.o
                0x0000000008005ecc                TIM_OC2_SetConfig
 .text.TIM_OC3_SetConfig
                0x0000000008005fb8       0xe8 Drivers/STM32F4xx_HAL_Driver/Src/stm32f4xx_hal_tim.o
 .text.TIM_OC4_SetConfig
                0x00000000080060a0       0xac Drivers/STM32F4xx_HAL_Driver/Src/stm32f4xx_hal_tim.o
 .text.TIM_TI1_ConfigInputStage
                0x000000000800614c       0x5e Drivers/STM32F4xx_HAL_Driver/Src/stm32f4xx_hal_tim.o
 .text.TIM_TI2_ConfigInputStage
                0x00000000080061aa       0x60 Drivers/STM32F4xx_HAL_Driver/Src/stm32f4xx_hal_tim.o
 .text.TIM_ITRx_SetConfig
                0x000000000800620a       0x36 Drivers/STM32F4xx_HAL_Driver/Src/stm32f4xx_hal_tim.o
 .text.TIM_ETR_SetConfig
                0x0000000008006240       0x40 Drivers/STM32F4xx_HAL_Driver/Src/stm32f4xx_hal_tim.o
                0x0000000008006240                TIM_ETR_SetConfig
 .text.HAL_TIMEx_MasterConfigSynchronization
                0x0000000008006280       0xf8 Drivers/STM32F4xx_HAL_Driver/Src/stm32f4xx_hal_tim_ex.o
                0x0000000008006280                HAL_TIMEx_MasterConfigSynchronization
 .text.HAL_TIMEx_ConfigBreakDeadTime
                0x0000000008006378       0xa4 Drivers/STM32F4xx_HAL_Driver/Src/stm32f4xx_hal_tim_ex.o
                0x0000000008006378                HAL_TIMEx_ConfigBreakDeadTime
 .text.HAL_UART_Init
                0x000000000800641c       0x9a Drivers/STM32F4xx_HAL_Driver/Src/stm32f4xx_hal_uart.o
                0x000000000800641c                HAL_UART_Init
 .text.HAL_UART_Transmit
                0x00000000080064b6      0x132 Drivers/STM32F4xx_HAL_Driver/Src/stm32f4xx_hal_uart.o
                0x00000000080064b6                HAL_UART_Transmit
 .text.HAL_UART_Receive
                0x00000000080065e8      0x14c Drivers/STM32F4xx_HAL_Driver/Src/stm32f4xx_hal_uart.o
                0x00000000080065e8                HAL_UART_Receive
 .text.UART_WaitOnFlagUntilTimeout
                0x0000000008006734       0x94 Drivers/STM32F4xx_HAL_Driver/Src/stm32f4xx_hal_uart.o
 .text.UART_SetConfig
                0x00000000080067c8      0x6f8 Drivers/STM32F4xx_HAL_Driver/Src/stm32f4xx_hal_uart.o
 .text.FILTER_init
                0x0000000008006ec0       0x46 Drivers/Src/Filters.o
                0x0000000008006ec0                FILTER_init
 .text.FILTER_process
                0x0000000008006f06       0xce Drivers/Src/Filters.o
                0x0000000008006f06                FILTER_process
 .text.LED_SEQUENCE_init
                0x0000000008006fd4       0x5a Drivers/Src/Sequence_led.o
                0x0000000008006fd4                LED_SEQUENCE_init
 *fill*         0x000000000800702e        0x2 
 .text.LED_SEQUENCE_play
                0x0000000008007030       0xa8 Drivers/Src/Sequence_led.o
                0x0000000008007030                LED_SEQUENCE_play
 .text.__errno  0x00000000080070d8        0xc d:/programme/stm32_cube_ide/stm32cubeide_1.4.0/stm32cubeide/plugins/com.st.stm32cube.ide.mcu.externaltools.gnu-tools-for-stm32.7-2018-q2-update.win32_1.4.0.202007081208/tools/bin/../lib/gcc/arm-none-eabi/7.3.1/../../../../arm-none-eabi/lib/thumb/v7e-m/fpv4-sp/hard\libc_nano.a(lib_a-errno.o)
                0x00000000080070d8                __errno
 .text.__libc_init_array
                0x00000000080070e4       0x48 d:/programme/stm32_cube_ide/stm32cubeide_1.4.0/stm32cubeide/plugins/com.st.stm32cube.ide.mcu.externaltools.gnu-tools-for-stm32.7-2018-q2-update.win32_1.4.0.202007081208/tools/bin/../lib/gcc/arm-none-eabi/7.3.1/../../../../arm-none-eabi/lib/thumb/v7e-m/fpv4-sp/hard\libc_nano.a(lib_a-init.o)
                0x00000000080070e4                __libc_init_array
 .text.memmove  0x000000000800712c       0x32 d:/programme/stm32_cube_ide/stm32cubeide_1.4.0/stm32cubeide/plugins/com.st.stm32cube.ide.mcu.externaltools.gnu-tools-for-stm32.7-2018-q2-update.win32_1.4.0.202007081208/tools/bin/../lib/gcc/arm-none-eabi/7.3.1/../../../../arm-none-eabi/lib/thumb/v7e-m/fpv4-sp/hard\libc_nano.a(lib_a-memmove.o)
                0x000000000800712c                memmove
 .text.memset   0x000000000800715e       0x10 d:/programme/stm32_cube_ide/stm32cubeide_1.4.0/stm32cubeide/plugins/com.st.stm32cube.ide.mcu.externaltools.gnu-tools-for-stm32.7-2018-q2-update.win32_1.4.0.202007081208/tools/bin/../lib/gcc/arm-none-eabi/7.3.1/../../../../arm-none-eabi/lib/thumb/v7e-m/fpv4-sp/hard\libc_nano.a(lib_a-memset.o)
                0x000000000800715e                memset
 .text.__cvt    0x000000000800716e       0xc2 d:/programme/stm32_cube_ide/stm32cubeide_1.4.0/stm32cubeide/plugins/com.st.stm32cube.ide.mcu.externaltools.gnu-tools-for-stm32.7-2018-q2-update.win32_1.4.0.202007081208/tools/bin/../lib/gcc/arm-none-eabi/7.3.1/../../../../arm-none-eabi/lib/thumb/v7e-m/fpv4-sp/hard\libc_nano.a(lib_a-nano-vfprintf_float.o)
                0x000000000800716e                __cvt
 .text.__exponent
                0x0000000008007230       0x66 d:/programme/stm32_cube_ide/stm32cubeide_1.4.0/stm32cubeide/plugins/com.st.stm32cube.ide.mcu.externaltools.gnu-tools-for-stm32.7-2018-q2-update.win32_1.4.0.202007081208/tools/bin/../lib/gcc/arm-none-eabi/7.3.1/../../../../arm-none-eabi/lib/thumb/v7e-m/fpv4-sp/hard\libc_nano.a(lib_a-nano-vfprintf_float.o)
                0x0000000008007230                __exponent
 *fill*         0x0000000008007296        0x2 
 .text._printf_float
                0x0000000008007298      0x480 d:/programme/stm32_cube_ide/stm32cubeide_1.4.0/stm32cubeide/plugins/com.st.stm32cube.ide.mcu.externaltools.gnu-tools-for-stm32.7-2018-q2-update.win32_1.4.0.202007081208/tools/bin/../lib/gcc/arm-none-eabi/7.3.1/../../../../arm-none-eabi/lib/thumb/v7e-m/fpv4-sp/hard\libc_nano.a(lib_a-nano-vfprintf_float.o)
                0x0000000008007298                _printf_float
 .text._printf_common
                0x0000000008007718       0xea d:/programme/stm32_cube_ide/stm32cubeide_1.4.0/stm32cubeide/plugins/com.st.stm32cube.ide.mcu.externaltools.gnu-tools-for-stm32.7-2018-q2-update.win32_1.4.0.202007081208/tools/bin/../lib/gcc/arm-none-eabi/7.3.1/../../../../arm-none-eabi/lib/thumb/v7e-m/fpv4-sp/hard\libc_nano.a(lib_a-nano-vfprintf_i.o)
                0x0000000008007718                _printf_common
 *fill*         0x0000000008007802        0x2 
 .text._printf_i
                0x0000000008007804      0x224 d:/programme/stm32_cube_ide/stm32cubeide_1.4.0/stm32cubeide/plugins/com.st.stm32cube.ide.mcu.externaltools.gnu-tools-for-stm32.7-2018-q2-update.win32_1.4.0.202007081208/tools/bin/../lib/gcc/arm-none-eabi/7.3.1/../../../../arm-none-eabi/lib/thumb/v7e-m/fpv4-sp/hard\libc_nano.a(lib_a-nano-vfprintf_i.o)
                0x0000000008007804                _printf_i
 .text.printf   0x0000000008007a28       0x30 d:/programme/stm32_cube_ide/stm32cubeide_1.4.0/stm32cubeide/plugins/com.st.stm32cube.ide.mcu.externaltools.gnu-tools-for-stm32.7-2018-q2-update.win32_1.4.0.202007081208/tools/bin/../lib/gcc/arm-none-eabi/7.3.1/../../../../arm-none-eabi/lib/thumb/v7e-m/fpv4-sp/hard\libc_nano.a(lib_a-printf.o)
                0x0000000008007a28                iprintf
                0x0000000008007a28                printf
 .text._puts_r  0x0000000008007a58       0xb8 d:/programme/stm32_cube_ide/stm32cubeide_1.4.0/stm32cubeide/plugins/com.st.stm32cube.ide.mcu.externaltools.gnu-tools-for-stm32.7-2018-q2-update.win32_1.4.0.202007081208/tools/bin/../lib/gcc/arm-none-eabi/7.3.1/../../../../arm-none-eabi/lib/thumb/v7e-m/fpv4-sp/hard\libc_nano.a(lib_a-puts.o)
                0x0000000008007a58                _puts_r
 .text.puts     0x0000000008007b10       0x10 d:/programme/stm32_cube_ide/stm32cubeide_1.4.0/stm32cubeide/plugins/com.st.stm32cube.ide.mcu.externaltools.gnu-tools-for-stm32.7-2018-q2-update.win32_1.4.0.202007081208/tools/bin/../lib/gcc/arm-none-eabi/7.3.1/../../../../arm-none-eabi/lib/thumb/v7e-m/fpv4-sp/hard\libc_nano.a(lib_a-puts.o)
                0x0000000008007b10                puts
 .text.setvbuf  0x0000000008007b20      0x15c d:/programme/stm32_cube_ide/stm32cubeide_1.4.0/stm32cubeide/plugins/com.st.stm32cube.ide.mcu.externaltools.gnu-tools-for-stm32.7-2018-q2-update.win32_1.4.0.202007081208/tools/bin/../lib/gcc/arm-none-eabi/7.3.1/../../../../arm-none-eabi/lib/thumb/v7e-m/fpv4-sp/hard\libc_nano.a(lib_a-setvbuf.o)
                0x0000000008007b20                setvbuf
 .text.__swbuf_r
                0x0000000008007c7c       0xa4 d:/programme/stm32_cube_ide/stm32cubeide_1.4.0/stm32cubeide/plugins/com.st.stm32cube.ide.mcu.externaltools.gnu-tools-for-stm32.7-2018-q2-update.win32_1.4.0.202007081208/tools/bin/../lib/gcc/arm-none-eabi/7.3.1/../../../../arm-none-eabi/lib/thumb/v7e-m/fpv4-sp/hard\libc_nano.a(lib_a-wbuf.o)
                0x0000000008007c7c                __swbuf_r
 .text.__swsetup_r
                0x0000000008007d20       0xdc d:/programme/stm32_cube_ide/stm32cubeide_1.4.0/stm32cubeide/plugins/com.st.stm32cube.ide.mcu.externaltools.gnu-tools-for-stm32.7-2018-q2-update.win32_1.4.0.202007081208/tools/bin/../lib/gcc/arm-none-eabi/7.3.1/../../../../arm-none-eabi/lib/thumb/v7e-m/fpv4-sp/hard\libc_nano.a(lib_a-wsetup.o)
                0x0000000008007d20                __swsetup_r
 .text.quorem   0x0000000008007dfc      0x118 d:/programme/stm32_cube_ide/stm32cubeide_1.4.0/stm32cubeide/plugins/com.st.stm32cube.ide.mcu.externaltools.gnu-tools-for-stm32.7-2018-q2-update.win32_1.4.0.202007081208/tools/bin/../lib/gcc/arm-none-eabi/7.3.1/../../../../arm-none-eabi/lib/thumb/v7e-m/fpv4-sp/hard\libc_nano.a(lib_a-dtoa.o)
 *fill*         0x0000000008007f14        0x4 
 .text._dtoa_r  0x0000000008007f18      0xb70 d:/programme/stm32_cube_ide/stm32cubeide_1.4.0/stm32cubeide/plugins/com.st.stm32cube.ide.mcu.externaltools.gnu-tools-for-stm32.7-2018-q2-update.win32_1.4.0.202007081208/tools/bin/../lib/gcc/arm-none-eabi/7.3.1/../../../../arm-none-eabi/lib/thumb/v7e-m/fpv4-sp/hard\libc_nano.a(lib_a-dtoa.o)
                0x0000000008007f18                _dtoa_r
 .text.__sflush_r
                0x0000000008008a88      0x10c d:/programme/stm32_cube_ide/stm32cubeide_1.4.0/stm32cubeide/plugins/com.st.stm32cube.ide.mcu.externaltools.gnu-tools-for-stm32.7-2018-q2-update.win32_1.4.0.202007081208/tools/bin/../lib/gcc/arm-none-eabi/7.3.1/../../../../arm-none-eabi/lib/thumb/v7e-m/fpv4-sp/hard\libc_nano.a(lib_a-fflush.o)
                0x0000000008008a88                __sflush_r
 .text._fflush_r
                0x0000000008008b94       0x54 d:/programme/stm32_cube_ide/stm32cubeide_1.4.0/stm32cubeide/plugins/com.st.stm32cube.ide.mcu.externaltools.gnu-tools-for-stm32.7-2018-q2-update.win32_1.4.0.202007081208/tools/bin/../lib/gcc/arm-none-eabi/7.3.1/../../../../arm-none-eabi/lib/thumb/v7e-m/fpv4-sp/hard\libc_nano.a(lib_a-fflush.o)
                0x0000000008008b94                _fflush_r
 .text.std      0x0000000008008be8       0x48 d:/programme/stm32_cube_ide/stm32cubeide_1.4.0/stm32cubeide/plugins/com.st.stm32cube.ide.mcu.externaltools.gnu-tools-for-stm32.7-2018-q2-update.win32_1.4.0.202007081208/tools/bin/../lib/gcc/arm-none-eabi/7.3.1/../../../../arm-none-eabi/lib/thumb/v7e-m/fpv4-sp/hard\libc_nano.a(lib_a-findfp.o)
 .text._cleanup_r
                0x0000000008008c30        0xc d:/programme/stm32_cube_ide/stm32cubeide_1.4.0/stm32cubeide/plugins/com.st.stm32cube.ide.mcu.externaltools.gnu-tools-for-stm32.7-2018-q2-update.win32_1.4.0.202007081208/tools/bin/../lib/gcc/arm-none-eabi/7.3.1/../../../../arm-none-eabi/lib/thumb/v7e-m/fpv4-sp/hard\libc_nano.a(lib_a-findfp.o)
                0x0000000008008c30                _cleanup_r
 .text.__sfmoreglue
                0x0000000008008c3c       0x2c d:/programme/stm32_cube_ide/stm32cubeide_1.4.0/stm32cubeide/plugins/com.st.stm32cube.ide.mcu.externaltools.gnu-tools-for-stm32.7-2018-q2-update.win32_1.4.0.202007081208/tools/bin/../lib/gcc/arm-none-eabi/7.3.1/../../../../arm-none-eabi/lib/thumb/v7e-m/fpv4-sp/hard\libc_nano.a(lib_a-findfp.o)
                0x0000000008008c3c                __sfmoreglue
 .text.__sinit  0x0000000008008c68       0x60 d:/programme/stm32_cube_ide/stm32cubeide_1.4.0/stm32cubeide/plugins/com.st.stm32cube.ide.mcu.externaltools.gnu-tools-for-stm32.7-2018-q2-update.win32_1.4.0.202007081208/tools/bin/../lib/gcc/arm-none-eabi/7.3.1/../../../../arm-none-eabi/lib/thumb/v7e-m/fpv4-sp/hard\libc_nano.a(lib_a-findfp.o)
                0x0000000008008c68                __sinit
 .text.__sfp    0x0000000008008cc8       0x78 d:/programme/stm32_cube_ide/stm32cubeide_1.4.0/stm32cubeide/plugins/com.st.stm32cube.ide.mcu.externaltools.gnu-tools-for-stm32.7-2018-q2-update.win32_1.4.0.202007081208/tools/bin/../lib/gcc/arm-none-eabi/7.3.1/../../../../arm-none-eabi/lib/thumb/v7e-m/fpv4-sp/hard\libc_nano.a(lib_a-findfp.o)
                0x0000000008008cc8                __sfp
 .text._fwalk_reent
                0x0000000008008d40       0x3c d:/programme/stm32_cube_ide/stm32cubeide_1.4.0/stm32cubeide/plugins/com.st.stm32cube.ide.mcu.externaltools.gnu-tools-for-stm32.7-2018-q2-update.win32_1.4.0.202007081208/tools/bin/../lib/gcc/arm-none-eabi/7.3.1/../../../../arm-none-eabi/lib/thumb/v7e-m/fpv4-sp/hard\libc_nano.a(lib_a-fwalk.o)
                0x0000000008008d40                _fwalk_reent
 .text._localeconv_r
                0x0000000008008d7c       0x1c d:/programme/stm32_cube_ide/stm32cubeide_1.4.0/stm32cubeide/plugins/com.st.stm32cube.ide.mcu.externaltools.gnu-tools-for-stm32.7-2018-q2-update.win32_1.4.0.202007081208/tools/bin/../lib/gcc/arm-none-eabi/7.3.1/../../../../arm-none-eabi/lib/thumb/v7e-m/fpv4-sp/hard\libc_nano.a(lib_a-localeconv.o)
                0x0000000008008d7c                _localeconv_r
 .text.__swhatbuf_r
                0x0000000008008d98       0x48 d:/programme/stm32_cube_ide/stm32cubeide_1.4.0/stm32cubeide/plugins/com.st.stm32cube.ide.mcu.externaltools.gnu-tools-for-stm32.7-2018-q2-update.win32_1.4.0.202007081208/tools/bin/../lib/gcc/arm-none-eabi/7.3.1/../../../../arm-none-eabi/lib/thumb/v7e-m/fpv4-sp/hard\libc_nano.a(lib_a-makebuf.o)
                0x0000000008008d98                __swhatbuf_r
 .text.__smakebuf_r
                0x0000000008008de0       0x80 d:/programme/stm32_cube_ide/stm32cubeide_1.4.0/stm32cubeide/plugins/com.st.stm32cube.ide.mcu.externaltools.gnu-tools-for-stm32.7-2018-q2-update.win32_1.4.0.202007081208/tools/bin/../lib/gcc/arm-none-eabi/7.3.1/../../../../arm-none-eabi/lib/thumb/v7e-m/fpv4-sp/hard\libc_nano.a(lib_a-makebuf.o)
                0x0000000008008de0                __smakebuf_r
 .text.malloc   0x0000000008008e60       0x10 d:/programme/stm32_cube_ide/stm32cubeide_1.4.0/stm32cubeide/plugins/com.st.stm32cube.ide.mcu.externaltools.gnu-tools-for-stm32.7-2018-q2-update.win32_1.4.0.202007081208/tools/bin/../lib/gcc/arm-none-eabi/7.3.1/../../../../arm-none-eabi/lib/thumb/v7e-m/fpv4-sp/hard\libc_nano.a(lib_a-malloc.o)
                0x0000000008008e60                malloc
 .text.memcpy   0x0000000008008e70       0x16 d:/programme/stm32_cube_ide/stm32cubeide_1.4.0/stm32cubeide/plugins/com.st.stm32cube.ide.mcu.externaltools.gnu-tools-for-stm32.7-2018-q2-update.win32_1.4.0.202007081208/tools/bin/../lib/gcc/arm-none-eabi/7.3.1/../../../../arm-none-eabi/lib/thumb/v7e-m/fpv4-sp/hard\libc_nano.a(lib_a-memcpy-stub.o)
                0x0000000008008e70                memcpy
 .text._Balloc  0x0000000008008e86       0x68 d:/programme/stm32_cube_ide/stm32cubeide_1.4.0/stm32cubeide/plugins/com.st.stm32cube.ide.mcu.externaltools.gnu-tools-for-stm32.7-2018-q2-update.win32_1.4.0.202007081208/tools/bin/../lib/gcc/arm-none-eabi/7.3.1/../../../../arm-none-eabi/lib/thumb/v7e-m/fpv4-sp/hard\libc_nano.a(lib_a-mprec.o)
                0x0000000008008e86                _Balloc
 .text._Bfree   0x0000000008008eee       0x2e d:/programme/stm32_cube_ide/stm32cubeide_1.4.0/stm32cubeide/plugins/com.st.stm32cube.ide.mcu.externaltools.gnu-tools-for-stm32.7-2018-q2-update.win32_1.4.0.202007081208/tools/bin/../lib/gcc/arm-none-eabi/7.3.1/../../../../arm-none-eabi/lib/thumb/v7e-m/fpv4-sp/hard\libc_nano.a(lib_a-mprec.o)
                0x0000000008008eee                _Bfree
 .text.__multadd
                0x0000000008008f1c       0x76 d:/programme/stm32_cube_ide/stm32cubeide_1.4.0/stm32cubeide/plugins/com.st.stm32cube.ide.mcu.externaltools.gnu-tools-for-stm32.7-2018-q2-update.win32_1.4.0.202007081208/tools/bin/../lib/gcc/arm-none-eabi/7.3.1/../../../../arm-none-eabi/lib/thumb/v7e-m/fpv4-sp/hard\libc_nano.a(lib_a-mprec.o)
                0x0000000008008f1c                __multadd
 .text.__hi0bits
                0x0000000008008f92       0x3e d:/programme/stm32_cube_ide/stm32cubeide_1.4.0/stm32cubeide/plugins/com.st.stm32cube.ide.mcu.externaltools.gnu-tools-for-stm32.7-2018-q2-update.win32_1.4.0.202007081208/tools/bin/../lib/gcc/arm-none-eabi/7.3.1/../../../../arm-none-eabi/lib/thumb/v7e-m/fpv4-sp/hard\libc_nano.a(lib_a-mprec.o)
                0x0000000008008f92                __hi0bits
 .text.__lo0bits
                0x0000000008008fd0       0x5e d:/programme/stm32_cube_ide/stm32cubeide_1.4.0/stm32cubeide/plugins/com.st.stm32cube.ide.mcu.externaltools.gnu-tools-for-stm32.7-2018-q2-update.win32_1.4.0.202007081208/tools/bin/../lib/gcc/arm-none-eabi/7.3.1/../../../../arm-none-eabi/lib/thumb/v7e-m/fpv4-sp/hard\libc_nano.a(lib_a-mprec.o)
                0x0000000008008fd0                __lo0bits
 .text.__i2b    0x000000000800902e       0x12 d:/programme/stm32_cube_ide/stm32cubeide_1.4.0/stm32cubeide/plugins/com.st.stm32cube.ide.mcu.externaltools.gnu-tools-for-stm32.7-2018-q2-update.win32_1.4.0.202007081208/tools/bin/../lib/gcc/arm-none-eabi/7.3.1/../../../../arm-none-eabi/lib/thumb/v7e-m/fpv4-sp/hard\libc_nano.a(lib_a-mprec.o)
                0x000000000800902e                __i2b
 .text.__multiply
                0x0000000008009040      0x12c d:/programme/stm32_cube_ide/stm32cubeide_1.4.0/stm32cubeide/plugins/com.st.stm32cube.ide.mcu.externaltools.gnu-tools-for-stm32.7-2018-q2-update.win32_1.4.0.202007081208/tools/bin/../lib/gcc/arm-none-eabi/7.3.1/../../../../arm-none-eabi/lib/thumb/v7e-m/fpv4-sp/hard\libc_nano.a(lib_a-mprec.o)
                0x0000000008009040                __multiply
 .text.__pow5mult
                0x000000000800916c       0x9c d:/programme/stm32_cube_ide/stm32cubeide_1.4.0/stm32cubeide/plugins/com.st.stm32cube.ide.mcu.externaltools.gnu-tools-for-stm32.7-2018-q2-update.win32_1.4.0.202007081208/tools/bin/../lib/gcc/arm-none-eabi/7.3.1/../../../../arm-none-eabi/lib/thumb/v7e-m/fpv4-sp/hard\libc_nano.a(lib_a-mprec.o)
                0x000000000800916c                __pow5mult
 .text.__lshift
                0x0000000008009208       0xa8 d:/programme/stm32_cube_ide/stm32cubeide_1.4.0/stm32cubeide/plugins/com.st.stm32cube.ide.mcu.externaltools.gnu-tools-for-stm32.7-2018-q2-update.win32_1.4.0.202007081208/tools/bin/../lib/gcc/arm-none-eabi/7.3.1/../../../../arm-none-eabi/lib/thumb/v7e-m/fpv4-sp/hard\libc_nano.a(lib_a-mprec.o)
                0x0000000008009208                __lshift
 .text.__mcmp   0x00000000080092b0       0x34 d:/programme/stm32_cube_ide/stm32cubeide_1.4.0/stm32cubeide/plugins/com.st.stm32cube.ide.mcu.externaltools.gnu-tools-for-stm32.7-2018-q2-update.win32_1.4.0.202007081208/tools/bin/../lib/gcc/arm-none-eabi/7.3.1/../../../../arm-none-eabi/lib/thumb/v7e-m/fpv4-sp/hard\libc_nano.a(lib_a-mprec.o)
                0x00000000080092b0                __mcmp
 .text.__mdiff  0x00000000080092e4       0xba d:/programme/stm32_cube_ide/stm32cubeide_1.4.0/stm32cubeide/plugins/com.st.stm32cube.ide.mcu.externaltools.gnu-tools-for-stm32.7-2018-q2-update.win32_1.4.0.202007081208/tools/bin/../lib/gcc/arm-none-eabi/7.3.1/../../../../arm-none-eabi/lib/thumb/v7e-m/fpv4-sp/hard\libc_nano.a(lib_a-mprec.o)
                0x00000000080092e4                __mdiff
 .text.__d2b    0x000000000800939e       0x9e d:/programme/stm32_cube_ide/stm32cubeide_1.4.0/stm32cubeide/plugins/com.st.stm32cube.ide.mcu.externaltools.gnu-tools-for-stm32.7-2018-q2-update.win32_1.4.0.202007081208/tools/bin/../lib/gcc/arm-none-eabi/7.3.1/../../../../arm-none-eabi/lib/thumb/v7e-m/fpv4-sp/hard\libc_nano.a(lib_a-mprec.o)
                0x000000000800939e                __d2b
 .text._calloc_r
                0x000000000800943c       0x1c d:/programme/stm32_cube_ide/stm32cubeide_1.4.0/stm32cubeide/plugins/com.st.stm32cube.ide.mcu.externaltools.gnu-tools-for-stm32.7-2018-q2-update.win32_1.4.0.202007081208/tools/bin/../lib/gcc/arm-none-eabi/7.3.1/../../../../arm-none-eabi/lib/thumb/v7e-m/fpv4-sp/hard\libc_nano.a(lib_a-nano-callocr.o)
                0x000000000800943c                _calloc_r
 .text._free_r  0x0000000008009458       0x9c d:/programme/stm32_cube_ide/stm32cubeide_1.4.0/stm32cubeide/plugins/com.st.stm32cube.ide.mcu.externaltools.gnu-tools-for-stm32.7-2018-q2-update.win32_1.4.0.202007081208/tools/bin/../lib/gcc/arm-none-eabi/7.3.1/../../../../arm-none-eabi/lib/thumb/v7e-m/fpv4-sp/hard\libc_nano.a(lib_a-nano-freer.o)
                0x0000000008009458                _free_r
 .text._malloc_r
                0x00000000080094f4       0xb4 d:/programme/stm32_cube_ide/stm32cubeide_1.4.0/stm32cubeide/plugins/com.st.stm32cube.ide.mcu.externaltools.gnu-tools-for-stm32.7-2018-q2-update.win32_1.4.0.202007081208/tools/bin/../lib/gcc/arm-none-eabi/7.3.1/../../../../arm-none-eabi/lib/thumb/v7e-m/fpv4-sp/hard\libc_nano.a(lib_a-nano-mallocr.o)
                0x00000000080094f4                _malloc_r
 .text.__sfputc_r
                0x00000000080095a8       0x2e d:/programme/stm32_cube_ide/stm32cubeide_1.4.0/stm32cubeide/plugins/com.st.stm32cube.ide.mcu.externaltools.gnu-tools-for-stm32.7-2018-q2-update.win32_1.4.0.202007081208/tools/bin/../lib/gcc/arm-none-eabi/7.3.1/../../../../arm-none-eabi/lib/thumb/v7e-m/fpv4-sp/hard\libc_nano.a(lib_a-nano-vfprintf.o)
 .text.__sfputs_r
                0x00000000080095d6       0x24 d:/programme/stm32_cube_ide/stm32cubeide_1.4.0/stm32cubeide/plugins/com.st.stm32cube.ide.mcu.externaltools.gnu-tools-for-stm32.7-2018-q2-update.win32_1.4.0.202007081208/tools/bin/../lib/gcc/arm-none-eabi/7.3.1/../../../../arm-none-eabi/lib/thumb/v7e-m/fpv4-sp/hard\libc_nano.a(lib_a-nano-vfprintf.o)
                0x00000000080095d6                __sfputs_r
 *fill*         0x00000000080095fa        0x2 
 .text._vfprintf_r
                0x00000000080095fc      0x22c d:/programme/stm32_cube_ide/stm32cubeide_1.4.0/stm32cubeide/plugins/com.st.stm32cube.ide.mcu.externaltools.gnu-tools-for-stm32.7-2018-q2-update.win32_1.4.0.202007081208/tools/bin/../lib/gcc/arm-none-eabi/7.3.1/../../../../arm-none-eabi/lib/thumb/v7e-m/fpv4-sp/hard\libc_nano.a(lib_a-nano-vfprintf.o)
                0x00000000080095fc                _vfprintf_r
                0x00000000080095fc                _vfiprintf_r
 .text._sbrk_r  0x0000000008009828       0x20 d:/programme/stm32_cube_ide/stm32cubeide_1.4.0/stm32cubeide/plugins/com.st.stm32cube.ide.mcu.externaltools.gnu-tools-for-stm32.7-2018-q2-update.win32_1.4.0.202007081208/tools/bin/../lib/gcc/arm-none-eabi/7.3.1/../../../../arm-none-eabi/lib/thumb/v7e-m/fpv4-sp/hard\libc_nano.a(lib_a-sbrkr.o)
                0x0000000008009828                _sbrk_r
 .text.__sread  0x0000000008009848       0x22 d:/programme/stm32_cube_ide/stm32cubeide_1.4.0/stm32cubeide/plugins/com.st.stm32cube.ide.mcu.externaltools.gnu-tools-for-stm32.7-2018-q2-update.win32_1.4.0.202007081208/tools/bin/../lib/gcc/arm-none-eabi/7.3.1/../../../../arm-none-eabi/lib/thumb/v7e-m/fpv4-sp/hard\libc_nano.a(lib_a-stdio.o)
                0x0000000008009848                __sread
 .text.__swrite
                0x000000000800986a       0x38 d:/programme/stm32_cube_ide/stm32cubeide_1.4.0/stm32cubeide/plugins/com.st.stm32cube.ide.mcu.externaltools.gnu-tools-for-stm32.7-2018-q2-update.win32_1.4.0.202007081208/tools/bin/../lib/gcc/arm-none-eabi/7.3.1/../../../../arm-none-eabi/lib/thumb/v7e-m/fpv4-sp/hard\libc_nano.a(lib_a-stdio.o)
                0x000000000800986a                __swrite
 .text.__sseek  0x00000000080098a2       0x24 d:/programme/stm32_cube_ide/stm32cubeide_1.4.0/stm32cubeide/plugins/com.st.stm32cube.ide.mcu.externaltools.gnu-tools-for-stm32.7-2018-q2-update.win32_1.4.0.202007081208/tools/bin/../lib/gcc/arm-none-eabi/7.3.1/../../../../arm-none-eabi/lib/thumb/v7e-m/fpv4-sp/hard\libc_nano.a(lib_a-stdio.o)
                0x00000000080098a2                __sseek
 .text.__sclose
                0x00000000080098c6        0x8 d:/programme/stm32_cube_ide/stm32cubeide_1.4.0/stm32cubeide/plugins/com.st.stm32cube.ide.mcu.externaltools.gnu-tools-for-stm32.7-2018-q2-update.win32_1.4.0.202007081208/tools/bin/../lib/gcc/arm-none-eabi/7.3.1/../../../../arm-none-eabi/lib/thumb/v7e-m/fpv4-sp/hard\libc_nano.a(lib_a-stdio.o)
                0x00000000080098c6                __sclose
 *fill*         0x00000000080098ce        0x2 
 .text._write_r
                0x00000000080098d0       0x24 d:/programme/stm32_cube_ide/stm32cubeide_1.4.0/stm32cubeide/plugins/com.st.stm32cube.ide.mcu.externaltools.gnu-tools-for-stm32.7-2018-q2-update.win32_1.4.0.202007081208/tools/bin/../lib/gcc/arm-none-eabi/7.3.1/../../../../arm-none-eabi/lib/thumb/v7e-m/fpv4-sp/hard\libc_nano.a(lib_a-writer.o)
                0x00000000080098d0                _write_r
 .text._close_r
                0x00000000080098f4       0x20 d:/programme/stm32_cube_ide/stm32cubeide_1.4.0/stm32cubeide/plugins/com.st.stm32cube.ide.mcu.externaltools.gnu-tools-for-stm32.7-2018-q2-update.win32_1.4.0.202007081208/tools/bin/../lib/gcc/arm-none-eabi/7.3.1/../../../../arm-none-eabi/lib/thumb/v7e-m/fpv4-sp/hard\libc_nano.a(lib_a-closer.o)
                0x00000000080098f4                _close_r
 .text._fstat_r
                0x0000000008009914       0x24 d:/programme/stm32_cube_ide/stm32cubeide_1.4.0/stm32cubeide/plugins/com.st.stm32cube.ide.mcu.externaltools.gnu-tools-for-stm32.7-2018-q2-update.win32_1.4.0.202007081208/tools/bin/../lib/gcc/arm-none-eabi/7.3.1/../../../../arm-none-eabi/lib/thumb/v7e-m/fpv4-sp/hard\libc_nano.a(lib_a-fstatr.o)
                0x0000000008009914                _fstat_r
 .text._isatty_r
                0x0000000008009938       0x20 d:/programme/stm32_cube_ide/stm32cubeide_1.4.0/stm32cubeide/plugins/com.st.stm32cube.ide.mcu.externaltools.gnu-tools-for-stm32.7-2018-q2-update.win32_1.4.0.202007081208/tools/bin/../lib/gcc/arm-none-eabi/7.3.1/../../../../arm-none-eabi/lib/thumb/v7e-m/fpv4-sp/hard\libc_nano.a(lib_a-isattyr.o)
                0x0000000008009938                _isatty_r
 .text._lseek_r
                0x0000000008009958       0x24 d:/programme/stm32_cube_ide/stm32cubeide_1.4.0/stm32cubeide/plugins/com.st.stm32cube.ide.mcu.externaltools.gnu-tools-for-stm32.7-2018-q2-update.win32_1.4.0.202007081208/tools/bin/../lib/gcc/arm-none-eabi/7.3.1/../../../../arm-none-eabi/lib/thumb/v7e-m/fpv4-sp/hard\libc_nano.a(lib_a-lseekr.o)
                0x0000000008009958                _lseek_r
 .text.__ascii_mbtowc
                0x000000000800997c       0x24 d:/programme/stm32_cube_ide/stm32cubeide_1.4.0/stm32cubeide/plugins/com.st.stm32cube.ide.mcu.externaltools.gnu-tools-for-stm32.7-2018-q2-update.win32_1.4.0.202007081208/tools/bin/../lib/gcc/arm-none-eabi/7.3.1/../../../../arm-none-eabi/lib/thumb/v7e-m/fpv4-sp/hard\libc_nano.a(lib_a-mbtowc_r.o)
                0x000000000800997c                __ascii_mbtowc
 .text.__malloc_lock
                0x00000000080099a0        0x2 d:/programme/stm32_cube_ide/stm32cubeide_1.4.0/stm32cubeide/plugins/com.st.stm32cube.ide.mcu.externaltools.gnu-tools-for-stm32.7-2018-q2-update.win32_1.4.0.202007081208/tools/bin/../lib/gcc/arm-none-eabi/7.3.1/../../../../arm-none-eabi/lib/thumb/v7e-m/fpv4-sp/hard\libc_nano.a(lib_a-mlock.o)
                0x00000000080099a0                __malloc_lock
 .text.__malloc_unlock
                0x00000000080099a2        0x2 d:/programme/stm32_cube_ide/stm32cubeide_1.4.0/stm32cubeide/plugins/com.st.stm32cube.ide.mcu.externaltools.gnu-tools-for-stm32.7-2018-q2-update.win32_1.4.0.202007081208/tools/bin/../lib/gcc/arm-none-eabi/7.3.1/../../../../arm-none-eabi/lib/thumb/v7e-m/fpv4-sp/hard\libc_nano.a(lib_a-mlock.o)
                0x00000000080099a2                __malloc_unlock
 .text._read_r  0x00000000080099a4       0x24 d:/programme/stm32_cube_ide/stm32cubeide_1.4.0/stm32cubeide/plugins/com.st.stm32cube.ide.mcu.externaltools.gnu-tools-for-stm32.7-2018-q2-update.win32_1.4.0.202007081208/tools/bin/../lib/gcc/arm-none-eabi/7.3.1/../../../../arm-none-eabi/lib/thumb/v7e-m/fpv4-sp/hard\libc_nano.a(lib_a-readr.o)
                0x00000000080099a4                _read_r
 .text.__ascii_wctomb
                0x00000000080099c8       0x1a d:/programme/stm32_cube_ide/stm32cubeide_1.4.0/stm32cubeide/plugins/com.st.stm32cube.ide.mcu.externaltools.gnu-tools-for-stm32.7-2018-q2-update.win32_1.4.0.202007081208/tools/bin/../lib/gcc/arm-none-eabi/7.3.1/../../../../arm-none-eabi/lib/thumb/v7e-m/fpv4-sp/hard\libc_nano.a(lib_a-wctomb_r.o)
                0x00000000080099c8                __ascii_wctomb
 *(.glue_7)
 .glue_7        0x00000000080099e2        0x0 linker stubs
 *(.glue_7t)
 .glue_7t       0x00000000080099e2        0x0 linker stubs
 *(.eh_frame)
 *fill*         0x00000000080099e2        0x2 
 .eh_frame      0x00000000080099e4        0x0 d:/programme/stm32_cube_ide/stm32cubeide_1.4.0/stm32cubeide/plugins/com.st.stm32cube.ide.mcu.externaltools.gnu-tools-for-stm32.7-2018-q2-update.win32_1.4.0.202007081208/tools/bin/../lib/gcc/arm-none-eabi/7.3.1/thumb/v7e-m/fpv4-sp/hard/crtbegin.o
 *(.init)
 .init          0x00000000080099e4        0x4 d:/programme/stm32_cube_ide/stm32cubeide_1.4.0/stm32cubeide/plugins/com.st.stm32cube.ide.mcu.externaltools.gnu-tools-for-stm32.7-2018-q2-update.win32_1.4.0.202007081208/tools/bin/../lib/gcc/arm-none-eabi/7.3.1/thumb/v7e-m/fpv4-sp/hard/crti.o
                0x00000000080099e4                _init
 .init          0x00000000080099e8        0x8 d:/programme/stm32_cube_ide/stm32cubeide_1.4.0/stm32cubeide/plugins/com.st.stm32cube.ide.mcu.externaltools.gnu-tools-for-stm32.7-2018-q2-update.win32_1.4.0.202007081208/tools/bin/../lib/gcc/arm-none-eabi/7.3.1/thumb/v7e-m/fpv4-sp/hard/crtn.o
 *(.fini)
 .fini          0x00000000080099f0        0x4 d:/programme/stm32_cube_ide/stm32cubeide_1.4.0/stm32cubeide/plugins/com.st.stm32cube.ide.mcu.externaltools.gnu-tools-for-stm32.7-2018-q2-update.win32_1.4.0.202007081208/tools/bin/../lib/gcc/arm-none-eabi/7.3.1/thumb/v7e-m/fpv4-sp/hard/crti.o
                0x00000000080099f0                _fini
 .fini          0x00000000080099f4        0x8 d:/programme/stm32_cube_ide/stm32cubeide_1.4.0/stm32cubeide/plugins/com.st.stm32cube.ide.mcu.externaltools.gnu-tools-for-stm32.7-2018-q2-update.win32_1.4.0.202007081208/tools/bin/../lib/gcc/arm-none-eabi/7.3.1/thumb/v7e-m/fpv4-sp/hard/crtn.o
                0x00000000080099fc                . = ALIGN (0x4)
                0x00000000080099fc                _etext = .

.vfp11_veneer   0x00000000080099fc        0x0
 .vfp11_veneer  0x00000000080099fc        0x0 linker stubs

.v4_bx          0x00000000080099fc        0x0
 .v4_bx         0x00000000080099fc        0x0 linker stubs

.iplt           0x00000000080099fc        0x0
 .iplt          0x00000000080099fc        0x0 d:/programme/stm32_cube_ide/stm32cubeide_1.4.0/stm32cubeide/plugins/com.st.stm32cube.ide.mcu.externaltools.gnu-tools-for-stm32.7-2018-q2-update.win32_1.4.0.202007081208/tools/bin/../lib/gcc/arm-none-eabi/7.3.1/thumb/v7e-m/fpv4-sp/hard/crtbegin.o

.rodata         0x0000000008009a00      0x308
                0x0000000008009a00                . = ALIGN (0x4)
 *(.rodata)
 .rodata        0x0000000008009a00       0x10 Core/OS/debug/debug.o
 .rodata        0x0000000008009a10       0x11 Core/OS/tasks/task.o
 *(.rodata*)
 *fill*         0x0000000008009a21        0x3 
 .rodata.AHBPrescTable
                0x0000000008009a24       0x10 Core/Src/system_stm32f4xx.o
                0x0000000008009a24                AHBPrescTable
 .rodata.APBPrescTable
                0x0000000008009a34        0x8 Core/Src/system_stm32f4xx.o
                0x0000000008009a34                APBPrescTable
 .rodata.flagBitshiftOffset.8538
                0x0000000008009a3c        0x8 Drivers/STM32F4xx_HAL_Driver/Src/stm32f4xx_hal_dma.o
 .rodata._global_impure_ptr
                0x0000000008009a44        0x4 d:/programme/stm32_cube_ide/stm32cubeide_1.4.0/stm32cubeide/plugins/com.st.stm32cube.ide.mcu.externaltools.gnu-tools-for-stm32.7-2018-q2-update.win32_1.4.0.202007081208/tools/bin/../lib/gcc/arm-none-eabi/7.3.1/../../../../arm-none-eabi/lib/thumb/v7e-m/fpv4-sp/hard\libc_nano.a(lib_a-impure.o)
                0x0000000008009a44                _global_impure_ptr
 .rodata._printf_float.str1.1
                0x0000000008009a48       0x12 d:/programme/stm32_cube_ide/stm32cubeide_1.4.0/stm32cubeide/plugins/com.st.stm32cube.ide.mcu.externaltools.gnu-tools-for-stm32.7-2018-q2-update.win32_1.4.0.202007081208/tools/bin/../lib/gcc/arm-none-eabi/7.3.1/../../../../arm-none-eabi/lib/thumb/v7e-m/fpv4-sp/hard\libc_nano.a(lib_a-nano-vfprintf_float.o)
 .rodata._printf_i.str1.1
                0x0000000008009a5a       0x22 d:/programme/stm32_cube_ide/stm32cubeide_1.4.0/stm32cubeide/plugins/com.st.stm32cube.ide.mcu.externaltools.gnu-tools-for-stm32.7-2018-q2-update.win32_1.4.0.202007081208/tools/bin/../lib/gcc/arm-none-eabi/7.3.1/../../../../arm-none-eabi/lib/thumb/v7e-m/fpv4-sp/hard\libc_nano.a(lib_a-nano-vfprintf_i.o)
 .rodata._dtoa_r.str1.1
                0x0000000008009a7c        0xd d:/programme/stm32_cube_ide/stm32cubeide_1.4.0/stm32cubeide/plugins/com.st.stm32cube.ide.mcu.externaltools.gnu-tools-for-stm32.7-2018-q2-update.win32_1.4.0.202007081208/tools/bin/../lib/gcc/arm-none-eabi/7.3.1/../../../../arm-none-eabi/lib/thumb/v7e-m/fpv4-sp/hard\libc_nano.a(lib_a-dtoa.o)
                                          0xf (size before relaxing)
 *fill*         0x0000000008009a89        0x3 
 .rodata.__sf_fake_stderr
                0x0000000008009a8c       0x20 d:/programme/stm32_cube_ide/stm32cubeide_1.4.0/stm32cubeide/plugins/com.st.stm32cube.ide.mcu.externaltools.gnu-tools-for-stm32.7-2018-q2-update.win32_1.4.0.202007081208/tools/bin/../lib/gcc/arm-none-eabi/7.3.1/../../../../arm-none-eabi/lib/thumb/v7e-m/fpv4-sp/hard\libc_nano.a(lib_a-findfp.o)
                0x0000000008009a8c                __sf_fake_stderr
 .rodata.__sf_fake_stdin
                0x0000000008009aac       0x20 d:/programme/stm32_cube_ide/stm32cubeide_1.4.0/stm32cubeide/plugins/com.st.stm32cube.ide.mcu.externaltools.gnu-tools-for-stm32.7-2018-q2-update.win32_1.4.0.202007081208/tools/bin/../lib/gcc/arm-none-eabi/7.3.1/../../../../arm-none-eabi/lib/thumb/v7e-m/fpv4-sp/hard\libc_nano.a(lib_a-findfp.o)
                0x0000000008009aac                __sf_fake_stdin
 .rodata.__sf_fake_stdout
                0x0000000008009acc       0x20 d:/programme/stm32_cube_ide/stm32cubeide_1.4.0/stm32cubeide/plugins/com.st.stm32cube.ide.mcu.externaltools.gnu-tools-for-stm32.7-2018-q2-update.win32_1.4.0.202007081208/tools/bin/../lib/gcc/arm-none-eabi/7.3.1/../../../../arm-none-eabi/lib/thumb/v7e-m/fpv4-sp/hard\libc_nano.a(lib_a-findfp.o)
                0x0000000008009acc                __sf_fake_stdout
 *fill*         0x0000000008009aec        0x4 
 .rodata.__mprec_bigtens
                0x0000000008009af0       0x28 d:/programme/stm32_cube_ide/stm32cubeide_1.4.0/stm32cubeide/plugins/com.st.stm32cube.ide.mcu.externaltools.gnu-tools-for-stm32.7-2018-q2-update.win32_1.4.0.202007081208/tools/bin/../lib/gcc/arm-none-eabi/7.3.1/../../../../arm-none-eabi/lib/thumb/v7e-m/fpv4-sp/hard\libc_nano.a(lib_a-mprec.o)
                0x0000000008009af0                __mprec_bigtens
 .rodata.__mprec_tens
                0x0000000008009b18       0xc8 d:/programme/stm32_cube_ide/stm32cubeide_1.4.0/stm32cubeide/plugins/com.st.stm32cube.ide.mcu.externaltools.gnu-tools-for-stm32.7-2018-q2-update.win32_1.4.0.202007081208/tools/bin/../lib/gcc/arm-none-eabi/7.3.1/../../../../arm-none-eabi/lib/thumb/v7e-m/fpv4-sp/hard\libc_nano.a(lib_a-mprec.o)
                0x0000000008009b18                __mprec_tens
 .rodata.p05.7359
                0x0000000008009be0        0xc d:/programme/stm32_cube_ide/stm32cubeide_1.4.0/stm32cubeide/plugins/com.st.stm32cube.ide.mcu.externaltools.gnu-tools-for-stm32.7-2018-q2-update.win32_1.4.0.202007081208/tools/bin/../lib/gcc/arm-none-eabi/7.3.1/../../../../arm-none-eabi/lib/thumb/v7e-m/fpv4-sp/hard\libc_nano.a(lib_a-mprec.o)
 .rodata._vfprintf_r.str1.1
                0x0000000008009bec       0x11 d:/programme/stm32_cube_ide/stm32cubeide_1.4.0/stm32cubeide/plugins/com.st.stm32cube.ide.mcu.externaltools.gnu-tools-for-stm32.7-2018-q2-update.win32_1.4.0.202007081208/tools/bin/../lib/gcc/arm-none-eabi/7.3.1/../../../../arm-none-eabi/lib/thumb/v7e-m/fpv4-sp/hard\libc_nano.a(lib_a-nano-vfprintf.o)
 .rodata._setlocale_r.str1.1
                0x0000000008009bfd        0x8 d:/programme/stm32_cube_ide/stm32cubeide_1.4.0/stm32cubeide/plugins/com.st.stm32cube.ide.mcu.externaltools.gnu-tools-for-stm32.7-2018-q2-update.win32_1.4.0.202007081208/tools/bin/../lib/gcc/arm-none-eabi/7.3.1/../../../../arm-none-eabi/lib/thumb/v7e-m/fpv4-sp/hard\libc_nano.a(lib_a-locale.o)
                                          0x9 (size before relaxing)
 .rodata.str1.1
                0x0000000008009c05        0x2 d:/programme/stm32_cube_ide/stm32cubeide_1.4.0/stm32cubeide/plugins/com.st.stm32cube.ide.mcu.externaltools.gnu-tools-for-stm32.7-2018-q2-update.win32_1.4.0.202007081208/tools/bin/../lib/gcc/arm-none-eabi/7.3.1/../../../../arm-none-eabi/lib/thumb/v7e-m/fpv4-sp/hard\libc_nano.a(lib_a-locale.o)
 .rodata._ctype_
                0x0000000008009c07      0x101 d:/programme/stm32_cube_ide/stm32cubeide_1.4.0/stm32cubeide/plugins/com.st.stm32cube.ide.mcu.externaltools.gnu-tools-for-stm32.7-2018-q2-update.win32_1.4.0.202007081208/tools/bin/../lib/gcc/arm-none-eabi/7.3.1/../../../../arm-none-eabi/lib/thumb/v7e-m/fpv4-sp/hard\libc_nano.a(lib_a-ctype_.o)
                0x0000000008009c07                _ctype_
                0x0000000008009d08                . = ALIGN (0x4)

.ARM.extab      0x0000000008009d08        0x0
                0x0000000008009d08                . = ALIGN (0x4)
 *(.ARM.extab* .gnu.linkonce.armextab.*)
                0x0000000008009d08                . = ALIGN (0x4)

.ARM            0x0000000008009d08        0x8
                0x0000000008009d08                . = ALIGN (0x4)
                0x0000000008009d08                __exidx_start = .
 *(.ARM.exidx*)
 .ARM.exidx     0x0000000008009d08        0x8 d:/programme/stm32_cube_ide/stm32cubeide_1.4.0/stm32cubeide/plugins/com.st.stm32cube.ide.mcu.externaltools.gnu-tools-for-stm32.7-2018-q2-update.win32_1.4.0.202007081208/tools/bin/../lib/gcc/arm-none-eabi/7.3.1/thumb/v7e-m/fpv4-sp/hard\libgcc.a(_udivmoddi4.o)
                0x0000000008009d10                __exidx_end = .
                0x0000000008009d10                . = ALIGN (0x4)

.rel.dyn        0x0000000008009d10        0x0
 .rel.iplt      0x0000000008009d10        0x0 d:/programme/stm32_cube_ide/stm32cubeide_1.4.0/stm32cubeide/plugins/com.st.stm32cube.ide.mcu.externaltools.gnu-tools-for-stm32.7-2018-q2-update.win32_1.4.0.202007081208/tools/bin/../lib/gcc/arm-none-eabi/7.3.1/thumb/v7e-m/fpv4-sp/hard/crtbegin.o

.preinit_array  0x0000000008009d10        0x0
                0x0000000008009d10                . = ALIGN (0x4)
                0x0000000008009d10                PROVIDE (__preinit_array_start = .)
 *(.preinit_array*)
                0x0000000008009d10                PROVIDE (__preinit_array_end = .)
                0x0000000008009d10                . = ALIGN (0x4)

.init_array     0x0000000008009d10        0x4
                0x0000000008009d10                . = ALIGN (0x4)
                0x0000000008009d10                PROVIDE (__init_array_start = .)
 *(SORT_BY_NAME(.init_array.*))
 *(.init_array*)
 .init_array    0x0000000008009d10        0x4 d:/programme/stm32_cube_ide/stm32cubeide_1.4.0/stm32cubeide/plugins/com.st.stm32cube.ide.mcu.externaltools.gnu-tools-for-stm32.7-2018-q2-update.win32_1.4.0.202007081208/tools/bin/../lib/gcc/arm-none-eabi/7.3.1/thumb/v7e-m/fpv4-sp/hard/crtbegin.o
                0x0000000008009d14                PROVIDE (__init_array_end = .)
                0x0000000008009d14                . = ALIGN (0x4)

.fini_array     0x0000000008009d14        0x4
                0x0000000008009d14                . = ALIGN (0x4)
                [!provide]                        PROVIDE (__fini_array_start = .)
 *(SORT_BY_NAME(.fini_array.*))
 *(.fini_array*)
 .fini_array    0x0000000008009d14        0x4 d:/programme/stm32_cube_ide/stm32cubeide_1.4.0/stm32cubeide/plugins/com.st.stm32cube.ide.mcu.externaltools.gnu-tools-for-stm32.7-2018-q2-update.win32_1.4.0.202007081208/tools/bin/../lib/gcc/arm-none-eabi/7.3.1/thumb/v7e-m/fpv4-sp/hard/crtbegin.o
                [!provide]                        PROVIDE (__fini_array_end = .)
                0x0000000008009d18                . = ALIGN (0x4)
                0x0000000008009d18                _sidata = LOADADDR (.data)

.data           0x0000000020000000      0x80c load address 0x0000000008009d18
                0x0000000020000000                . = ALIGN (0x4)
                0x0000000020000000                _sdata = .
 *(.data)
 *(.data*)
 .data.events_main
                0x0000000020000000       0xb4 Core/OS/events/events.o
 .data.events_it
                0x00000000200000b4      0x168 Core/OS/events/events.o
 .data.tasks    0x000000002000021c      0x3fc Core/OS/tasks/task.o
                0x000000002000021c                tasks
 .data.filter_config
                0x0000000020000618        0xc Core/Sensors/acc.o
                0x0000000020000618                filter_config
 .data.filter   0x0000000020000624        0xc Core/Sensors/gyro.o
                0x0000000020000624                filter
 .data.SystemCoreClock
                0x0000000020000630        0x4 Core/Src/system_stm32f4xx.o
                0x0000000020000630                SystemCoreClock
 .data.uwTickPrio
                0x0000000020000634        0x4 Drivers/STM32F4xx_HAL_Driver/Src/stm32f4xx_hal.o
                0x0000000020000634                uwTickPrio
 .data.uwTickFreq
                0x0000000020000638        0x1 Drivers/STM32F4xx_HAL_Driver/Src/stm32f4xx_hal.o
                0x0000000020000638                uwTickFreq
 *fill*         0x0000000020000639        0x3 
 .data._impure_ptr
                0x000000002000063c        0x4 d:/programme/stm32_cube_ide/stm32cubeide_1.4.0/stm32cubeide/plugins/com.st.stm32cube.ide.mcu.externaltools.gnu-tools-for-stm32.7-2018-q2-update.win32_1.4.0.202007081208/tools/bin/../lib/gcc/arm-none-eabi/7.3.1/../../../../arm-none-eabi/lib/thumb/v7e-m/fpv4-sp/hard\libc_nano.a(lib_a-impure.o)
                0x000000002000063c                _impure_ptr
 .data.impure_data
                0x0000000020000640       0x60 d:/programme/stm32_cube_ide/stm32cubeide_1.4.0/stm32cubeide/plugins/com.st.stm32cube.ide.mcu.externaltools.gnu-tools-for-stm32.7-2018-q2-update.win32_1.4.0.202007081208/tools/bin/../lib/gcc/arm-none-eabi/7.3.1/../../../../arm-none-eabi/lib/thumb/v7e-m/fpv4-sp/hard\libc_nano.a(lib_a-impure.o)
 .data.__global_locale
                0x00000000200006a0      0x16c d:/programme/stm32_cube_ide/stm32cubeide_1.4.0/stm32cubeide/plugins/com.st.stm32cube.ide.mcu.externaltools.gnu-tools-for-stm32.7-2018-q2-update.win32_1.4.0.202007081208/tools/bin/../lib/gcc/arm-none-eabi/7.3.1/../../../../arm-none-eabi/lib/thumb/v7e-m/fpv4-sp/hard\libc_nano.a(lib_a-locale.o)
                0x00000000200006a0                __global_locale
                0x000000002000080c                . = ALIGN (0x4)
                0x000000002000080c                _edata = .

.igot.plt       0x000000002000080c        0x0 load address 0x000000000800a524
 .igot.plt      0x000000002000080c        0x0 d:/programme/stm32_cube_ide/stm32cubeide_1.4.0/stm32cubeide/plugins/com.st.stm32cube.ide.mcu.externaltools.gnu-tools-for-stm32.7-2018-q2-update.win32_1.4.0.202007081208/tools/bin/../lib/gcc/arm-none-eabi/7.3.1/thumb/v7e-m/fpv4-sp/hard/crtbegin.o
                0x000000002000080c                . = ALIGN (0x4)

.bss            0x000000002000080c      0x7d4 load address 0x000000000800a524
                0x000000002000080c                _sbss = .
                0x000000002000080c                __bss_start__ = _sbss
 *(.bss)
 .bss           0x000000002000080c       0x1c d:/programme/stm32_cube_ide/stm32cubeide_1.4.0/stm32cubeide/plugins/com.st.stm32cube.ide.mcu.externaltools.gnu-tools-for-stm32.7-2018-q2-update.win32_1.4.0.202007081208/tools/bin/../lib/gcc/arm-none-eabi/7.3.1/thumb/v7e-m/fpv4-sp/hard/crtbegin.o
 *(.bss*)
 .bss.flags     0x0000000020000828        0x8 Core/OS/events/events.o
 .bss.htim_event
                0x0000000020000830        0x4 Core/OS/events/events.o
 .bss.sys       0x0000000020000834        0x4 Core/OS/events/events.o
 .bss.initialized
                0x0000000020000838        0x4 Core/OS/events/events.o
 .bss.task_queu
                0x000000002000083c       0x18 Core/OS/scheduler/scheduler.o
 .bss.task_queu_size
                0x0000000020000854        0x4 Core/OS/scheduler/scheduler.o
 .bss.task_queu_position
                0x0000000020000858        0x4 Core/OS/scheduler/scheduler.o
 .bss.sys       0x000000002000085c        0x4 Core/OS/scheduler/scheduler.o
 .bss.sys       0x0000000020000860        0x4 Core/OS/tasks/task.o
 .bss.previous_t_us.8426
                0x0000000020000864        0x4 Core/OS/time.o
 .bss.SPI_handlers
                0x0000000020000868        0x4 Core/Sensors/mpu.o
 .bss.mpu_handlers
                0x000000002000086c        0x4 Core/Sensors/mpu.o
 .bss.mpu_init_compteur
                0x0000000020000870        0x1 Core/Sensors/mpu.o
 *fill*         0x0000000020000871        0x3 
 .bss.__sbrk_heap_end
                0x0000000020000874        0x4 Core/Src/sysmem.o
 .bss.__malloc_free_list
                0x0000000020000878        0x4 d:/programme/stm32_cube_ide/stm32cubeide_1.4.0/stm32cubeide/plugins/com.st.stm32cube.ide.mcu.externaltools.gnu-tools-for-stm32.7-2018-q2-update.win32_1.4.0.202007081208/tools/bin/../lib/gcc/arm-none-eabi/7.3.1/../../../../arm-none-eabi/lib/thumb/v7e-m/fpv4-sp/hard\libc_nano.a(lib_a-nano-mallocr.o)
                0x0000000020000878                __malloc_free_list
 .bss.__malloc_sbrk_start
                0x000000002000087c        0x4 d:/programme/stm32_cube_ide/stm32cubeide_1.4.0/stm32cubeide/plugins/com.st.stm32cube.ide.mcu.externaltools.gnu-tools-for-stm32.7-2018-q2-update.win32_1.4.0.202007081208/tools/bin/../lib/gcc/arm-none-eabi/7.3.1/../../../../arm-none-eabi/lib/thumb/v7e-m/fpv4-sp/hard\libc_nano.a(lib_a-nano-mallocr.o)
                0x000000002000087c                __malloc_sbrk_start
 *(COMMON)
 COMMON         0x0000000020000880        0x4 Core/OS/debug/retarget.o
                0x0000000020000880                gHuart
 COMMON         0x0000000020000884       0xa8 Core/Src/adc.o
                0x0000000020000884                hadc2
                0x00000000200008cc                hdma_adc2
 COMMON         0x000000002000092c      0x114 Core/Src/i2c.o
                0x000000002000092c                hdma_i2c1_tx
                0x000000002000098c                hi2c1
                0x00000000200009e0                hdma_i2c1_rx
 COMMON         0x0000000020000a40      0x1a8 Core/Src/main.o
                0x0000000020000a40                sys
 COMMON         0x0000000020000be8      0x230 Core/Src/spi.o
                0x0000000020000be8                hspi2
                0x0000000020000c40                hdma_spi2_rx
                0x0000000020000ca0                hspi1
                0x0000000020000cf8                hdma_spi1_rx
                0x0000000020000d58                hdma_spi2_tx
                0x0000000020000db8                hdma_spi1_tx
 COMMON         0x0000000020000e18       0x40 Core/Src/tim.o
                0x0000000020000e18                htim1
 COMMON         0x0000000020000e58      0x180 Core/Src/usart.o
                0x0000000020000e58                huart3
                0x0000000020000e98                hdma_usart6_tx
                0x0000000020000ef8                hdma_usart2_tx
                0x0000000020000f58                huart6
                0x0000000020000f98                huart2
 COMMON         0x0000000020000fd8        0x4 Drivers/STM32F4xx_HAL_Driver/Src/stm32f4xx_hal.o
                0x0000000020000fd8                uwTick
 COMMON         0x0000000020000fdc        0x4 d:/programme/stm32_cube_ide/stm32cubeide_1.4.0/stm32cubeide/plugins/com.st.stm32cube.ide.mcu.externaltools.gnu-tools-for-stm32.7-2018-q2-update.win32_1.4.0.202007081208/tools/bin/../lib/gcc/arm-none-eabi/7.3.1/../../../../arm-none-eabi/lib/thumb/v7e-m/fpv4-sp/hard\libc_nano.a(lib_a-reent.o)
                0x0000000020000fdc                errno
                0x0000000020000fe0                . = ALIGN (0x4)
                0x0000000020000fe0                _ebss = .
                0x0000000020000fe0                __bss_end__ = _ebss

._user_heap_stack
                0x0000000020000fe0      0x600 load address 0x000000000800a524
                0x0000000020000fe0                . = ALIGN (0x8)
                [!provide]                        PROVIDE (end = .)
                0x0000000020000fe0                PROVIDE (_end = .)
                0x00000000200011e0                . = (. + _Min_Heap_Size)
 *fill*         0x0000000020000fe0      0x200 
                0x00000000200015e0                . = (. + _Min_Stack_Size)
 *fill*         0x00000000200011e0      0x400 
                0x00000000200015e0                . = ALIGN (0x8)

/DISCARD/
 libc.a(*)
 libm.a(*)
 libgcc.a(*)

.ARM.attributes
                0x0000000000000000       0x30
 *(.ARM.attributes)
 .ARM.attributes
                0x0000000000000000       0x22 d:/programme/stm32_cube_ide/stm32cubeide_1.4.0/stm32cubeide/plugins/com.st.stm32cube.ide.mcu.externaltools.gnu-tools-for-stm32.7-2018-q2-update.win32_1.4.0.202007081208/tools/bin/../lib/gcc/arm-none-eabi/7.3.1/thumb/v7e-m/fpv4-sp/hard/crti.o
 .ARM.attributes
                0x0000000000000022       0x34 d:/programme/stm32_cube_ide/stm32cubeide_1.4.0/stm32cubeide/plugins/com.st.stm32cube.ide.mcu.externaltools.gnu-tools-for-stm32.7-2018-q2-update.win32_1.4.0.202007081208/tools/bin/../lib/gcc/arm-none-eabi/7.3.1/thumb/v7e-m/fpv4-sp/hard/crtbegin.o
 .ARM.attributes
                0x0000000000000056       0x39 Core/OS/debug/debug.o
 .ARM.attributes
                0x000000000000008f       0x39 Core/OS/debug/retarget.o
 .ARM.attributes
                0x00000000000000c8       0x39 Core/OS/events/events.o
 .ARM.attributes
                0x0000000000000101       0x39 Core/OS/events/mask.o
 .ARM.attributes
                0x000000000000013a       0x39 Core/OS/events/mask_def.o
 .ARM.attributes
                0x0000000000000173       0x39 Core/OS/scheduler/scheduler.o
 .ARM.attributes
                0x00000000000001ac       0x39 Core/OS/tasks/task.o
 .ARM.attributes
                0x00000000000001e5       0x39 Core/OS/time.o
 .ARM.attributes
                0x000000000000021e       0x39 Core/Sensors/acc.o
 .ARM.attributes
                0x0000000000000257       0x39 Core/Sensors/gyro.o
 .ARM.attributes
                0x0000000000000290       0x39 Core/Sensors/mpu.o
 .ARM.attributes
                0x00000000000002c9       0x39 Core/Src/adc.o
 .ARM.attributes
                0x0000000000000302       0x39 Core/Src/dma.o
 .ARM.attributes
                0x000000000000033b       0x39 Core/Src/gpio.o
 .ARM.attributes
                0x0000000000000374       0x39 Core/Src/i2c.o
 .ARM.attributes
                0x00000000000003ad       0x39 Core/Src/main.o
 .ARM.attributes
                0x00000000000003e6       0x39 Core/Src/spi.o
 .ARM.attributes
                0x000000000000041f       0x39 Core/Src/stm32f4xx_hal_msp.o
 .ARM.attributes
                0x0000000000000458       0x39 Core/Src/stm32f4xx_it.o
 .ARM.attributes
                0x0000000000000491       0x39 Core/Src/sysmem.o
 .ARM.attributes
                0x00000000000004ca       0x39 Core/Src/system_stm32f4xx.o
 .ARM.attributes
                0x0000000000000503       0x39 Core/Src/tim.o
 .ARM.attributes
                0x000000000000053c       0x39 Core/Src/usart.o
 .ARM.attributes
                0x0000000000000575       0x21 Core/Startup/startup_stm32f405rgtx.o
 .ARM.attributes
                0x0000000000000596       0x39 Drivers/STM32F4xx_HAL_Driver/Src/stm32f4xx_hal.o
 .ARM.attributes
                0x00000000000005cf       0x39 Drivers/STM32F4xx_HAL_Driver/Src/stm32f4xx_hal_adc.o
 .ARM.attributes
                0x0000000000000608       0x39 Drivers/STM32F4xx_HAL_Driver/Src/stm32f4xx_hal_cortex.o
 .ARM.attributes
                0x0000000000000641       0x39 Drivers/STM32F4xx_HAL_Driver/Src/stm32f4xx_hal_dma.o
 .ARM.attributes
                0x000000000000067a       0x39 Drivers/STM32F4xx_HAL_Driver/Src/stm32f4xx_hal_gpio.o
 .ARM.attributes
                0x00000000000006b3       0x39 Drivers/STM32F4xx_HAL_Driver/Src/stm32f4xx_hal_i2c.o
 .ARM.attributes
                0x00000000000006ec       0x39 Drivers/STM32F4xx_HAL_Driver/Src/stm32f4xx_hal_rcc.o
 .ARM.attributes
                0x0000000000000725       0x39 Drivers/STM32F4xx_HAL_Driver/Src/stm32f4xx_hal_spi.o
 .ARM.attributes
                0x000000000000075e       0x39 Drivers/STM32F4xx_HAL_Driver/Src/stm32f4xx_hal_tim.o
 .ARM.attributes
                0x0000000000000797       0x39 Drivers/STM32F4xx_HAL_Driver/Src/stm32f4xx_hal_tim_ex.o
 .ARM.attributes
                0x00000000000007d0       0x39 Drivers/STM32F4xx_HAL_Driver/Src/stm32f4xx_hal_uart.o
 .ARM.attributes
                0x0000000000000809       0x39 Drivers/Src/Filters.o
 .ARM.attributes
                0x0000000000000842       0x39 Drivers/Src/Sequence_led.o
 .ARM.attributes