Archive member included to satisfy reference by file (symbol)

c:/st/stm32cubeide_1.4.0/stm32cubeide/plugins/com.st.stm32cube.ide.mcu.externaltools.gnu-tools-for-stm32.7-2018-q2-update.win32_1.5.0.202011040924/tools/bin/../lib/gcc/arm-none-eabi/7.3.1/../../../../arm-none-eabi/lib/thumb/v7e-m/fpv4-sp/hard\libc_nano.a(lib_a-errno.o)
                              Core/OS/debug/retarget.o (__errno)
c:/st/stm32cubeide_1.4.0/stm32cubeide/plugins/com.st.stm32cube.ide.mcu.externaltools.gnu-tools-for-stm32.7-2018-q2-update.win32_1.5.0.202011040924/tools/bin/../lib/gcc/arm-none-eabi/7.3.1/../../../../arm-none-eabi/lib/thumb/v7e-m/fpv4-sp/hard\libc_nano.a(lib_a-exit.o)
                              c:/st/stm32cubeide_1.4.0/stm32cubeide/plugins/com.st.stm32cube.ide.mcu.externaltools.gnu-tools-for-stm32.7-2018-q2-update.win32_1.5.0.202011040924/tools/bin/../lib/gcc/arm-none-eabi/7.3.1/../../../../arm-none-eabi/lib/thumb/v7e-m/fpv4-sp/hard/crt0.o (exit)
c:/st/stm32cubeide_1.4.0/stm32cubeide/plugins/com.st.stm32cube.ide.mcu.externaltools.gnu-tools-for-stm32.7-2018-q2-update.win32_1.5.0.202011040924/tools/bin/../lib/gcc/arm-none-eabi/7.3.1/../../../../arm-none-eabi/lib/thumb/v7e-m/fpv4-sp/hard\libc_nano.a(lib_a-impure.o)
                              c:/st/stm32cubeide_1.4.0/stm32cubeide/plugins/com.st.stm32cube.ide.mcu.externaltools.gnu-tools-for-stm32.7-2018-q2-update.win32_1.5.0.202011040924/tools/bin/../lib/gcc/arm-none-eabi/7.3.1/../../../../arm-none-eabi/lib/thumb/v7e-m/fpv4-sp/hard\libc_nano.a(lib_a-exit.o) (_global_impure_ptr)
c:/st/stm32cubeide_1.4.0/stm32cubeide/plugins/com.st.stm32cube.ide.mcu.externaltools.gnu-tools-for-stm32.7-2018-q2-update.win32_1.5.0.202011040924/tools/bin/../lib/gcc/arm-none-eabi/7.3.1/../../../../arm-none-eabi/lib/thumb/v7e-m/fpv4-sp/hard\libc_nano.a(lib_a-init.o)
                              c:/st/stm32cubeide_1.4.0/stm32cubeide/plugins/com.st.stm32cube.ide.mcu.externaltools.gnu-tools-for-stm32.7-2018-q2-update.win32_1.5.0.202011040924/tools/bin/../lib/gcc/arm-none-eabi/7.3.1/../../../../arm-none-eabi/lib/thumb/v7e-m/fpv4-sp/hard/crt0.o (__libc_init_array)
c:/st/stm32cubeide_1.4.0/stm32cubeide/plugins/com.st.stm32cube.ide.mcu.externaltools.gnu-tools-for-stm32.7-2018-q2-update.win32_1.5.0.202011040924/tools/bin/../lib/gcc/arm-none-eabi/7.3.1/../../../../arm-none-eabi/lib/thumb/v7e-m/fpv4-sp/hard\libc_nano.a(lib_a-memmove.o)
                              Core/OS/scheduler/scheduler.o (memmove)
c:/st/stm32cubeide_1.4.0/stm32cubeide/plugins/com.st.stm32cube.ide.mcu.externaltools.gnu-tools-for-stm32.7-2018-q2-update.win32_1.5.0.202011040924/tools/bin/../lib/gcc/arm-none-eabi/7.3.1/../../../../arm-none-eabi/lib/thumb/v7e-m/fpv4-sp/hard\libc_nano.a(lib_a-memset.o)
                              c:/st/stm32cubeide_1.4.0/stm32cubeide/plugins/com.st.stm32cube.ide.mcu.externaltools.gnu-tools-for-stm32.7-2018-q2-update.win32_1.5.0.202011040924/tools/bin/../lib/gcc/arm-none-eabi/7.3.1/../../../../arm-none-eabi/lib/thumb/v7e-m/fpv4-sp/hard/crt0.o (memset)
c:/st/stm32cubeide_1.4.0/stm32cubeide/plugins/com.st.stm32cube.ide.mcu.externaltools.gnu-tools-for-stm32.7-2018-q2-update.win32_1.5.0.202011040924/tools/bin/../lib/gcc/arm-none-eabi/7.3.1/../../../../arm-none-eabi/lib/thumb/v7e-m/fpv4-sp/hard\libc_nano.a(lib_a-nano-vfprintf_float.o)
                              (_printf_float)
c:/st/stm32cubeide_1.4.0/stm32cubeide/plugins/com.st.stm32cube.ide.mcu.externaltools.gnu-tools-for-stm32.7-2018-q2-update.win32_1.5.0.202011040924/tools/bin/../lib/gcc/arm-none-eabi/7.3.1/../../../../arm-none-eabi/lib/thumb/v7e-m/fpv4-sp/hard\libc_nano.a(lib_a-nano-vfprintf_i.o)
                              c:/st/stm32cubeide_1.4.0/stm32cubeide/plugins/com.st.stm32cube.ide.mcu.externaltools.gnu-tools-for-stm32.7-2018-q2-update.win32_1.5.0.202011040924/tools/bin/../lib/gcc/arm-none-eabi/7.3.1/../../../../arm-none-eabi/lib/thumb/v7e-m/fpv4-sp/hard\libc_nano.a(lib_a-nano-vfprintf_float.o) (_printf_common)
c:/st/stm32cubeide_1.4.0/stm32cubeide/plugins/com.st.stm32cube.ide.mcu.externaltools.gnu-tools-for-stm32.7-2018-q2-update.win32_1.5.0.202011040924/tools/bin/../lib/gcc/arm-none-eabi/7.3.1/../../../../arm-none-eabi/lib/thumb/v7e-m/fpv4-sp/hard\libc_nano.a(lib_a-printf.o)
                              Core/OS/tasks/task.o (printf)
c:/st/stm32cubeide_1.4.0/stm32cubeide/plugins/com.st.stm32cube.ide.mcu.externaltools.gnu-tools-for-stm32.7-2018-q2-update.win32_1.5.0.202011040924/tools/bin/../lib/gcc/arm-none-eabi/7.3.1/../../../../arm-none-eabi/lib/thumb/v7e-m/fpv4-sp/hard\libc_nano.a(lib_a-puts.o)
                              Core/OS/debug/debug.o (puts)
c:/st/stm32cubeide_1.4.0/stm32cubeide/plugins/com.st.stm32cube.ide.mcu.externaltools.gnu-tools-for-stm32.7-2018-q2-update.win32_1.5.0.202011040924/tools/bin/../lib/gcc/arm-none-eabi/7.3.1/../../../../arm-none-eabi/lib/thumb/v7e-m/fpv4-sp/hard\libc_nano.a(lib_a-setvbuf.o)
                              Core/OS/debug/retarget.o (setvbuf)
[...]
Memory Configuration

Name             Origin             Length             Attributes
CCMRAM           0x0000000010000000 0x0000000000010000 xrw
RAM              0x0000000020000000 0x0000000000020000 xrw
FLASH            0x0000000008000000 0x0000000000100000 xr
*default*        0x0000000000000000 0xffffffffffffffff

Linker script and memory map

LOAD c:/st/stm32cubeide_1.4.0/stm32cubeide/plugins/com.st.stm32cube.ide.mcu.externaltools.gnu-tools-for-stm32.7-2018-q2-update.win32_1.5.0.202011040924/tools/bin/../lib/gcc/arm-none-eabi/7.3.1/thumb/v7e-m/fpv4-sp/hard/crti.o
LOAD c:/st/stm32cubeide_1.4.0/stm32cubeide/plugins/com.st.stm32cube.ide.mcu.externaltools.gnu-tools-for-stm32.7-2018-q2-update.win32_1.5.0.202011040924/tools/bin/../lib/gcc/arm-none-eabi/7.3.1/thumb/v7e-m/fpv4-sp/hard/crtbegin.o
LOAD c:/st/stm32cubeide_1.4.0/stm32cubeide/plugins/com.st.stm32cube.ide.mcu.externaltools.gnu-tools-for-stm32.7-2018-q2-update.win32_1.5.0.202011040924/tools/bin/../lib/gcc/arm-none-eabi/7.3.1/../../../../arm-none-eabi/lib/thumb/v7e-m/fpv4-sp/hard/crt0.o
LOAD Core/Estimators/orientation.o
LOAD Core/Flight_mode/Flight_mode.o
LOAD Core/OS/debug/debug.o
LOAD Core/OS/debug/retarget.o
LOAD Core/OS/events/events.o
LOAD Core/OS/events/mask.o
LOAD Core/OS/events/mask_def.o
LOAD Core/OS/scheduler/scheduler.o
LOAD Core/OS/tasks/task.o
LOAD Core/OS/time.o
LOAD Core/Propulsion/Propulsion.o
LOAD Core/Radio/controller.o
LOAD Core/Regulation/Regu_orientation.o
LOAD Core/Sensors/acc.o
LOAD Core/Sensors/baro.o
LOAD Core/Sensors/gyro.o
LOAD Core/Sensors/mpu.o
LOAD Core/Sensors/ms5611.o
LOAD Core/Src/adc.o
LOAD Core/Src/dma.o
LOAD Core/Src/gpio.o
LOAD Core/Src/i2c.o
LOAD Core/Src/main.o
LOAD Core/Src/spi.o
LOAD Core/Src/stm32f4xx_hal_msp.o
LOAD Core/Src/stm32f4xx_it.o
LOAD Core/Src/sysmem.o
LOAD Core/Src/system_stm32f4xx.o
LOAD Core/Src/tim.o
LOAD Core/Src/usart.o
LOAD Core/Startup/startup_stm32f405rgtx.o
LOAD Drivers/STM32F4xx_HAL_Driver/Src/stm32f4xx_hal.o
LOAD Drivers/STM32F4xx_HAL_Driver/Src/stm32f4xx_hal_adc.o
LOAD Drivers/STM32F4xx_HAL_Driver/Src/stm32f4xx_hal_adc_ex.o
LOAD Drivers/STM32F4xx_HAL_Driver/Src/stm32f4xx_hal_cortex.o
LOAD Drivers/STM32F4xx_HAL_Driver/Src/stm32f4xx_hal_dma.o
LOAD Drivers/STM32F4xx_HAL_Driver/Src/stm32f4xx_hal_dma_ex.o
LOAD Drivers/STM32F4xx_HAL_Driver/Src/stm32f4xx_hal_exti.o
LOAD Drivers/STM32F4xx_HAL_Driver/Src/stm32f4xx_hal_flash.o
LOAD Drivers/STM32F4xx_HAL_Driver/Src/stm32f4xx_hal_flash_ex.o
LOAD Drivers/STM32F4xx_HAL_Driver/Src/stm32f4xx_hal_flash_ramfunc.o
LOAD Drivers/STM32F4xx_HAL_Driver/Src/stm32f4xx_hal_gpio.o
LOAD Drivers/STM32F4xx_HAL_Driver/Src/stm32f4xx_hal_i2c.o
LOAD Drivers/STM32F4xx_HAL_Driver/Src/stm32f4xx_hal_i2c_ex.o
LOAD Drivers/STM32F4xx_HAL_Driver/Src/stm32f4xx_hal_pwr.o
LOAD Drivers/STM32F4xx_HAL_Driver/Src/stm32f4xx_hal_pwr_ex.o
LOAD Drivers/STM32F4xx_HAL_Driver/Src/stm32f4xx_hal_rcc.o
LOAD Drivers/STM32F4xx_HAL_Driver/Src/stm32f4xx_hal_rcc_ex.o
LOAD Drivers/STM32F4xx_HAL_Driver/Src/stm32f4xx_hal_spi.o
LOAD Drivers/STM32F4xx_HAL_Driver/Src/stm32f4xx_hal_tim.o
LOAD Drivers/STM32F4xx_HAL_Driver/Src/stm32f4xx_hal_tim_ex.o
LOAD Drivers/STM32F4xx_HAL_Driver/Src/stm32f4xx_hal_uart.o
LOAD Drivers/Src/Filters.o
LOAD Drivers/Src/Ibus.o
LOAD Drivers/Src/Led_rgb.o
LOAD Drivers/Src/Motors.o
LOAD Drivers/Src/Pid.o
LOAD Drivers/Src/Sequence_led.o
START GROUP
LOAD c:/st/stm32cubeide_1.4.0/stm32cubeide/plugins/com.st.stm32cube.ide.mcu.externaltools.gnu-tools-for-stm32.7-2018-q2-update.win32_1.5.0.202011040924/tools/bin/../lib/gcc/arm-none-eabi/7.3.1/../../../../arm-none-eabi/lib/thumb/v7e-m/fpv4-sp/hard\libc_nano.a
LOAD c:/st/stm32cubeide_1.4.0/stm32cubeide/plugins/com.st.stm32cube.ide.mcu.externaltools.gnu-tools-for-stm32.7-2018-q2-update.win32_1.5.0.202011040924/tools/bin/../lib/gcc/arm-none-eabi/7.3.1/../../../../arm-none-eabi/lib/thumb/v7e-m/fpv4-sp/hard\libm.a
END GROUP
START GROUP
LOAD c:/st/stm32cubeide_1.4.0/stm32cubeide/plugins/com.st.stm32cube.ide.mcu.externaltools.gnu-tools-for-stm32.7-2018-q2-update.win32_1.5.0.202011040924/tools/bin/../lib/gcc/arm-none-eabi/7.3.1/thumb/v7e-m/fpv4-sp/hard\libgcc.a
LOAD c:/st/stm32cubeide_1.4.0/stm32cubeide/plugins/com.st.stm32cube.ide.mcu.externaltools.gnu-tools-for-stm32.7-2018-q2-update.win32_1.5.0.202011040924/tools/bin/../lib/gcc/arm-none-eabi/7.3.1/../../../../arm-none-eabi/lib/thumb/v7e-m/fpv4-sp/hard\libc_nano.a
END GROUP
START GROUP
LOAD c:/st/stm32cubeide_1.4.0/stm32cubeide/plugins/com.st.stm32cube.ide.mcu.externaltools.gnu-tools-for-stm32.7-2018-q2-update.win32_1.5.0.202011040924/tools/bin/../lib/gcc/arm-none-eabi/7.3.1/thumb/v7e-m/fpv4-sp/hard\libgcc.a
LOAD c:/st/stm32cubeide_1.4.0/stm32cubeide/plugins/com.st.stm32cube.ide.mcu.externaltools.gnu-tools-for-stm32.7-2018-q2-update.win32_1.5.0.202011040924/tools/bin/../lib/gcc/arm-none-eabi/7.3.1/../../../../arm-none-eabi/lib/thumb/v7e-m/fpv4-sp/hard\libc_nano.a
LOAD c:/st/stm32cubeide_1.4.0/stm32cubeide/plugins/com.st.stm32cube.ide.mcu.externaltools.gnu-tools-for-stm32.7-2018-q2-update.win32_1.5.0.202011040924/tools/bin/../lib/gcc/arm-none-eabi/7.3.1/../../../../arm-none-eabi/lib/thumb/v7e-m/fpv4-sp/hard\libnosys.a
END GROUP
START GROUP
LOAD c:/st/stm32cubeide_1.4.0/stm32cubeide/plugins/com.st.stm32cube.ide.mcu.externaltools.gnu-tools-for-stm32.7-2018-q2-update.win32_1.5.0.202011040924/tools/bin/../lib/gcc/arm-none-eabi/7.3.1/thumb/v7e-m/fpv4-sp/hard\libgcc.a
LOAD c:/st/stm32cubeide_1.4.0/stm32cubeide/plugins/com.st.stm32cube.ide.mcu.externaltools.gnu-tools-for-stm32.7-2018-q2-update.win32_1.5.0.202011040924/tools/bin/../lib/gcc/arm-none-eabi/7.3.1/../../../../arm-none-eabi/lib/thumb/v7e-m/fpv4-sp/hard\libc_nano.a
LOAD c:/st/stm32cubeide_1.4.0/stm32cubeide/plugins/com.st.stm32cube.ide.mcu.externaltools.gnu-tools-for-stm32.7-2018-q2-update.win32_1.5.0.202011040924/tools/bin/../lib/gcc/arm-none-eabi/7.3.1/../../../../arm-none-eabi/lib/thumb/v7e-m/fpv4-sp/hard\libnosys.a
END GROUP
LOAD c:/st/stm32cubeide_1.4.0/stm32cubeide/plugins/com.st.stm32cube.ide.mcu.externaltools.gnu-tools-for-stm32.7-2018-q2-update.win32_1.5.0.202011040924/tools/bin/../lib/gcc/arm-none-eabi/7.3.1/thumb/v7e-m/fpv4-sp/hard/crtend.o
LOAD c:/st/stm32cubeide_1.4.0/stm32cubeide/plugins/com.st.stm32cube.ide.mcu.externaltools.gnu-tools-for-stm32.7-2018-q2-update.win32_1.5.0.202011040924/tools/bin/../lib/gcc/arm-none-eabi/7.3.1/thumb/v7e-m/fpv4-sp/hard/crtn.o
                0x0000000020020000                _estack = (ORIGIN (RAM) + LENGTH (RAM))
                0x0000000000000200                _Min_Heap_Size = 0x200
                0x0000000000000400                _Min_Stack_Size = 0x400

.isr_vector     0x0000000008000000      0x188
                0x0000000008000000                . = ALIGN (0x4)
 *(.isr_vector)
 .isr_vector    0x0000000008000000      0x188 Core/Startup/startup_stm32f405rgtx.o
                0x0000000008000000                g_pfnVectors
                0x0000000008000188                . = ALIGN (0x4)

.text           0x0000000008000190     0xcba0
                0x0000000008000190                . = ALIGN (0x4)
 *(.text)
 .text          0x0000000008000190       0x40 c:/st/stm32cubeide_1.4.0/stm32cubeide/plugins/com.st.stm32cube.ide.mcu.externaltools.gnu-tools-for-stm32.7-2018-q2-update.win32_1.5.0.202011040924/tools/bin/../lib/gcc/arm-none-eabi/7.3.1/thumb/v7e-m/fpv4-sp/hard/crtbegin.o
 .text          0x00000000080001d0       0x10 c:/st/stm32cubeide_1.4.0/stm32cubeide/plugins/com.st.stm32cube.ide.mcu.externaltools.gnu-tools-for-stm32.7-2018-q2-update.win32_1.5.0.202011040924/tools/bin/../lib/gcc/arm-none-eabi/7.3.1/../../../../arm-none-eabi/lib/thumb/v7e-m/fpv4-sp/hard\libc_nano.a(lib_a-strlen.o)
                0x00000000080001d0                strlen
 .text          0x00000000080001e0       0xa0 c:/st/stm32cubeide_1.4.0/stm32cubeide/plugins/com.st.stm32cube.ide.mcu.externaltools.gnu-tools-for-stm32.7-2018-q2-update.win32_1.5.0.202011040924/tools/bin/../lib/gcc/arm-none-eabi/7.3.1/../../../../arm-none-eabi/lib/thumb/v7e-m/fpv4-sp/hard\libc_nano.a(lib_a-memchr.o)
                0x00000000080001e0                memchr
 .text          0x0000000008000280      0x378 c:/st/stm32cubeide_1.4.0/stm32cubeide/plugins/com.st.stm32cube.ide.mcu.externaltools.gnu-tools-for-stm32.7-2018-q2-update.win32_1.5.0.202011040924/tools/bin/../lib/gcc/arm-none-eabi/7.3.1/thumb/v7e-m/fpv4-sp/hard\libgcc.a(_arm_addsubdf3.o)
                0x0000000008000280                __aeabi_drsub
                0x0000000008000288                __aeabi_dsub
                0x0000000008000288                __subdf3
                0x000000000800028c                __aeabi_dadd
                0x000000000800028c                __adddf3
                0x0000000008000504                __floatunsidf
                0x0000000008000504                __aeabi_ui2d
                0x0000000008000524                __floatsidf
                0x0000000008000524                __aeabi_i2d
                0x0000000008000548                __aeabi_f2d
                0x0000000008000548                __extendsfdf2
                0x000000000800058c                __floatundidf
                0x000000000800058c                __aeabi_ul2d
                0x000000000800059c                __floatdidf
                0x000000000800059c                __aeabi_l2d
 .text          0x00000000080005f8      0x424 c:/st/stm32cubeide_1.4.0/stm32cubeide/plugins/com.st.stm32cube.ide.mcu.externaltools.gnu-tools-for-stm32.7-2018-q2-update.win32_1.5.0.202011040924/tools/bin/../lib/gcc/arm-none-eabi/7.3.1/thumb/v7e-m/fpv4-sp/hard\libgcc.a(_arm_muldivdf3.o)
                0x00000000080005f8                __aeabi_dmul
                0x00000000080005f8                __muldf3
                0x000000000800084c                __divdf3
                0x000000000800084c                __aeabi_ddiv
 .text          0x0000000008000a1c      0x110 c:/st/stm32cubeide_1.4.0/stm32cubeide/plugins/com.st.stm32cube.ide.mcu.externaltools.gnu-tools-for-stm32.7-2018-q2-update.win32_1.5.0.202011040924/tools/bin/../lib/gcc/arm-none-eabi/7.3.1/thumb/v7e-m/fpv4-sp/hard\libgcc.a(_arm_cmpdf2.o)
                0x0000000008000a1c                __gtdf2
                0x0000000008000a1c                __gedf2
                0x0000000008000a24                __ltdf2
                0x0000000008000a24                __ledf2
                0x0000000008000a2c                __nedf2
                0x0000000008000a2c                __eqdf2
                0x0000000008000a2c                __cmpdf2
                0x0000000008000aa8                __aeabi_cdrcmple
                0x0000000008000ab8                __aeabi_cdcmpeq
                0x0000000008000ab8                __aeabi_cdcmple
                0x0000000008000ac8                __aeabi_dcmpeq
                0x0000000008000adc                __aeabi_dcmplt
                0x0000000008000af0                __aeabi_dcmple
                0x0000000008000b04                __aeabi_dcmpge
                0x0000000008000b18                __aeabi_dcmpgt
 .text          0x0000000008000b2c       0x2c c:/st/stm32cubeide_1.4.0/stm32cubeide/plugins/com.st.stm32cube.ide.mcu.externaltools.gnu-tools-for-stm32.7-2018-q2-update.win32_1.5.0.202011040924/tools/bin/../lib/gcc/arm-none-eabi/7.3.1/thumb/v7e-m/fpv4-sp/hard\libgcc.a(_arm_unorddf2.o)
                0x0000000008000b2c                __unorddf2
                0x0000000008000b2c                __aeabi_dcmpun
 .text          0x0000000008000b58       0x50 c:/st/stm32cubeide_1.4.0/stm32cubeide/plugins/com.st.stm32cube.ide.mcu.externaltools.gnu-tools-for-stm32.7-2018-q2-update.win32_1.5.0.202011040924/tools/bin/../lib/gcc/arm-none-eabi/7.3.1/thumb/v7e-m/fpv4-sp/hard\libgcc.a(_arm_fixdfsi.o)
                0x0000000008000b58                __aeabi_d2iz
                0x0000000008000b58                __fixdfsi
 .text          0x0000000008000ba8       0xa0 c:/st/stm32cubeide_1.4.0/stm32cubeide/plugins/com.st.stm32cube.ide.mcu.externaltools.gnu-tools-for-stm32.7-2018-q2-update.win32_1.5.0.202011040924/tools/bin/../lib/gcc/arm-none-eabi/7.3.1/thumb/v7e-m/fpv4-sp/hard\libgcc.a(_arm_truncdfsf2.o)
                0x0000000008000ba8                __truncdfsf2
                0x0000000008000ba8                __aeabi_d2f
 .text          0x0000000008000c48       0x30 c:/st/stm32cubeide_1.4.0/stm32cubeide/plugins/com.st.stm32cube.ide.mcu.externaltools.gnu-tools-for-stm32.7-2018-q2-update.win32_1.5.0.202011040924/tools/bin/../lib/gcc/arm-none-eabi/7.3.1/thumb/v7e-m/fpv4-sp/hard\libgcc.a(_aeabi_uldivmod.o)
                0x0000000008000c48                __aeabi_uldivmod
 .text          0x0000000008000c78      0x2cc c:/st/stm32cubeide_1.4.0/stm32cubeide/plugins/com.st.stm32cube.ide.mcu.externaltools.gnu-tools-for-stm32.7-2018-q2-update.win32_1.5.0.202011040924/tools/bin/../lib/gcc/arm-none-eabi/7.3.1/thumb/v7e-m/fpv4-sp/hard\libgcc.a(_udivmoddi4.o)
                0x0000000008000c78                __udivmoddi4
 .text          0x0000000008000f44        0x4 c:/st/stm32cubeide_1.4.0/stm32cubeide/plugins/com.st.stm32cube.ide.mcu.externaltools.gnu-tools-for-stm32.7-2018-q2-update.win32_1.5.0.202011040924/tools/bin/../lib/gcc/arm-none-eabi/7.3.1/thumb/v7e-m/fpv4-sp/hard\libgcc.a(_dvmd_tls.o)
                0x0000000008000f44                __aeabi_idiv0
                0x0000000008000f44                __aeabi_ldiv0
 *(.text*)
 .text.angle_180
                0x0000000008000f48       0x70 Core/Estimators/orientation.o
 .text.absolu   0x0000000008000fb8       0x34 Core/Estimators/orientation.o
 .text.acc_correction
                0x0000000008000fec       0x54 Core/Estimators/orientation.o
 .text.ORIENTATION_Init
                0x0000000008001040       0x88 Core/Estimators/orientation.o
                0x0000000008001040                ORIENTATION_Init
 .text.ORIENTATION_Update
                0x00000000080010c8      0x294 Core/Estimators/orientation.o
                0x00000000080010c8                ORIENTATION_Update
 .text.FLIGHT_MODE_Init
                0x000000000800135c       0x20 Core/Flight_mode/Flight_mode.o
                0x000000000800135c                FLIGHT_MODE_Init
 .text.FLIGHT_MODE_Set_Flight_Mode
                0x000000000800137c       0x20 Core/Flight_mode/Flight_mode.o
                0x000000000800137c                FLIGHT_MODE_Set_Flight_Mode
 .text.FLIGHT_MODE_Main
                0x000000000800139c       0x7c Core/Flight_mode/Flight_mode.o
                0x000000000800139c                FLIGHT_MODE_Main
 .text.on_the_ground_entrance
                0x0000000008001418        0xe Core/Flight_mode/Flight_mode.o
 .text.on_the_ground_main
                0x0000000008001426        0xe Core/Flight_mode/Flight_mode.o
 .text.manual_accro_entrance
                0x0000000008001434        0xe Core/Flight_mode/Flight_mode.o
 *fill*         0x0000000008001442        0x2 
 .text.manual_accro_main
                0x0000000008001444       0x98 Core/Flight_mode/Flight_mode.o
 .text.DEBUG_init
                0x00000000080014dc       0x1c Core/OS/debug/debug.o
                0x00000000080014dc                DEBUG_init
 .text.RetargetInit
                0x00000000080014f8       0x30 Core/OS/debug/retarget.o
                0x00000000080014f8                RetargetInit
 .text._isatty  0x0000000008001528       0x2c Core/OS/debug/retarget.o
                0x0000000008001528                _isatty
 .text._write   0x0000000008001554       0x54 Core/OS/debug/retarget.o
                0x0000000008001554                _write
 .text._close   0x00000000080015a8       0x2e Core/OS/debug/retarget.o
                0x00000000080015a8                _close
 .text._lseek   0x00000000080015d6       0x22 Core/OS/debug/retarget.o
                0x00000000080015d6                _lseek
 .text._read    0x00000000080015f8       0x50 Core/OS/debug/retarget.o
                0x00000000080015f8                _read
 .text._fstat   0x0000000008001648       0x36 Core/OS/debug/retarget.o
                0x0000000008001648                _fstat
 *fill*         0x000000000800167e        0x2 
 .text.gyro_init_ok_func
                0x0000000008001680       0x2c Core/OS/events/events.o
 .text.acc_init_ok_func
                0x00000000080016ac       0x2c Core/OS/events/events.o
 .text.ibus_data_rdy
                0x00000000080016d8       0x2c Core/OS/events/events.o
 .text.on_the_ground
                0x0000000008001704       0x30 Core/OS/events/events.o
 .text.manual_accro
                0x0000000008001734       0x30 Core/OS/events/events.o
 .text.gyro_data_ready_func
                0x0000000008001764       0x2c Core/OS/events/events.o
 .text.acc_data_ready_func
                0x0000000008001790       0x2c Core/OS/events/events.o
 .text.orientation_update
                0x00000000080017bc       0x34 Core/OS/events/events.o
 .text.EVENT_process_events_main
                0x00000000080017f0      0x104 Core/OS/events/events.o
                0x00000000080017f0                EVENT_process_events_main
 .text.EVENT_process_events_it
                0x00000000080018f4      0x104 Core/OS/events/events.o
                0x00000000080018f4                EVENT_process_events_it
 .text.EVENT_Set_flag
                0x00000000080019f8       0x30 Core/OS/events/events.o
                0x00000000080019f8                EVENT_Set_flag
 .text.EVENT_Clean_flag
                0x0000000008001a28       0x30 Core/OS/events/events.o
                0x0000000008001a28                EVENT_Clean_flag
 .text.EVENT_timmer_callback
                0x0000000008001a58       0x34 Core/OS/events/events.o
                0x0000000008001a58                EVENT_timmer_callback
 .text.EVENT_init
                0x0000000008001a8c       0x60 Core/OS/events/events.o
                0x0000000008001a8c                EVENT_init
 .text.HAL_TIM_PeriodElapsedCallback
                0x0000000008001aec       0x16 Core/OS/events/events.o
                0x0000000008001aec                HAL_TIM_PeriodElapsedCallback
 .text.Mask_test_and
                0x0000000008001b02       0x66 Core/OS/events/mask.o
                0x0000000008001b02                Mask_test_and
 .text.Mask_test_or
                0x0000000008001b68       0x58 Core/OS/events/mask.o
                0x0000000008001b68                Mask_test_or
 .text.MASK_set_flag
                0x0000000008001bc0       0x60 Core/OS/events/mask.o
                0x0000000008001bc0                MASK_set_flag
 .text.MASK_clean_flag
                0x0000000008001c20       0x5e Core/OS/events/mask.o
                0x0000000008001c20                MASK_clean_flag
 .text.mask_def_events_it_init
                0x0000000008001c7e       0x2c Core/OS/events/mask_def.o
                0x0000000008001c7e                mask_def_events_it_init
 .text.mask_def_events_main_init
                0x0000000008001caa       0x44 Core/OS/events/mask_def.o
                0x0000000008001caa                mask_def_events_main_init
 .text.mask_def_gyro_init_ok
                0x0000000008001cee       0x32 Core/OS/events/mask_def.o
 .text.mask_def_gyro_data_ready
                0x0000000008001d20       0x26 Core/OS/events/mask_def.o
 .text.mask_def_acc_init_ok
                0x0000000008001d46       0x32 Core/OS/events/mask_def.o
 .text.mask_def_acc_data_ready
                0x0000000008001d78       0x26 Core/OS/events/mask_def.o
 .text.mask_def_orientation_update
                0x0000000008001d9e       0x3a Core/OS/events/mask_def.o
 .text.mask_def_ibus_data_rdy
                0x0000000008001dd8       0x26 Core/OS/events/mask_def.o
 .text.mask_def_on_the_ground
                0x0000000008001dfe       0x32 Core/OS/events/mask_def.o
 .text.mask_def_manual_accro
                0x0000000008001e30       0x30 Core/OS/events/mask_def.o
 .text.SCHEDULER_init
                0x0000000008001e60       0x24 Core/OS/scheduler/scheduler.o
                0x0000000008001e60                SCHEDULER_init
 .text.SCHEDULER_run
                0x0000000008001e84       0xcc Core/OS/scheduler/scheduler.o
                0x0000000008001e84                SCHEDULER_run
 .text.SCHEDULER_task
                0x0000000008001f50       0x50 Core/OS/scheduler/scheduler.o
                0x0000000008001f50                SCHEDULER_task
 .text.get_first_task
                0x0000000008001fa0       0x20 Core/OS/scheduler/scheduler.o
 .text.get_next_task
                0x0000000008001fc0       0x2c Core/OS/scheduler/scheduler.o
 .text.task_process
                0x0000000008001fec      0x160 Core/OS/scheduler/scheduler.o
 .text.SCHEDULER_enable_task
                0x000000000800214c       0x3c Core/OS/scheduler/scheduler.o
                0x000000000800214c                SCHEDULER_enable_task
 .text.SCHEDULER_task_set_mode
                0x0000000008002188       0x58 Core/OS/scheduler/scheduler.o
                0x0000000008002188                SCHEDULER_task_set_mode
 .text.queu_contains
                0x00000000080021e0       0x50 Core/OS/scheduler/scheduler.o
 .text.queu_add
                0x0000000008002230       0xc0 Core/OS/scheduler/scheduler.o
 .text.queu_remove
                0x00000000080022f0       0x84 Core/OS/scheduler/scheduler.o
 .text.tasks_init
                0x0000000008002374       0x6c Core/OS/tasks/task.o
                0x0000000008002374                tasks_init
 .text.process_print_f
                0x00000000080023e0       0x64 Core/OS/tasks/task.o
                0x00000000080023e0                process_print_f
 .text.process_led
                0x0000000008002444       0x3c Core/OS/tasks/task.o
                0x0000000008002444                process_led
 .text.process_gyro_update
                0x0000000008002480       0x2c Core/OS/tasks/task.o
                0x0000000008002480                process_gyro_update
 .text.process_gyro_filter
                0x00000000080024ac       0x2c Core/OS/tasks/task.o
                0x00000000080024ac                process_gyro_filter
 .text.process_acc_update
                0x00000000080024d8       0x20 Core/OS/tasks/task.o
                0x00000000080024d8                process_acc_update
 .text.process_acc_filter
                0x00000000080024f8       0x20 Core/OS/tasks/task.o
                0x00000000080024f8                process_acc_filter
 .text.process_event_main
                0x0000000008002518       0x14 Core/OS/tasks/task.o
                0x0000000008002518                process_event_main
 .text.process_orientation_update
                0x000000000800252c       0x44 Core/OS/tasks/task.o
                0x000000000800252c                process_orientation_update
 .text.process_task_scheduler
                0x0000000008002570       0x14 Core/OS/tasks/task.o
                0x0000000008002570                process_task_scheduler
 .text.process_controller_channel_update
                0x0000000008002584       0x22 Core/OS/tasks/task.o
                0x0000000008002584                process_controller_channel_update
 .text.process_controller_channel_analysis
                0x00000000080025a6       0x14 Core/OS/tasks/task.o
                0x00000000080025a6                process_controller_channel_analysis
 .text.process_motor_update
                0x00000000080025ba       0x14 Core/OS/tasks/task.o
                0x00000000080025ba                process_motor_update
 *fill*         0x00000000080025ce        0x2 
 .text.TASK_get_task
                0x00000000080025d0       0x28 Core/OS/tasks/task.o
                0x00000000080025d0                TASK_get_task
 .text.TIME_us  0x00000000080025f8       0x5c Core/OS/time.o
                0x00000000080025f8                TIME_us
 .text.PROPULSION_Init
                0x0000000008002654       0x34 Core/Propulsion/Propulsion.o
                0x0000000008002654                PROPULSION_Init
 .text.PROPULSION_Update_Motors
                0x0000000008002688      0x13c Core/Propulsion/Propulsion.o
                0x0000000008002688                PROPULSION_Update_Motors
 .text.CONTROLLER_Init
                0x00000000080027c4       0x7c Core/Radio/controller.o
                0x00000000080027c4                CONTROLLER_Init
 .text.CONTROLLER_Update_Channels_Analysis
                0x0000000008002840      0x364 Core/Radio/controller.o
                0x0000000008002840                CONTROLLER_Update_Channels_Analysis
 .text.flag_process
                0x0000000008002ba4      0x194 Core/Radio/controller.o
 .text.CONTROLLER_Update_Channels_Array
                0x0000000008002d38        0xe Core/Radio/controller.o
                0x0000000008002d38                CONTROLLER_Update_Channels_Array
 .text.CONTROLLER_Rx_Data_Rdy
                0x0000000008002d46        0xe Core/Radio/controller.o
                0x0000000008002d46                CONTROLLER_Rx_Data_Rdy
 .text.REGULATION_ORIENTATION_Init
                0x0000000008002d54       0x84 Core/Regulation/Regu_orientation.o
                0x0000000008002d54                REGULATION_ORIENTATION_Init
 .text.REGULATION_ORIENTATION_Set_Regulation_Mode
                0x0000000008002dd8       0x24 Core/Regulation/Regu_orientation.o
                0x0000000008002dd8                REGULATION_ORIENTATION_Set_Regulation_Mode
 .text.REGULATION_ORIENTATION_Process
                0x0000000008002dfc       0xf0 Core/Regulation/Regu_orientation.o
                0x0000000008002dfc                REGULATION_ORIENTATION_Process
 .text.ACC_init
                0x0000000008002eec       0x84 Core/Sensors/acc.o
                0x0000000008002eec                ACC_init
 .text.ACC_update
                0x0000000008002f70       0x3c Core/Sensors/acc.o
                0x0000000008002f70                ACC_update
 .text.ACC_process_lpf
                0x0000000008002fac       0x80 Core/Sensors/acc.o
                0x0000000008002fac                ACC_process_lpf
 .text.acc_data_callback
                0x000000000800302c        0xe Core/Sensors/acc.o
 *fill*         0x000000000800303a        0x2 
 .text.GYRO_init
                0x000000000800303c       0x84 Core/Sensors/gyro.o
                0x000000000800303c                GYRO_init
 .text.GYRO_ACC_update_dma
                0x00000000080030c0       0x38 Core/Sensors/gyro.o
                0x00000000080030c0                GYRO_ACC_update_dma
 .text.GYRO_process_lpf
                0x00000000080030f8       0x80 Core/Sensors/gyro.o
                0x00000000080030f8                GYRO_process_lpf
 .text.gyro_data_callback
                0x0000000008003178        0xe Core/Sensors/gyro.o
 .text.convert_gyro
                0x0000000008003186       0xc6 Core/Sensors/mpu.o
 .text.convert_acc
                0x000000000800324c       0xcc Core/Sensors/mpu.o
 .text.MPU_cs_lock
                0x0000000008003318       0x20 Core/Sensors/mpu.o
 .text.MPU_cs_unlock
                0x0000000008003338       0x20 Core/Sensors/mpu.o
 .text.MPU_init
                0x0000000008003358       0xc8 Core/Sensors/mpu.o
                0x0000000008003358                MPU_init
 .text.MPU_init_gyro
                0x0000000008003420      0x160 Core/Sensors/mpu.o
                0x0000000008003420                MPU_init_gyro
 .text.MPU_init_acc
                0x0000000008003580      0x148 Core/Sensors/mpu.o
                0x0000000008003580                MPU_init_acc
 .text.MPU_update_acc
                0x00000000080036c8       0x7e Core/Sensors/mpu.o
                0x00000000080036c8                MPU_update_acc
 .text.MPU_update_all_dma
                0x0000000008003746       0x70 Core/Sensors/mpu.o
                0x0000000008003746                MPU_update_all_dma
 .text.MPU_dma_transmit_complete
                0x00000000080037b6       0x58 Core/Sensors/mpu.o
 .text.MPU_dma_transmit_half_complete
                0x000000000800380e       0x24 Core/Sensors/mpu.o
 *fill*         0x0000000008003832        0x2 
 .text.HAL_SPI_TxRxCpltCallback
                0x0000000008003834       0x2c Core/Sensors/mpu.o
                0x0000000008003834                HAL_SPI_TxRxCpltCallback
 .text.HAL_SPI_TxRxHalfCpltCallback
                0x0000000008003860       0x2c Core/Sensors/mpu.o
                0x0000000008003860                HAL_SPI_TxRxHalfCpltCallback
 .text.MX_ADC2_Init
                0x000000000800388c       0xa4 Core/Src/adc.o
                0x000000000800388c                MX_ADC2_Init
 .text.HAL_ADC_MspInit
                0x0000000008003930      0x128 Core/Src/adc.o
                0x0000000008003930                HAL_ADC_MspInit
 .text.MX_DMA_Init
                0x0000000008003a58       0xfc Core/Src/dma.o
                0x0000000008003a58                MX_DMA_Init
 .text.MX_GPIO_Init
                0x0000000008003b54      0x13c Core/Src/gpio.o
                0x0000000008003b54                MX_GPIO_Init
 .text.MX_I2C1_Init
                0x0000000008003c90       0x5c Core/Src/i2c.o
                0x0000000008003c90                MX_I2C1_Init
 .text.HAL_I2C_MspInit
                0x0000000008003cec      0x158 Core/Src/i2c.o
                0x0000000008003cec                HAL_I2C_MspInit
 .text.main     0x0000000008003e44      0x140 Core/Src/main.o
                0x0000000008003e44                main
 .text.SystemClock_Config
                0x0000000008003f84       0xd4 Core/Src/main.o
                0x0000000008003f84                SystemClock_Config
 .text.Error_Handler
                0x0000000008004058        0xe Core/Src/main.o
                0x0000000008004058                Error_Handler
 *fill*         0x0000000008004066        0x2 
 .text.MX_SPI1_Init
                0x0000000008004068       0x6c Core/Src/spi.o
                0x0000000008004068                MX_SPI1_Init
 .text.MX_SPI2_Init
                0x00000000080040d4       0x6c Core/Src/spi.o
                0x00000000080040d4                MX_SPI2_Init
 .text.HAL_SPI_MspInit
                0x0000000008004140      0x28c Core/Src/spi.o
                0x0000000008004140                HAL_SPI_MspInit
 .text.HAL_MspInit
                0x00000000080043cc       0x50 Core/Src/stm32f4xx_hal_msp.o
                0x00000000080043cc                HAL_MspInit
 .text.NMI_Handler
                0x000000000800441c        0xe Core/Src/stm32f4xx_it.o
                0x000000000800441c                NMI_Handler
 .text.HardFault_Handler
                0x000000000800442a        0x6 Core/Src/stm32f4xx_it.o
                0x000000000800442a                HardFault_Handler
 .text.MemManage_Handler
                0x0000000008004430        0x6 Core/Src/stm32f4xx_it.o
                0x0000000008004430                MemManage_Handler
 .text.BusFault_Handler
                0x0000000008004436        0x6 Core/Src/stm32f4xx_it.o
                0x0000000008004436                BusFault_Handler
 .text.UsageFault_Handler
                0x000000000800443c        0x6 Core/Src/stm32f4xx_it.o
                0x000000000800443c                UsageFault_Handler
 .text.SVC_Handler
                0x0000000008004442        0xe Core/Src/stm32f4xx_it.o
                0x0000000008004442                SVC_Handler
 .text.DebugMon_Handler
                0x0000000008004450        0xe Core/Src/stm32f4xx_it.o
                0x0000000008004450                DebugMon_Handler
 .text.PendSV_Handler
                0x000000000800445e        0xe Core/Src/stm32f4xx_it.o
                0x000000000800445e                PendSV_Handler
 .text.SysTick_Handler
                0x000000000800446c        0xc Core/Src/stm32f4xx_it.o
                0x000000000800446c                SysTick_Handler
 .text.DMA1_Stream0_IRQHandler
                0x0000000008004478       0x14 Core/Src/stm32f4xx_it.o
                0x0000000008004478                DMA1_Stream0_IRQHandler
 .text.DMA1_Stream1_IRQHandler
                0x000000000800448c       0x14 Core/Src/stm32f4xx_it.o
                0x000000000800448c                DMA1_Stream1_IRQHandler
 .text.DMA1_Stream3_IRQHandler
                0x00000000080044a0       0x14 Core/Src/stm32f4xx_it.o
                0x00000000080044a0                DMA1_Stream3_IRQHandler
 .text.DMA1_Stream4_IRQHandler
                0x00000000080044b4       0x14 Core/Src/stm32f4xx_it.o
                0x00000000080044b4                DMA1_Stream4_IRQHandler
 .text.DMA1_Stream5_IRQHandler
                0x00000000080044c8       0x14 Core/Src/stm32f4xx_it.o
                0x00000000080044c8                DMA1_Stream5_IRQHandler
 .text.TIM2_IRQHandler
                0x00000000080044dc       0x14 Core/Src/stm32f4xx_it.o
                0x00000000080044dc                TIM2_IRQHandler
 .text.USART3_IRQHandler
                0x00000000080044f0       0x14 Core/Src/stm32f4xx_it.o
                0x00000000080044f0                USART3_IRQHandler
 .text.DMA1_Stream7_IRQHandler
                0x0000000008004504       0x14 Core/Src/stm32f4xx_it.o
                0x0000000008004504                DMA1_Stream7_IRQHandler
 .text.DMA2_Stream0_IRQHandler
                0x0000000008004518       0x14 Core/Src/stm32f4xx_it.o
                0x0000000008004518                DMA2_Stream0_IRQHandler
 .text.DMA2_Stream1_IRQHandler
                0x000000000800452c       0x14 Core/Src/stm32f4xx_it.o
                0x000000000800452c                DMA2_Stream1_IRQHandler
 .text.DMA2_Stream2_IRQHandler
                0x0000000008004540       0x14 Core/Src/stm32f4xx_it.o
                0x0000000008004540                DMA2_Stream2_IRQHandler
 .text.DMA2_Stream3_IRQHandler
                0x0000000008004554       0x14 Core/Src/stm32f4xx_it.o
                0x0000000008004554                DMA2_Stream3_IRQHandler
 .text.DMA2_Stream6_IRQHandler
                0x0000000008004568       0x14 Core/Src/stm32f4xx_it.o
                0x0000000008004568                DMA2_Stream6_IRQHandler
 .text.HAL_UART_RxCpltCallback
                0x000000000800457c       0x16 Core/Src/stm32f4xx_it.o
                0x000000000800457c                HAL_UART_RxCpltCallback
 .text.HAL_UART_RxHalfCpltCallback
                0x0000000008004592       0x16 Core/Src/stm32f4xx_it.o
                0x0000000008004592                HAL_UART_RxHalfCpltCallback
 .text._sbrk    0x00000000080045a8       0x6c Core/Src/sysmem.o
                0x00000000080045a8                _sbrk
 .text.SystemInit
                0x0000000008004614       0x2c Core/Src/system_stm32f4xx.o
                0x0000000008004614                SystemInit
 .text.MX_TIM1_Init
                0x0000000008004640      0x18c Core/Src/tim.o
                0x0000000008004640                MX_TIM1_Init
 .text.MX_TIM2_Init
                0x00000000080047cc       0x98 Core/Src/tim.o
                0x00000000080047cc                MX_TIM2_Init
 .text.HAL_TIM_Base_MspInit
                0x0000000008004864       0x78 Core/Src/tim.o
                0x0000000008004864                HAL_TIM_Base_MspInit
 .text.HAL_TIM_MspPostInit
                0x00000000080048dc       0x74 Core/Src/tim.o
                0x00000000080048dc                HAL_TIM_MspPostInit
 .text.MX_USART2_UART_Init
                0x0000000008004950       0x54 Core/Src/usart.o
                0x0000000008004950                MX_USART2_UART_Init
 .text.MX_USART3_UART_Init
                0x00000000080049a4       0x54 Core/Src/usart.o
                0x00000000080049a4                MX_USART3_UART_Init
 .text.MX_USART6_UART_Init
                0x00000000080049f8       0x54 Core/Src/usart.o
                0x00000000080049f8                MX_USART6_UART_Init
 .text.HAL_UART_MspInit
                0x0000000008004a4c      0x310 Core/Src/usart.o
                0x0000000008004a4c                HAL_UART_MspInit
 .text.Reset_Handler
                0x0000000008004d5c       0x50 Core/Startup/startup_stm32f405rgtx.o
                0x0000000008004d5c                Reset_Handler
 .text.Default_Handler
                0x0000000008004dac        0x2 Core/Startup/startup_stm32f405rgtx.o
                0x0000000008004dac                RTC_Alarm_IRQHandler
                0x0000000008004dac                HASH_RNG_IRQHandler
                0x0000000008004dac                EXTI2_IRQHandler
                0x0000000008004dac                TIM8_CC_IRQHandler
                0x0000000008004dac                TIM1_CC_IRQHandler
                0x0000000008004dac                DMA2_Stream5_IRQHandler
                0x0000000008004dac                PVD_IRQHandler
                0x0000000008004dac                SDIO_IRQHandler
                0x0000000008004dac                TAMP_STAMP_IRQHandler
                0x0000000008004dac                CAN2_RX1_IRQHandler
                0x0000000008004dac                EXTI3_IRQHandler
                0x0000000008004dac                TIM8_TRG_COM_TIM14_IRQHandler
                0x0000000008004dac                TIM1_UP_TIM10_IRQHandler
                0x0000000008004dac                TIM8_UP_TIM13_IRQHandler
                0x0000000008004dac                I2C3_ER_IRQHandler
                0x0000000008004dac                EXTI0_IRQHandler
                0x0000000008004dac                I2C2_EV_IRQHandler
                0x0000000008004dac                DMA1_Stream2_IRQHandler
                0x0000000008004dac                CAN1_RX0_IRQHandler
                0x0000000008004dac                FPU_IRQHandler
                0x0000000008004dac                OTG_HS_WKUP_IRQHandler
                0x0000000008004dac                CAN2_SCE_IRQHandler
                0x0000000008004dac                SPI1_IRQHandler
                0x0000000008004dac                TIM6_DAC_IRQHandler
                0x0000000008004dac                TIM1_BRK_TIM9_IRQHandler
                0x0000000008004dac                CAN2_RX0_IRQHandler
                0x0000000008004dac                USART6_IRQHandler
                0x0000000008004dac                CAN1_RX1_IRQHandler
                0x0000000008004dac                UART5_IRQHandler
                0x0000000008004dac                TIM4_IRQHandler
                0x0000000008004dac                I2C1_EV_IRQHandler
                0x0000000008004dac                DMA1_Stream6_IRQHandler
                0x0000000008004dac                UART4_IRQHandler
                0x0000000008004dac                TIM3_IRQHandler
                0x0000000008004dac                RCC_IRQHandler
                0x0000000008004dac                TIM8_BRK_TIM12_IRQHandler
                0x0000000008004dac                Default_Handler
                0x0000000008004dac                EXTI15_10_IRQHandler
                0x0000000008004dac                ADC_IRQHandler
                0x0000000008004dac                TIM7_IRQHandler
                0x0000000008004dac                CAN2_TX_IRQHandler
                0x0000000008004dac                TIM5_IRQHandler
                0x0000000008004dac                DMA2_Stream7_IRQHandler
                0x0000000008004dac                I2C3_EV_IRQHandler
                0x0000000008004dac                EXTI9_5_IRQHandler
                0x0000000008004dac                RTC_WKUP_IRQHandler
                0x0000000008004dac                SPI2_IRQHandler
                0x0000000008004dac                OTG_HS_EP1_IN_IRQHandler
                0x0000000008004dac                CAN1_TX_IRQHandler
                0x0000000008004dac                EXTI4_IRQHandler
                0x0000000008004dac                FSMC_IRQHandler
                0x0000000008004dac                OTG_HS_EP1_OUT_IRQHandler
                0x0000000008004dac                WWDG_IRQHandler
                0x0000000008004dac                OTG_FS_WKUP_IRQHandler
                0x0000000008004dac                TIM1_TRG_COM_TIM11_IRQHandler
                0x0000000008004dac                OTG_HS_IRQHandler
                0x0000000008004dac                EXTI1_IRQHandler
                0x0000000008004dac                USART2_IRQHandler
                0x0000000008004dac                I2C2_ER_IRQHandler
                0x0000000008004dac                CAN1_SCE_IRQHandler
                0x0000000008004dac                FLASH_IRQHandler
                0x0000000008004dac                DMA2_Stream4_IRQHandler
                0x0000000008004dac                USART1_IRQHandler
                0x0000000008004dac                OTG_FS_IRQHandler
                0x0000000008004dac                SPI3_IRQHandler
                0x0000000008004dac                I2C1_ER_IRQHandler
 *fill*         0x0000000008004dae        0x2 
 .text.HAL_Init
                0x0000000008004db0       0x44 Drivers/STM32F4xx_HAL_Driver/Src/stm32f4xx_hal.o
                0x0000000008004db0                HAL_Init
 .text.HAL_InitTick
                0x0000000008004df4       0x60 Drivers/STM32F4xx_HAL_Driver/Src/stm32f4xx_hal.o
                0x0000000008004df4                HAL_InitTick
 .text.HAL_IncTick
                0x0000000008004e54       0x28 Drivers/STM32F4xx_HAL_Driver/Src/stm32f4xx_hal.o
                0x0000000008004e54                HAL_IncTick
 .text.HAL_GetTick
                0x0000000008004e7c       0x18 Drivers/STM32F4xx_HAL_Driver/Src/stm32f4xx_hal.o
                0x0000000008004e7c                HAL_GetTick
 .text.HAL_Delay
                0x0000000008004e94       0x44 Drivers/STM32F4xx_HAL_Driver/Src/stm32f4xx_hal.o
                0x0000000008004e94                HAL_Delay
 .text.HAL_ADC_Init
                0x0000000008004ed8       0x86 Drivers/STM32F4xx_HAL_Driver/Src/stm32f4xx_hal_adc.o
                0x0000000008004ed8                HAL_ADC_Init
 *fill*         0x0000000008004f5e        0x2 
 .text.HAL_ADC_ConfigChannel
                0x0000000008004f60      0x244 Drivers/STM32F4xx_HAL_Driver/Src/stm32f4xx_hal_adc.o
                0x0000000008004f60                HAL_ADC_ConfigChannel
 .text.ADC_Init
                0x00000000080051a4      0x1f8 Drivers/STM32F4xx_HAL_Driver/Src/stm32f4xx_hal_adc.o
 .text.__NVIC_SetPriorityGrouping
                0x000000000800539c       0x48 Drivers/STM32F4xx_HAL_Driver/Src/stm32f4xx_hal_cortex.o
 .text.__NVIC_GetPriorityGrouping
                0x00000000080053e4       0x1c Drivers/STM32F4xx_HAL_Driver/Src/stm32f4xx_hal_cortex.o
 .text.__NVIC_EnableIRQ
                0x0000000008005400       0x3c Drivers/STM32F4xx_HAL_Driver/Src/stm32f4xx_hal_cortex.o
 .text.__NVIC_SetPriority
                0x000000000800543c       0x54 Drivers/STM32F4xx_HAL_Driver/Src/stm32f4xx_hal_cortex.o
 .text.NVIC_EncodePriority
                0x0000000008005490       0x66 Drivers/STM32F4xx_HAL_Driver/Src/stm32f4xx_hal_cortex.o
 *fill*         0x00000000080054f6        0x2 
 .text.SysTick_Config
                0x00000000080054f8       0x44 Drivers/STM32F4xx_HAL_Driver/Src/stm32f4xx_hal_cortex.o
 .text.HAL_NVIC_SetPriorityGrouping
                0x000000000800553c       0x16 Drivers/STM32F4xx_HAL_Driver/Src/stm32f4xx_hal_cortex.o
                0x000000000800553c                HAL_NVIC_SetPriorityGrouping
 .text.HAL_NVIC_SetPriority
                0x0000000008005552       0x38 Drivers/STM32F4xx_HAL_Driver/Src/stm32f4xx_hal_cortex.o
                0x0000000008005552                HAL_NVIC_SetPriority
 .text.HAL_NVIC_EnableIRQ
                0x000000000800558a       0x1c Drivers/STM32F4xx_HAL_Driver/Src/stm32f4xx_hal_cortex.o
                0x000000000800558a                HAL_NVIC_EnableIRQ
 .text.HAL_SYSTICK_Config
                0x00000000080055a6       0x18 Drivers/STM32F4xx_HAL_Driver/Src/stm32f4xx_hal_cortex.o
                0x00000000080055a6                HAL_SYSTICK_Config
 *fill*         0x00000000080055be        0x2 
 .text.HAL_DMA_Init
                0x00000000080055c0      0x15c Drivers/STM32F4xx_HAL_Driver/Src/stm32f4xx_hal_dma.o
                0x00000000080055c0                HAL_DMA_Init
 .text.HAL_DMA_Start_IT
                0x000000000800571c       0xb0 Drivers/STM32F4xx_HAL_Driver/Src/stm32f4xx_hal_dma.o
                0x000000000800571c                HAL_DMA_Start_IT
 .text.HAL_DMA_Abort_IT
                0x00000000080057cc       0x44 Drivers/STM32F4xx_HAL_Driver/Src/stm32f4xx_hal_dma.o
                0x00000000080057cc                HAL_DMA_Abort_IT
 .text.HAL_DMA_IRQHandler
                0x0000000008005810      0x314 Drivers/STM32F4xx_HAL_Driver/Src/stm32f4xx_hal_dma.o
                0x0000000008005810                HAL_DMA_IRQHandler
 .text.DMA_SetConfig
                0x0000000008005b24       0x5c Drivers/STM32F4xx_HAL_Driver/Src/stm32f4xx_hal_dma.o
 .text.DMA_CalcBaseAndBitshift
                0x0000000008005b80       0x6c Drivers/STM32F4xx_HAL_Driver/Src/stm32f4xx_hal_dma.o
 .text.DMA_CheckFifoParam
                0x0000000008005bec       0xf4 Drivers/STM32F4xx_HAL_Driver/Src/stm32f4xx_hal_dma.o
 .text.HAL_GPIO_Init
                0x0000000008005ce0      0x334 Drivers/STM32F4xx_HAL_Driver/Src/stm32f4xx_hal_gpio.o
                0x0000000008005ce0                HAL_GPIO_Init
 .text.HAL_GPIO_WritePin
                0x0000000008006014       0x32 Drivers/STM32F4xx_HAL_Driver/Src/stm32f4xx_hal_gpio.o
                0x0000000008006014                HAL_GPIO_WritePin
 *fill*         0x0000000008006046        0x2 
 .text.HAL_I2C_Init
                0x0000000008006048      0x270 Drivers/STM32F4xx_HAL_Driver/Src/stm32f4xx_hal_i2c.o
                0x0000000008006048                HAL_I2C_Init
 .text.HAL_RCC_OscConfig
                0x00000000080062b8      0x4e0 Drivers/STM32F4xx_HAL_Driver/Src/stm32f4xx_hal_rcc.o
                0x00000000080062b8                HAL_RCC_OscConfig
 .text.HAL_RCC_ClockConfig
                0x0000000008006798      0x1cc Drivers/STM32F4xx_HAL_Driver/Src/stm32f4xx_hal_rcc.o
                0x0000000008006798                HAL_RCC_ClockConfig
 .text.HAL_RCC_GetSysClockFreq
                0x0000000008006964      0x164 Drivers/STM32F4xx_HAL_Driver/Src/stm32f4xx_hal_rcc.o
                0x0000000008006964                HAL_RCC_GetSysClockFreq
 .text.HAL_RCC_GetHCLKFreq
                0x0000000008006ac8       0x18 Drivers/STM32F4xx_HAL_Driver/Src/stm32f4xx_hal_rcc.o
                0x0000000008006ac8                HAL_RCC_GetHCLKFreq
 .text.HAL_RCC_GetPCLK1Freq
                0x0000000008006ae0       0x28 Drivers/STM32F4xx_HAL_Driver/Src/stm32f4xx_hal_rcc.o
                0x0000000008006ae0                HAL_RCC_GetPCLK1Freq
 .text.HAL_RCC_GetPCLK2Freq
                0x0000000008006b08       0x28 Drivers/STM32F4xx_HAL_Driver/Src/stm32f4xx_hal_rcc.o
                0x0000000008006b08                HAL_RCC_GetPCLK2Freq
 .text.HAL_SPI_Init
                0x0000000008006b30       0xc8 Drivers/STM32F4xx_HAL_Driver/Src/stm32f4xx_hal_spi.o
                0x0000000008006b30                HAL_SPI_Init
 .text.HAL_SPI_Transmit
                0x0000000008006bf8      0x268 Drivers/STM32F4xx_HAL_Driver/Src/stm32f4xx_hal_spi.o
                0x0000000008006bf8                HAL_SPI_Transmit
 .text.HAL_SPI_TransmitReceive
                0x0000000008006e60      0x344 Drivers/STM32F4xx_HAL_Driver/Src/stm32f4xx_hal_spi.o
                0x0000000008006e60                HAL_SPI_TransmitReceive
 .text.HAL_SPI_TransmitReceive_DMA
                0x00000000080071a4      0x204 Drivers/STM32F4xx_HAL_Driver/Src/stm32f4xx_hal_spi.o
                0x00000000080071a4                HAL_SPI_TransmitReceive_DMA
 .text.HAL_SPI_RxCpltCallback
                0x00000000080073a8       0x14 Drivers/STM32F4xx_HAL_Driver/Src/stm32f4xx_hal_spi.o
                0x00000000080073a8                HAL_SPI_RxCpltCallback
 .text.HAL_SPI_RxHalfCpltCallback
                0x00000000080073bc       0x14 Drivers/STM32F4xx_HAL_Driver/Src/stm32f4xx_hal_spi.o
                0x00000000080073bc                HAL_SPI_RxHalfCpltCallback
 .text.HAL_SPI_ErrorCallback
                0x00000000080073d0       0x14 Drivers/STM32F4xx_HAL_Driver/Src/stm32f4xx_hal_spi.o
                0x00000000080073d0                HAL_SPI_ErrorCallback
 .text.SPI_DMAReceiveCplt
                0x00000000080073e4       0xa8 Drivers/STM32F4xx_HAL_Driver/Src/stm32f4xx_hal_spi.o
 .text.SPI_DMATransmitReceiveCplt
                0x000000000800748c       0x90 Drivers/STM32F4xx_HAL_Driver/Src/stm32f4xx_hal_spi.o
 .text.SPI_DMAHalfReceiveCplt
                0x000000000800751c       0x1c Drivers/STM32F4xx_HAL_Driver/Src/stm32f4xx_hal_spi.o
 .text.SPI_DMAHalfTransmitReceiveCplt
                0x0000000008007538       0x1c Drivers/STM32F4xx_HAL_Driver/Src/stm32f4xx_hal_spi.o
 .text.SPI_DMAError
                0x0000000008007554       0x40 Drivers/STM32F4xx_HAL_Driver/Src/stm32f4xx_hal_spi.o
 .text.SPI_WaitFlagStateUntilTimeout
                0x0000000008007594       0xd4 Drivers/STM32F4xx_HAL_Driver/Src/stm32f4xx_hal_spi.o
 .text.SPI_EndRxTransaction
                0x0000000008007668       0xca Drivers/STM32F4xx_HAL_Driver/Src/stm32f4xx_hal_spi.o
 *fill*         0x0000000008007732        0x2 
 .text.SPI_EndRxTxTransaction
                0x0000000008007734       0x84 Drivers/STM32F4xx_HAL_Driver/Src/stm32f4xx_hal_spi.o
 .text.HAL_TIM_Base_Init
                0x00000000080077b8       0x56 Drivers/STM32F4xx_HAL_Driver/Src/stm32f4xx_hal_tim.o
                0x00000000080077b8                HAL_TIM_Base_Init
 .text.HAL_TIM_Base_Start_IT
                0x000000000800780e       0x48 Drivers/STM32F4xx_HAL_Driver/Src/stm32f4xx_hal_tim.o
                0x000000000800780e                HAL_TIM_Base_Start_IT
 .text.HAL_TIM_PWM_Init
                0x0000000008007856       0x56 Drivers/STM32F4xx_HAL_Driver/Src/stm32f4xx_hal_tim.o
                0x0000000008007856                HAL_TIM_PWM_Init
 .text.HAL_TIM_PWM_MspInit
                0x00000000080078ac       0x14 Drivers/STM32F4xx_HAL_Driver/Src/stm32f4xx_hal_tim.o
                0x00000000080078ac                HAL_TIM_PWM_MspInit
 .text.HAL_TIM_PWM_Start
                0x00000000080078c0       0x7c Drivers/STM32F4xx_HAL_Driver/Src/stm32f4xx_hal_tim.o
                0x00000000080078c0                HAL_TIM_PWM_Start
 .text.HAL_TIM_IRQHandler
                0x000000000800793c      0x210 Drivers/STM32F4xx_HAL_Driver/Src/stm32f4xx_hal_tim.o
                0x000000000800793c                HAL_TIM_IRQHandler
 .text.HAL_TIM_PWM_ConfigChannel
                0x0000000008007b4c      0x18c Drivers/STM32F4xx_HAL_Driver/Src/stm32f4xx_hal_tim.o
                0x0000000008007b4c                HAL_TIM_PWM_ConfigChannel
 .text.HAL_TIM_ConfigClockSource
                0x0000000008007cd8      0x16e Drivers/STM32F4xx_HAL_Driver/Src/stm32f4xx_hal_tim.o
                0x0000000008007cd8                HAL_TIM_ConfigClockSource
 .text.HAL_TIM_OC_DelayElapsedCallback
                0x0000000008007e46       0x14 Drivers/STM32F4xx_HAL_Driver/Src/stm32f4xx_hal_tim.o
                0x0000000008007e46                HAL_TIM_OC_DelayElapsedCallback
 .text.HAL_TIM_IC_CaptureCallback
                0x0000000008007e5a       0x14 Drivers/STM32F4xx_HAL_Driver/Src/stm32f4xx_hal_tim.o
                0x0000000008007e5a                HAL_TIM_IC_CaptureCallback
 .text.HAL_TIM_PWM_PulseFinishedCallback
                0x0000000008007e6e       0x14 Drivers/STM32F4xx_HAL_Driver/Src/stm32f4xx_hal_tim.o
                0x0000000008007e6e                HAL_TIM_PWM_PulseFinishedCallback
 .text.HAL_TIM_TriggerCallback
                0x0000000008007e82       0x14 Drivers/STM32F4xx_HAL_Driver/Src/stm32f4xx_hal_tim.o
                0x0000000008007e82                HAL_TIM_TriggerCallback
 *fill*         0x0000000008007e96        0x2 
 .text.TIM_Base_SetConfig
                0x0000000008007e98      0x140 Drivers/STM32F4xx_HAL_Driver/Src/stm32f4xx_hal_tim.o
                0x0000000008007e98                TIM_Base_SetConfig
 .text.TIM_OC1_SetConfig
                0x0000000008007fd8       0xe0 Drivers/STM32F4xx_HAL_Driver/Src/stm32f4xx_hal_tim.o
 .text.TIM_OC2_SetConfig
                0x00000000080080b8       0xec Drivers/STM32F4xx_HAL_Driver/Src/stm32f4xx_hal_tim.o
                0x00000000080080b8                TIM_OC2_SetConfig
 .text.TIM_OC3_SetConfig
                0x00000000080081a4       0xe8 Drivers/STM32F4xx_HAL_Driver/Src/stm32f4xx_hal_tim.o
 .text.TIM_OC4_SetConfig
                0x000000000800828c       0xac Drivers/STM32F4xx_HAL_Driver/Src/stm32f4xx_hal_tim.o
 .text.TIM_TI1_ConfigInputStage
                0x0000000008008338       0x5e Drivers/STM32F4xx_HAL_Driver/Src/stm32f4xx_hal_tim.o
 .text.TIM_TI2_ConfigInputStage
                0x0000000008008396       0x60 Drivers/STM32F4xx_HAL_Driver/Src/stm32f4xx_hal_tim.o
 .text.TIM_ITRx_SetConfig
                0x00000000080083f6       0x36 Drivers/STM32F4xx_HAL_Driver/Src/stm32f4xx_hal_tim.o
 .text.TIM_ETR_SetConfig
                0x000000000800842c       0x40 Drivers/STM32F4xx_HAL_Driver/Src/stm32f4xx_hal_tim.o
                0x000000000800842c                TIM_ETR_SetConfig
 .text.TIM_CCxChannelCmd
                0x000000000800846c       0x4a Drivers/STM32F4xx_HAL_Driver/Src/stm32f4xx_hal_tim.o
                0x000000000800846c                TIM_CCxChannelCmd
 *fill*         0x00000000080084b6        0x2 
 .text.HAL_TIMEx_MasterConfigSynchronization
                0x00000000080084b8       0xf8 Drivers/STM32F4xx_HAL_Driver/Src/stm32f4xx_hal_tim_ex.o
                0x00000000080084b8                HAL_TIMEx_MasterConfigSynchronization
 .text.HAL_TIMEx_ConfigBreakDeadTime
                0x00000000080085b0       0xa4 Drivers/STM32F4xx_HAL_Driver/Src/stm32f4xx_hal_tim_ex.o
                0x00000000080085b0                HAL_TIMEx_ConfigBreakDeadTime
 .text.HAL_TIMEx_CommutCallback
                0x0000000008008654       0x14 Drivers/STM32F4xx_HAL_Driver/Src/stm32f4xx_hal_tim_ex.o
                0x0000000008008654                HAL_TIMEx_CommutCallback
 .text.HAL_TIMEx_BreakCallback
                0x0000000008008668       0x14 Drivers/STM32F4xx_HAL_Driver/Src/stm32f4xx_hal_tim_ex.o
                0x0000000008008668                HAL_TIMEx_BreakCallback
 .text.HAL_UART_Init
                0x000000000800867c       0x9a Drivers/STM32F4xx_HAL_Driver/Src/stm32f4xx_hal_uart.o
                0x000000000800867c                HAL_UART_Init
 .text.HAL_UART_Transmit
                0x0000000008008716      0x132 Drivers/STM32F4xx_HAL_Driver/Src/stm32f4xx_hal_uart.o
                0x0000000008008716                HAL_UART_Transmit
 .text.HAL_UART_Receive
                0x0000000008008848      0x14c Drivers/STM32F4xx_HAL_Driver/Src/stm32f4xx_hal_uart.o
                0x0000000008008848                HAL_UART_Receive
 .text.HAL_UART_Receive_DMA
                0x0000000008008994      0x100 Drivers/STM32F4xx_HAL_Driver/Src/stm32f4xx_hal_uart.o
                0x0000000008008994                HAL_UART_Receive_DMA
 .text.HAL_UART_IRQHandler
                0x0000000008008a94      0x200 Drivers/STM32F4xx_HAL_Driver/Src/stm32f4xx_hal_uart.o
                0x0000000008008a94                HAL_UART_IRQHandler
 .text.HAL_UART_TxCpltCallback
                0x0000000008008c94       0x14 Drivers/STM32F4xx_HAL_Driver/Src/stm32f4xx_hal_uart.o
                0x0000000008008c94                HAL_UART_TxCpltCallback
 .text.HAL_UART_ErrorCallback
                0x0000000008008ca8       0x14 Drivers/STM32F4xx_HAL_Driver/Src/stm32f4xx_hal_uart.o
                0x0000000008008ca8                HAL_UART_ErrorCallback
 .text.UART_DMAReceiveCplt
                0x0000000008008cbc       0x68 Drivers/STM32F4xx_HAL_Driver/Src/stm32f4xx_hal_uart.o
 .text.UART_DMARxHalfCplt
                0x0000000008008d24       0x1c Drivers/STM32F4xx_HAL_Driver/Src/stm32f4xx_hal_uart.o
 .text.UART_DMAError
                0x0000000008008d40       0x94 Drivers/STM32F4xx_HAL_Driver/Src/stm32f4xx_hal_uart.o
 .text.UART_WaitOnFlagUntilTimeout
                0x0000000008008dd4       0x94 Drivers/STM32F4xx_HAL_Driver/Src/stm32f4xx_hal_uart.o
 .text.UART_EndTxTransfer
                0x0000000008008e68       0x2c Drivers/STM32F4xx_HAL_Driver/Src/stm32f4xx_hal_uart.o
 .text.UART_EndRxTransfer
                0x0000000008008e94       0x3c Drivers/STM32F4xx_HAL_Driver/Src/stm32f4xx_hal_uart.o
 .text.UART_DMAAbortOnError
                0x0000000008008ed0       0x28 Drivers/STM32F4xx_HAL_Driver/Src/stm32f4xx_hal_uart.o
 .text.UART_Transmit_IT
                0x0000000008008ef8       0xac Drivers/STM32F4xx_HAL_Driver/Src/stm32f4xx_hal_uart.o
 .text.UART_EndTransmit_IT
                0x0000000008008fa4       0x30 Drivers/STM32F4xx_HAL_Driver/Src/stm32f4xx_hal_uart.o
 .text.UART_Receive_IT
                0x0000000008008fd4      0x102 Drivers/STM32F4xx_HAL_Driver/Src/stm32f4xx_hal_uart.o
 *fill*         0x00000000080090d6        0x2 
 .text.UART_SetConfig
                0x00000000080090d8      0x6f8 Drivers/STM32F4xx_HAL_Driver/Src/stm32f4xx_hal_uart.o
 .text.FILTER_init
                0x00000000080097d0       0x46 Drivers/Src/Filters.o
                0x00000000080097d0                FILTER_init
 .text.FILTER_process
                0x0000000008009816       0xce Drivers/Src/Filters.o
                0x0000000008009816                FILTER_process
 .text.check_sum_f
                0x00000000080098e4       0x3c Drivers/Src/Ibus.o
                0x00000000080098e4                check_sum_f
 .text.IBUS_init
                0x0000000008009920       0x4c Drivers/Src/Ibus.o
                0x0000000008009920                IBUS_init
 .text.IBUS_RxCplt
                0x000000000800996c       0x34 Drivers/Src/Ibus.o
                0x000000000800996c                IBUS_RxCplt
 .text.IBUS_RxHalfCplt
                0x00000000080099a0       0x34 Drivers/Src/Ibus.o
                0x00000000080099a0                IBUS_RxHalfCplt
 .text.IBUS_Channel_Update
                0x00000000080099d4      0x310 Drivers/Src/Ibus.o
                0x00000000080099d4                IBUS_Channel_Update
 .text.MOTORS_Init
                0x0000000008009ce4       0x6e Drivers/Src/Motors.o
                0x0000000008009ce4                MOTORS_Init
 .text.MOTORS_Change_output
                0x0000000008009d52       0xce Drivers/Src/Motors.o
                0x0000000008009d52                MOTORS_Change_output
 .text.PID_compute
                0x0000000008009e20      0x138 Drivers/Src/Pid.o
                0x0000000008009e20                PID_compute
 .text.PID_init
                0x0000000008009f58       0x66 Drivers/Src/Pid.o
                0x0000000008009f58                PID_init
 .text.LED_SEQUENCE_init
                0x0000000008009fbe       0x5a Drivers/Src/Sequence_led.o
                0x0000000008009fbe                LED_SEQUENCE_init
 .text.LED_SEQUENCE_play
                0x000000000800a018       0xa8 Drivers/Src/Sequence_led.o
                0x000000000800a018                LED_SEQUENCE_play
 .text.__errno  0x000000000800a0c0        0xc c:/st/stm32cubeide_1.4.0/stm32cubeide/plugins/com.st.stm32cube.ide.mcu.externaltools.gnu-tools-for-stm32.7-2018-q2-update.win32_1.5.0.202011040924/tools/bin/../lib/gcc/arm-none-eabi/7.3.1/../../../../arm-none-eabi/lib/thumb/v7e-m/fpv4-sp/hard\libc_nano.a(lib_a-errno.o)
                0x000000000800a0c0                __errno
 .text.__libc_init_array
                0x000000000800a0cc       0x48 c:/st/stm32cubeide_1.4.0/stm32cubeide/plugins/com.st.stm32cube.ide.mcu.externaltools.gnu-tools-for-stm32.7-2018-q2-update.win32_1.5.0.202011040924/tools/bin/../lib/gcc/arm-none-eabi/7.3.1/../../../../arm-none-eabi/lib/thumb/v7e-m/fpv4-sp/hard\libc_nano.a(lib_a-init.o)
                0x000000000800a0cc                __libc_init_array
 .text.memmove  0x000000000800a114       0x32 c:/st/stm32cubeide_1.4.0/stm32cubeide/plugins/com.st.stm32cube.ide.mcu.externaltools.gnu-tools-for-stm32.7-2018-q2-update.win32_1.5.0.202011040924/tools/bin/../lib/gcc/arm-none-eabi/7.3.1/../../../../arm-none-eabi/lib/thumb/v7e-m/fpv4-sp/hard\libc_nano.a(lib_a-memmove.o)
                0x000000000800a114                memmove
 .text.memset   0x000000000800a146       0x10 c:/st/stm32cubeide_1.4.0/stm32cubeide/plugins/com.st.stm32cube.ide.mcu.externaltools.gnu-tools-for-stm32.7-2018-q2-update.win32_1.5.0.202011040924/tools/bin/../lib/gcc/arm-none-eabi/7.3.1/../../../../arm-none-eabi/lib/thumb/v7e-m/fpv4-sp/hard\libc_nano.a(lib_a-memset.o)
                0x000000000800a146                memset
 .text.__cvt    0x000000000800a156       0xc2 c:/st/stm32cubeide_1.4.0/stm32cubeide/plugins/com.st.stm32cube.ide.mcu.externaltools.gnu-tools-for-stm32.7-2018-q2-update.win32_1.5.0.202011040924/tools/bin/../lib/gcc/arm-none-eabi/7.3.1/../../../../arm-none-eabi/lib/thumb/v7e-m/fpv4-sp/hard\libc_nano.a(lib_a-nano-vfprintf_float.o)
                0x000000000800a156                __cvt
 .text.__exponent
                0x000000000800a218       0x66 c:/st/stm32cubeide_1.4.0/stm32cubeide/plugins/com.st.stm32cube.ide.mcu.externaltools.gnu-tools-for-stm32.7-2018-q2-update.win32_1.5.0.202011040924/tools/bin/../lib/gcc/arm-none-eabi/7.3.1/../../../../arm-none-eabi/lib/thumb/v7e-m/fpv4-sp/hard\libc_nano.a(lib_a-nano-vfprintf_float.o)
                0x000000000800a218                __exponent
 *fill*         0x000000000800a27e        0x2 
 .text._printf_float
                0x000000000800a280      0x480 c:/st/stm32cubeide_1.4.0/stm32cubeide/plugins/com.st.stm32cube.ide.mcu.externaltools.gnu-tools-for-stm32.7-2018-q2-update.win32_1.5.0.202011040924/tools/bin/../lib/gcc/arm-none-eabi/7.3.1/../../../../arm-none-eabi/lib/thumb/v7e-m/fpv4-sp/hard\libc_nano.a(lib_a-nano-vfprintf_float.o)
                0x000000000800a280                _printf_float
 .text._printf_common
                0x000000000800a700       0xea c:/st/stm32cubeide_1.4.0/stm32cubeide/plugins/com.st.stm32cube.ide.mcu.externaltools.gnu-tools-for-stm32.7-2018-q2-update.win32_1.5.0.202011040924/tools/bin/../lib/gcc/arm-none-eabi/7.3.1/../../../../arm-none-eabi/lib/thumb/v7e-m/fpv4-sp/hard\libc_nano.a(lib_a-nano-vfprintf_i.o)
                0x000000000800a700                _printf_common
 *fill*         0x000000000800a7ea        0x2 
 .text._printf_i
                0x000000000800a7ec      0x224 c:/st/stm32cubeide_1.4.0/stm32cubeide/plugins/com.st.stm32cube.ide.mcu.externaltools.gnu-tools-for-stm32.7-2018-q2-update.win32_1.5.0.202011040924/tools/bin/../lib/gcc/arm-none-eabi/7.3.1/../../../../arm-none-eabi/lib/thumb/v7e-m/fpv4-sp/hard\libc_nano.a(lib_a-nano-vfprintf_i.o)
                0x000000000800a7ec                _printf_i
 .text.printf   0x000000000800aa10       0x30 c:/st/stm32cubeide_1.4.0/stm32cubeide/plugins/com.st.stm32cube.ide.mcu.externaltools.gnu-tools-for-stm32.7-2018-q2-update.win32_1.5.0.202011040924/tools/bin/../lib/gcc/arm-none-eabi/7.3.1/../../../../arm-none-eabi/lib/thumb/v7e-m/fpv4-sp/hard\libc_nano.a(lib_a-printf.o)
                0x000000000800aa10                iprintf
                0x000000000800aa10                printf
 .text._puts_r  0x000000000800aa40       0xb8 c:/st/stm32cubeide_1.4.0/stm32cubeide/plugins/com.st.stm32cube.ide.mcu.externaltools.gnu-tools-for-stm32.7-2018-q2-update.win32_1.5.0.202011040924/tools/bin/../lib/gcc/arm-none-eabi/7.3.1/../../../../arm-none-eabi/lib/thumb/v7e-m/fpv4-sp/hard\libc_nano.a(lib_a-puts.o)
                0x000000000800aa40                _puts_r
 .text.puts     0x000000000800aaf8       0x10 c:/st/stm32cubeide_1.4.0/stm32cubeide/plugins/com.st.stm32cube.ide.mcu.externaltools.gnu-tools-for-stm32.7-2018-q2-update.win32_1.5.0.202011040924/tools/bin/../lib/gcc/arm-none-eabi/7.3.1/../../../../arm-none-eabi/lib/thumb/v7e-m/fpv4-sp/hard\libc_nano.a(lib_a-puts.o)
                0x000000000800aaf8                puts
 .text.setvbuf  0x000000000800ab08      0x15c c:/st/stm32cubeide_1.4.0/stm32cubeide/plugins/com.st.stm32cube.ide.mcu.externaltools.gnu-tools-for-stm32.7-2018-q2-update.win32_1.5.0.202011040924/tools/bin/../lib/gcc/arm-none-eabi/7.3.1/../../../../arm-none-eabi/lib/thumb/v7e-m/fpv4-sp/hard\libc_nano.a(lib_a-setvbuf.o)
                0x000000000800ab08                setvbuf
 .text.__swbuf_r
                0x000000000800ac64       0xa4 c:/st/stm32cubeide_1.4.0/stm32cubeide/plugins/com.st.stm32cube.ide.mcu.externaltools.gnu-tools-for-stm32.7-2018-q2-update.win32_1.5.0.202011040924/tools/bin/../lib/gcc/arm-none-eabi/7.3.1/../../../../arm-none-eabi/lib/thumb/v7e-m/fpv4-sp/hard\libc_nano.a(lib_a-wbuf.o)
                0x000000000800ac64                __swbuf_r
 .text.__swsetup_r
                0x000000000800ad08       0xdc c:/st/stm32cubeide_1.4.0/stm32cubeide/plugins/com.st.stm32cube.ide.mcu.externaltools.gnu-tools-for-stm32.7-2018-q2-update.win32_1.5.0.202011040924/tools/bin/../lib/gcc/arm-none-eabi/7.3.1/../../../../arm-none-eabi/lib/thumb/v7e-m/fpv4-sp/hard\libc_nano.a(lib_a-wsetup.o)
                0x000000000800ad08                __swsetup_r
 .text.quorem   0x000000000800ade4      0x118 c:/st/stm32cubeide_1.4.0/stm32cubeide/plugins/com.st.stm32cube.ide.mcu.externaltools.gnu-tools-for-stm32.7-2018-q2-update.win32_1.5.0.202011040924/tools/bin/../lib/gcc/arm-none-eabi/7.3.1/../../../../arm-none-eabi/lib/thumb/v7e-m/fpv4-sp/hard\libc_nano.a(lib_a-dtoa.o)
 *fill*         0x000000000800aefc        0x4 
 .text._dtoa_r  0x000000000800af00      0xb70 c:/st/stm32cubeide_1.4.0/stm32cubeide/plugins/com.st.stm32cube.ide.mcu.externaltools.gnu-tools-for-stm32.7-2018-q2-update.win32_1.5.0.202011040924/tools/bin/../lib/gcc/arm-none-eabi/7.3.1/../../../../arm-none-eabi/lib/thumb/v7e-m/fpv4-sp/hard\libc_nano.a(lib_a-dtoa.o)
                0x000000000800af00                _dtoa_r
 .text.__sflush_r
                0x000000000800ba70      0x10c c:/st/stm32cubeide_1.4.0/stm32cubeide/plugins/com.st.stm32cube.ide.mcu.externaltools.gnu-tools-for-stm32.7-2018-q2-update.win32_1.5.0.202011040924/tools/bin/../lib/gcc/arm-none-eabi/7.3.1/../../../../arm-none-eabi/lib/thumb/v7e-m/fpv4-sp/hard\libc_nano.a(lib_a-fflush.o)
                0x000000000800ba70                __sflush_r
 .text._fflush_r
                0x000000000800bb7c       0x54 c:/st/stm32cubeide_1.4.0/stm32cubeide/plugins/com.st.stm32cube.ide.mcu.externaltools.gnu-tools-for-stm32.7-2018-q2-update.win32_1.5.0.202011040924/tools/bin/../lib/gcc/arm-none-eabi/7.3.1/../../../../arm-none-eabi/lib/thumb/v7e-m/fpv4-sp/hard\libc_nano.a(lib_a-fflush.o)
                0x000000000800bb7c                _fflush_r
 .text.std      0x000000000800bbd0       0x48 c:/st/stm32cubeide_1.4.0/stm32cubeide/plugins/com.st.stm32cube.ide.mcu.externaltools.gnu-tools-for-stm32.7-2018-q2-update.win32_1.5.0.202011040924/tools/bin/../lib/gcc/arm-none-eabi/7.3.1/../../../../arm-none-eabi/lib/thumb/v7e-m/fpv4-sp/hard\libc_nano.a(lib_a-findfp.o)
 .text._cleanup_r
                0x000000000800bc18        0xc c:/st/stm32cubeide_1.4.0/stm32cubeide/plugins/com.st.stm32cube.ide.mcu.externaltools.gnu-tools-for-stm32.7-2018-q2-update.win32_1.5.0.202011040924/tools/bin/../lib/gcc/arm-none-eabi/7.3.1/../../../../arm-none-eabi/lib/thumb/v7e-m/fpv4-sp/hard\libc_nano.a(lib_a-findfp.o)
                0x000000000800bc18                _cleanup_r
 .text.__sfmoreglue
                0x000000000800bc24       0x2c c:/st/stm32cubeide_1.4.0/stm32cubeide/plugins/com.st.stm32cube.ide.mcu.externaltools.gnu-tools-for-stm32.7-2018-q2-update.win32_1.5.0.202011040924/tools/bin/../lib/gcc/arm-none-eabi/7.3.1/../../../../arm-none-eabi/lib/thumb/v7e-m/fpv4-sp/hard\libc_nano.a(lib_a-findfp.o)
                0x000000000800bc24                __sfmoreglue
 .text.__sinit  0x000000000800bc50       0x60 c:/st/stm32cubeide_1.4.0/stm32cubeide/plugins/com.st.stm32cube.ide.mcu.externaltools.gnu-tools-for-stm32.7-2018-q2-update.win32_1.5.0.202011040924/tools/bin/../lib/gcc/arm-none-eabi/7.3.1/../../../../arm-none-eabi/lib/thumb/v7e-m/fpv4-sp/hard\libc_nano.a(lib_a-findfp.o)
                0x000000000800bc50                __sinit
 .text.__sfp    0x000000000800bcb0       0x78 c:/st/stm32cubeide_1.4.0/stm32cubeide/plugins/com.st.stm32cube.ide.mcu.externaltools.gnu-tools-for-stm32.7-2018-q2-update.win32_1.5.0.202011040924/tools/bin/../lib/gcc/arm-none-eabi/7.3.1/../../../../arm-none-eabi/lib/thumb/v7e-m/fpv4-sp/hard\libc_nano.a(lib_a-findfp.o)
                0x000000000800bcb0                __sfp
 .text._fwalk_reent
                0x000000000800bd28       0x3c c:/st/stm32cubeide_1.4.0/stm32cubeide/plugins/com.st.stm32cube.ide.mcu.externaltools.gnu-tools-for-stm32.7-2018-q2-update.win32_1.5.0.202011040924/tools/bin/../lib/gcc/arm-none-eabi/7.3.1/../../../../arm-none-eabi/lib/thumb/v7e-m/fpv4-sp/hard\libc_nano.a(lib_a-fwalk.o)
                0x000000000800bd28                _fwalk_reent
 .text._localeconv_r
                0x000000000800bd64       0x1c c:/st/stm32cubeide_1.4.0/stm32cubeide/plugins/com.st.stm32cube.ide.mcu.externaltools.gnu-tools-for-stm32.7-2018-q2-update.win32_1.5.0.202011040924/tools/bin/../lib/gcc/arm-none-eabi/7.3.1/../../../../arm-none-eabi/lib/thumb/v7e-m/fpv4-sp/hard\libc_nano.a(lib_a-localeconv.o)
                0x000000000800bd64                _localeconv_r
 .text.__swhatbuf_r
                0x000000000800bd80       0x48 c:/st/stm32cubeide_1.4.0/stm32cubeide/plugins/com.st.stm32cube.ide.mcu.externaltools.gnu-tools-for-stm32.7-2018-q2-update.win32_1.5.0.202011040924/tools/bin/../lib/gcc/arm-none-eabi/7.3.1/../../../../arm-none-eabi/lib/thumb/v7e-m/fpv4-sp/hard\libc_nano.a(lib_a-makebuf.o)
                0x000000000800bd80                __swhatbuf_r
 .text.__smakebuf_r
                0x000000000800bdc8       0x80 c:/st/stm32cubeide_1.4.0/stm32cubeide/plugins/com.st.stm32cube.ide.mcu.externaltools.gnu-tools-for-stm32.7-2018-q2-update.win32_1.5.0.202011040924/tools/bin/../lib/gcc/arm-none-eabi/7.3.1/../../../../arm-none-eabi/lib/thumb/v7e-m/fpv4-sp/hard\libc_nano.a(lib_a-makebuf.o)
                0x000000000800bdc8                __smakebuf_r
 .text.malloc   0x000000000800be48       0x10 c:/st/stm32cubeide_1.4.0/stm32cubeide/plugins/com.st.stm32cube.ide.mcu.externaltools.gnu-tools-for-stm32.7-2018-q2-update.win32_1.5.0.202011040924/tools/bin/../lib/gcc/arm-none-eabi/7.3.1/../../../../arm-none-eabi/lib/thumb/v7e-m/fpv4-sp/hard\libc_nano.a(lib_a-malloc.o)
                0x000000000800be48                malloc
 .text.memcpy   0x000000000800be58       0x16 c:/st/stm32cubeide_1.4.0/stm32cubeide/plugins/com.st.stm32cube.ide.mcu.externaltools.gnu-tools-for-stm32.7-2018-q2-update.win32_1.5.0.202011040924/tools/bin/../lib/gcc/arm-none-eabi/7.3.1/../../../../arm-none-eabi/lib/thumb/v7e-m/fpv4-sp/hard\libc_nano.a(lib_a-memcpy-stub.o)
                0x000000000800be58                memcpy
 .text._Balloc  0x000000000800be6e       0x68 c:/st/stm32cubeide_1.4.0/stm32cubeide/plugins/com.st.stm32cube.ide.mcu.externaltools.gnu-tools-for-stm32.7-2018-q2-update.win32_1.5.0.202011040924/tools/bin/../lib/gcc/arm-none-eabi/7.3.1/../../../../arm-none-eabi/lib/thumb/v7e-m/fpv4-sp/hard\libc_nano.a(lib_a-mprec.o)
                0x000000000800be6e                _Balloc
 .text._Bfree   0x000000000800bed6       0x2e c:/st/stm32cubeide_1.4.0/stm32cubeide/plugins/com.st.stm32cube.ide.mcu.externaltools.gnu-tools-for-stm32.7-2018-q2-update.win32_1.5.0.202011040924/tools/bin/../lib/gcc/arm-none-eabi/7.3.1/../../../../arm-none-eabi/lib/thumb/v7e-m/fpv4-sp/hard\libc_nano.a(lib_a-mprec.o)
                0x000000000800bed6                _Bfree
 .text.__multadd
                0x000000000800bf04       0x76 c:/st/stm32cubeide_1.4.0/stm32cubeide/plugins/com.st.stm32cube.ide.mcu.externaltools.gnu-tools-for-stm32.7-2018-q2-update.win32_1.5.0.202011040924/tools/bin/../lib/gcc/arm-none-eabi/7.3.1/../../../../arm-none-eabi/lib/thumb/v7e-m/fpv4-sp/hard\libc_nano.a(lib_a-mprec.o)
                0x000000000800bf04                __multadd
 .text.__hi0bits
                0x000000000800bf7a       0x3e c:/st/stm32cubeide_1.4.0/stm32cubeide/plugins/com.st.stm32cube.ide.mcu.externaltools.gnu-tools-for-stm32.7-2018-q2-update.win32_1.5.0.202011040924/tools/bin/../lib/gcc/arm-none-eabi/7.3.1/../../../../arm-none-eabi/lib/thumb/v7e-m/fpv4-sp/hard\libc_nano.a(lib_a-mprec.o)
                0x000000000800bf7a                __hi0bits
 .text.__lo0bits
                0x000000000800bfb8       0x5e c:/st/stm32cubeide_1.4.0/stm32cubeide/plugins/com.st.stm32cube.ide.mcu.externaltools.gnu-tools-for-stm32.7-2018-q2-update.win32_1.5.0.202011040924/tools/bin/../lib/gcc/arm-none-eabi/7.3.1/../../../../arm-none-eabi/lib/thumb/v7e-m/fpv4-sp/hard\libc_nano.a(lib_a-mprec.o)
                0x000000000800bfb8                __lo0bits
 .text.__i2b    0x000000000800c016       0x12 c:/st/stm32cubeide_1.4.0/stm32cubeide/plugins/com.st.stm32cube.ide.mcu.externaltools.gnu-tools-for-stm32.7-2018-q2-update.win32_1.5.0.202011040924/tools/bin/../lib/gcc/arm-none-eabi/7.3.1/../../../../arm-none-eabi/lib/thumb/v7e-m/fpv4-sp/hard\libc_nano.a(lib_a-mprec.o)
                0x000000000800c016                __i2b
 .text.__multiply
                0x000000000800c028      0x12c c:/st/stm32cubeide_1.4.0/stm32cubeide/plugins/com.st.stm32cube.ide.mcu.externaltools.gnu-tools-for-stm32.7-2018-q2-update.win32_1.5.0.202011040924/tools/bin/../lib/gcc/arm-none-eabi/7.3.1/../../../../arm-none-eabi/lib/thumb/v7e-m/fpv4-sp/hard\libc_nano.a(lib_a-mprec.o)
                0x000000000800c028                __multiply
 .text.__pow5mult
                0x000000000800c154       0x9c c:/st/stm32cubeide_1.4.0/stm32cubeide/plugins/com.st.stm32cube.ide.mcu.externaltools.gnu-tools-for-stm32.7-2018-q2-update.win32_1.5.0.202011040924/tools/bin/../lib/gcc/arm-none-eabi/7.3.1/../../../../arm-none-eabi/lib/thumb/v7e-m/fpv4-sp/hard\libc_nano.a(lib_a-mprec.o)
                0x000000000800c154                __pow5mult
 .text.__lshift
                0x000000000800c1f0       0xa8 c:/st/stm32cubeide_1.4.0/stm32cubeide/plugins/com.st.stm32cube.ide.mcu.externaltools.gnu-tools-for-stm32.7-2018-q2-update.win32_1.5.0.202011040924/tools/bin/../lib/gcc/arm-none-eabi/7.3.1/../../../../arm-none-eabi/lib/thumb/v7e-m/fpv4-sp/hard\libc_nano.a(lib_a-mprec.o)
                0x000000000800c1f0                __lshift
 .text.__mcmp   0x000000000800c298       0x34 c:/st/stm32cubeide_1.4.0/stm32cubeide/plugins/com.st.stm32cube.ide.mcu.externaltools.gnu-tools-for-stm32.7-2018-q2-update.win32_1.5.0.202011040924/tools/bin/../lib/gcc/arm-none-eabi/7.3.1/../../../../arm-none-eabi/lib/thumb/v7e-m/fpv4-sp/hard\libc_nano.a(lib_a-mprec.o)
                0x000000000800c298                __mcmp
 .text.__mdiff  0x000000000800c2cc       0xba c:/st/stm32cubeide_1.4.0/stm32cubeide/plugins/com.st.stm32cube.ide.mcu.externaltools.gnu-tools-for-stm32.7-2018-q2-update.win32_1.5.0.202011040924/tools/bin/../lib/gcc/arm-none-eabi/7.3.1/../../../../arm-none-eabi/lib/thumb/v7e-m/fpv4-sp/hard\libc_nano.a(lib_a-mprec.o)
                0x000000000800c2cc                __mdiff
 .text.__d2b    0x000000000800c386       0x9e c:/st/stm32cubeide_1.4.0/stm32cubeide/plugins/com.st.stm32cube.ide.mcu.externaltools.gnu-tools-for-stm32.7-2018-q2-update.win32_1.5.0.202011040924/tools/bin/../lib/gcc/arm-none-eabi/7.3.1/../../../../arm-none-eabi/lib/thumb/v7e-m/fpv4-sp/hard\libc_nano.a(lib_a-mprec.o)
                0x000000000800c386                __d2b
 .text._calloc_r
                0x000000000800c424       0x1c c:/st/stm32cubeide_1.4.0/stm32cubeide/plugins/com.st.stm32cube.ide.mcu.externaltools.gnu-tools-for-stm32.7-2018-q2-update.win32_1.5.0.202011040924/tools/bin/../lib/gcc/arm-none-eabi/7.3.1/../../../../arm-none-eabi/lib/thumb/v7e-m/fpv4-sp/hard\libc_nano.a(lib_a-nano-callocr.o)
                0x000000000800c424                _calloc_r
 .text._free_r  0x000000000800c440       0x9c c:/st/stm32cubeide_1.4.0/stm32cubeide/plugins/com.st.stm32cube.ide.mcu.externaltools.gnu-tools-for-stm32.7-2018-q2-update.win32_1.5.0.202011040924/tools/bin/../lib/gcc/arm-none-eabi/7.3.1/../../../../arm-none-eabi/lib/thumb/v7e-m/fpv4-sp/hard\libc_nano.a(lib_a-nano-freer.o)
                0x000000000800c440                _free_r
 .text._malloc_r
                0x000000000800c4dc       0xb4 c:/st/stm32cubeide_1.4.0/stm32cubeide/plugins/com.st.stm32cube.ide.mcu.externaltools.gnu-tools-for-stm32.7-2018-q2-update.win32_1.5.0.202011040924/tools/bin/../lib/gcc/arm-none-eabi/7.3.1/../../../../arm-none-eabi/lib/thumb/v7e-m/fpv4-sp/hard\libc_nano.a(lib_a-nano-mallocr.o)
                0x000000000800c4dc                _malloc_r
 .text.__sfputc_r
                0x000000000800c590       0x2e c:/st/stm32cubeide_1.4.0/stm32cubeide/plugins/com.st.stm32cube.ide.mcu.externaltools.gnu-tools-for-stm32.7-2018-q2-update.win32_1.5.0.202011040924/tools/bin/../lib/gcc/arm-none-eabi/7.3.1/../../../../arm-none-eabi/lib/thumb/v7e-m/fpv4-sp/hard\libc_nano.a(lib_a-nano-vfprintf.o)
 .text.__sfputs_r
                0x000000000800c5be       0x24 c:/st/stm32cubeide_1.4.0/stm32cubeide/plugins/com.st.stm32cube.ide.mcu.externaltools.gnu-tools-for-stm32.7-2018-q2-update.win32_1.5.0.202011040924/tools/bin/../lib/gcc/arm-none-eabi/7.3.1/../../../../arm-none-eabi/lib/thumb/v7e-m/fpv4-sp/hard\libc_nano.a(lib_a-nano-vfprintf.o)
                0x000000000800c5be                __sfputs_r
 *fill*         0x000000000800c5e2        0x2 
 .text._vfprintf_r
                0x000000000800c5e4      0x22c c:/st/stm32cubeide_1.4.0/stm32cubeide/plugins/com.st.stm32cube.ide.mcu.externaltools.gnu-tools-for-stm32.7-2018-q2-update.win32_1.5.0.202011040924/tools/bin/../lib/gcc/arm-none-eabi/7.3.1/../../../../arm-none-eabi/lib/thumb/v7e-m/fpv4-sp/hard\libc_nano.a(lib_a-nano-vfprintf.o)
                0x000000000800c5e4                _vfprintf_r
                0x000000000800c5e4                _vfiprintf_r
 .text._sbrk_r  0x000000000800c810       0x20 c:/st/stm32cubeide_1.4.0/stm32cubeide/plugins/com.st.stm32cube.ide.mcu.externaltools.gnu-tools-for-stm32.7-2018-q2-update.win32_1.5.0.202011040924/tools/bin/../lib/gcc/arm-none-eabi/7.3.1/../../../../arm-none-eabi/lib/thumb/v7e-m/fpv4-sp/hard\libc_nano.a(lib_a-sbrkr.o)
                0x000000000800c810                _sbrk_r
 .text.__sread  0x000000000800c830       0x22 c:/st/stm32cubeide_1.4.0/stm32cubeide/plugins/com.st.stm32cube.ide.mcu.externaltools.gnu-tools-for-stm32.7-2018-q2-update.win32_1.5.0.202011040924/tools/bin/../lib/gcc/arm-none-eabi/7.3.1/../../../../arm-none-eabi/lib/thumb/v7e-m/fpv4-sp/hard\libc_nano.a(lib_a-stdio.o)
                0x000000000800c830                __sread
 .text.__swrite
                0x000000000800c852       0x38 c:/st/stm32cubeide_1.4.0/stm32cubeide/plugins/com.st.stm32cube.ide.mcu.externaltools.gnu-tools-for-stm32.7-2018-q2-update.win32_1.5.0.202011040924/tools/bin/../lib/gcc/arm-none-eabi/7.3.1/../../../../arm-none-eabi/lib/thumb/v7e-m/fpv4-sp/hard\libc_nano.a(lib_a-stdio.o)
                0x000000000800c852                __swrite
 .text.__sseek  0x000000000800c88a       0x24 c:/st/stm32cubeide_1.4.0/stm32cubeide/plugins/com.st.stm32cube.ide.mcu.externaltools.gnu-tools-for-stm32.7-2018-q2-update.win32_1.5.0.202011040924/tools/bin/../lib/gcc/arm-none-eabi/7.3.1/../../../../arm-none-eabi/lib/thumb/v7e-m/fpv4-sp/hard\libc_nano.a(lib_a-stdio.o)
                0x000000000800c88a                __sseek
 .text.__sclose
                0x000000000800c8ae        0x8 c:/st/stm32cubeide_1.4.0/stm32cubeide/plugins/com.st.stm32cube.ide.mcu.externaltools.gnu-tools-for-stm32.7-2018-q2-update.win32_1.5.0.202011040924/tools/bin/../lib/gcc/arm-none-eabi/7.3.1/../../../../arm-none-eabi/lib/thumb/v7e-m/fpv4-sp/hard\libc_nano.a(lib_a-stdio.o)
                0x000000000800c8ae                __sclose
 *fill*         0x000000000800c8b6        0x2 
 .text._write_r
                0x000000000800c8b8       0x24 c:/st/stm32cubeide_1.4.0/stm32cubeide/plugins/com.st.stm32cube.ide.mcu.externaltools.gnu-tools-for-stm32.7-2018-q2-update.win32_1.5.0.202011040924/tools/bin/../lib/gcc/arm-none-eabi/7.3.1/../../../../arm-none-eabi/lib/thumb/v7e-m/fpv4-sp/hard\libc_nano.a(lib_a-writer.o)
                0x000000000800c8b8                _write_r
 .text._close_r
                0x000000000800c8dc       0x20 c:/st/stm32cubeide_1.4.0/stm32cubeide/plugins/com.st.stm32cube.ide.mcu.externaltools.gnu-tools-for-stm32.7-2018-q2-update.win32_1.5.0.202011040924/tools/bin/../lib/gcc/arm-none-eabi/7.3.1/../../../../arm-none-eabi/lib/thumb/v7e-m/fpv4-sp/hard\libc_nano.a(lib_a-closer.o)
                0x000000000800c8dc                _close_r
 .text._fstat_r
                0x000000000800c8fc       0x24 c:/st/stm32cubeide_1.4.0/stm32cubeide/plugins/com.st.stm32cube.ide.mcu.externaltools.gnu-tools-for-stm32.7-2018-q2-update.win32_1.5.0.202011040924/tools/bin/../lib/gcc/arm-none-eabi/7.3.1/../../../../arm-none-eabi/lib/thumb/v7e-m/fpv4-sp/hard\libc_nano.a(lib_a-fstatr.o)
                0x000000000800c8fc                _fstat_r
 .text._isatty_r
                0x000000000800c920       0x20 c:/st/stm32cubeide_1.4.0/stm32cubeide/plugins/com.st.stm32cube.ide.mcu.externaltools.gnu-tools-for-stm32.7-2018-q2-update.win32_1.5.0.202011040924/tools/bin/../lib/gcc/arm-none-eabi/7.3.1/../../../../arm-none-eabi/lib/thumb/v7e-m/fpv4-sp/hard\libc_nano.a(lib_a-isattyr.o)
                0x000000000800c920                _isatty_r
 .text._lseek_r
                0x000000000800c940       0x24 c:/st/stm32cubeide_1.4.0/stm32cubeide/plugins/com.st.stm32cube.ide.mcu.externaltools.gnu-tools-for-stm32.7-2018-q2-update.win32_1.5.0.202011040924/tools/bin/../lib/gcc/arm-none-eabi/7.3.1/../../../../arm-none-eabi/lib/thumb/v7e-m/fpv4-sp/hard\libc_nano.a(lib_a-lseekr.o)
                0x000000000800c940                _lseek_r
 .text.__ascii_mbtowc
                0x000000000800c964       0x24 c:/st/stm32cubeide_1.4.0/stm32cubeide/plugins/com.st.stm32cube.ide.mcu.externaltools.gnu-tools-for-stm32.7-2018-q2-update.win32_1.5.0.202011040924/tools/bin/../lib/gcc/arm-none-eabi/7.3.1/../../../../arm-none-eabi/lib/thumb/v7e-m/fpv4-sp/hard\libc_nano.a(lib_a-mbtowc_r.o)
                0x000000000800c964                __ascii_mbtowc
 .text.__malloc_lock
                0x000000000800c988        0x2 c:/st/stm32cubeide_1.4.0/stm32cubeide/plugins/com.st.stm32cube.ide.mcu.externaltools.gnu-tools-for-stm32.7-2018-q2-update.win32_1.5.0.202011040924/tools/bin/../lib/gcc/arm-none-eabi/7.3.1/../../../../arm-none-eabi/lib/thumb/v7e-m/fpv4-sp/hard\libc_nano.a(lib_a-mlock.o)
                0x000000000800c988                __malloc_lock
 .text.__malloc_unlock
                0x000000000800c98a        0x2 c:/st/stm32cubeide_1.4.0/stm32cubeide/plugins/com.st.stm32cube.ide.mcu.externaltools.gnu-tools-for-stm32.7-2018-q2-update.win32_1.5.0.202011040924/tools/bin/../lib/gcc/arm-none-eabi/7.3.1/../../../../arm-none-eabi/lib/thumb/v7e-m/fpv4-sp/hard\libc_nano.a(lib_a-mlock.o)
                0x000000000800c98a                __malloc_unlock
 .text._read_r  0x000000000800c98c       0x24 c:/st/stm32cubeide_1.4.0/stm32cubeide/plugins/com.st.stm32cube.ide.mcu.externaltools.gnu-tools-for-stm32.7-2018-q2-update.win32_1.5.0.202011040924/tools/bin/../lib/gcc/arm-none-eabi/7.3.1/../../../../arm-none-eabi/lib/thumb/v7e-m/fpv4-sp/hard\libc_nano.a(lib_a-readr.o)
                0x000000000800c98c                _read_r
 .text.__ascii_wctomb
                0x000000000800c9b0       0x1a c:/st/stm32cubeide_1.4.0/stm32cubeide/plugins/com.st.stm32cube.ide.mcu.externaltools.gnu-tools-for-stm32.7-2018-q2-update.win32_1.5.0.202011040924/tools/bin/../lib/gcc/arm-none-eabi/7.3.1/../../../../arm-none-eabi/lib/thumb/v7e-m/fpv4-sp/hard\libc_nano.a(lib_a-wctomb_r.o)
                0x000000000800c9b0                __ascii_wctomb
 *fill*         0x000000000800c9ca        0x2 
 .text.asinf    0x000000000800c9cc       0xb0 c:/st/stm32cubeide_1.4.0/stm32cubeide/plugins/com.st.stm32cube.ide.mcu.externaltools.gnu-tools-for-stm32.7-2018-q2-update.win32_1.5.0.202011040924/tools/bin/../lib/gcc/arm-none-eabi/7.3.1/../../../../arm-none-eabi/lib/thumb/v7e-m/fpv4-sp/hard\libm.a(lib_a-wf_asin.o)
                0x000000000800c9cc                asinf
 .text.sqrtf    0x000000000800ca7c       0xa0 c:/st/stm32cubeide_1.4.0/stm32cubeide/plugins/com.st.stm32cube.ide.mcu.externaltools.gnu-tools-for-stm32.7-2018-q2-update.win32_1.5.0.202011040924/tools/bin/../lib/gcc/arm-none-eabi/7.3.1/../../../../arm-none-eabi/lib/thumb/v7e-m/fpv4-sp/hard\libm.a(lib_a-wf_sqrt.o)
                0x000000000800ca7c                sqrtf
 .text.__ieee754_asinf
                0x000000000800cb1c      0x1d0 c:/st/stm32cubeide_1.4.0/stm32cubeide/plugins/com.st.stm32cube.ide.mcu.externaltools.gnu-tools-for-stm32.7-2018-q2-update.win32_1.5.0.202011040924/tools/bin/../lib/gcc/arm-none-eabi/7.3.1/../../../../arm-none-eabi/lib/thumb/v7e-m/fpv4-sp/hard\libm.a(lib_a-ef_asin.o)
                0x000000000800cb1c                __ieee754_asinf
 .text.__ieee754_sqrtf
                0x000000000800ccec        0x6 c:/st/stm32cubeide_1.4.0/stm32cubeide/plugins/com.st.stm32cube.ide.mcu.externaltools.gnu-tools-for-stm32.7-2018-q2-update.win32_1.5.0.202011040924/tools/bin/../lib/gcc/arm-none-eabi/7.3.1/../../../../arm-none-eabi/lib/thumb/v7e-m/fpv4-sp/hard\libm.a(lib_a-ef_sqrt.o)
                0x000000000800ccec                __ieee754_sqrtf
 .text.matherr  0x000000000800ccf2        0x4 c:/st/stm32cubeide_1.4.0/stm32cubeide/plugins/com.st.stm32cube.ide.mcu.externaltools.gnu-tools-for-stm32.7-2018-q2-update.win32_1.5.0.202011040924/tools/bin/../lib/gcc/arm-none-eabi/7.3.1/../../../../arm-none-eabi/lib/thumb/v7e-m/fpv4-sp/hard\libm.a(lib_a-s_matherr.o)
                0x000000000800ccf2                matherr
 *fill*         0x000000000800ccf6        0x2 
 .text.nan      0x000000000800ccf8       0x10 c:/st/stm32cubeide_1.4.0/stm32cubeide/plugins/com.st.stm32cube.ide.mcu.externaltools.gnu-tools-for-stm32.7-2018-q2-update.win32_1.5.0.202011040924/tools/bin/../lib/gcc/arm-none-eabi/7.3.1/../../../../arm-none-eabi/lib/thumb/v7e-m/fpv4-sp/hard\libm.a(lib_a-s_nan.o)
                0x000000000800ccf8                nan
 .text.fabsf    0x000000000800cd08        0xe c:/st/stm32cubeide_1.4.0/stm32cubeide/plugins/com.st.stm32cube.ide.mcu.externaltools.gnu-tools-for-stm32.7-2018-q2-update.win32_1.5.0.202011040924/tools/bin/../lib/gcc/arm-none-eabi/7.3.1/../../../../arm-none-eabi/lib/thumb/v7e-m/fpv4-sp/hard\libm.a(lib_a-sf_fabs.o)
                0x000000000800cd08                fabsf
 *(.glue_7)
 .glue_7        0x000000000800cd16        0x0 linker stubs
 *(.glue_7t)
 .glue_7t       0x000000000800cd16        0x0 linker stubs
 *(.eh_frame)
 *fill*         0x000000000800cd16        0x2 
 .eh_frame      0x000000000800cd18        0x0 c:/st/stm32cubeide_1.4.0/stm32cubeide/plugins/com.st.stm32cube.ide.mcu.externaltools.gnu-tools-for-stm32.7-2018-q2-update.win32_1.5.0.202011040924/tools/bin/../lib/gcc/arm-none-eabi/7.3.1/thumb/v7e-m/fpv4-sp/hard/crtbegin.o
 *(.init)
 .init          0x000000000800cd18        0x4 c:/st/stm32cubeide_1.4.0/stm32cubeide/plugins/com.st.stm32cube.ide.mcu.externaltools.gnu-tools-for-stm32.7-2018-q2-update.win32_1.5.0.202011040924/tools/bin/../lib/gcc/arm-none-eabi/7.3.1/thumb/v7e-m/fpv4-sp/hard/crti.o
                0x000000000800cd18                _init
 .init          0x000000000800cd1c        0x8 c:/st/stm32cubeide_1.4.0/stm32cubeide/plugins/com.st.stm32cube.ide.mcu.externaltools.gnu-tools-for-stm32.7-2018-q2-update.win32_1.5.0.202011040924/tools/bin/../lib/gcc/arm-none-eabi/7.3.1/thumb/v7e-m/fpv4-sp/hard/crtn.o
 *(.fini)
 .fini          0x000000000800cd24        0x4 c:/st/stm32cubeide_1.4.0/stm32cubeide/plugins/com.st.stm32cube.ide.mcu.externaltools.gnu-tools-for-stm32.7-2018-q2-update.win32_1.5.0.202011040924/tools/bin/../lib/gcc/arm-none-eabi/7.3.1/thumb/v7e-m/fpv4-sp/hard/crti.o
                0x000000000800cd24                _fini
 .fini          0x000000000800cd28        0x8 c:/st/stm32cubeide_1.4.0/stm32cubeide/plugins/com.st.stm32cube.ide.mcu.externaltools.gnu-tools-for-stm32.7-2018-q2-update.win32_1.5.0.202011040924/tools/bin/../lib/gcc/arm-none-eabi/7.3.1/thumb/v7e-m/fpv4-sp/hard/crtn.o
                0x000000000800cd30                . = ALIGN (0x4)
                0x000000000800cd30                _etext = .

.vfp11_veneer   0x000000000800cd30        0x0
 .vfp11_veneer  0x000000000800cd30        0x0 linker stubs

.v4_bx          0x000000000800cd30        0x0
 .v4_bx         0x000000000800cd30        0x0 linker stubs

.iplt           0x000000000800cd30        0x0
 .iplt          0x000000000800cd30        0x0 c:/st/stm32cubeide_1.4.0/stm32cubeide/plugins/com.st.stm32cube.ide.mcu.externaltools.gnu-tools-for-stm32.7-2018-q2-update.win32_1.5.0.202011040924/tools/bin/../lib/gcc/arm-none-eabi/7.3.1/thumb/v7e-m/fpv4-sp/hard/crtbegin.o

.rodata         0x000000000800cd30      0x304
                0x000000000800cd30                . = ALIGN (0x4)
 *(.rodata)
 .rodata        0x000000000800cd30       0x10 Core/OS/debug/debug.o
 .rodata        0x000000000800cd40        0xa Core/OS/tasks/task.o
 *(.rodata*)
 *fill*         0x000000000800cd4a        0x2 
 .rodata.AHBPrescTable
                0x000000000800cd4c       0x10 Core/Src/system_stm32f4xx.o
                0x000000000800cd4c                AHBPrescTable
 .rodata.APBPrescTable
                0x000000000800cd5c        0x8 Core/Src/system_stm32f4xx.o
                0x000000000800cd5c                APBPrescTable
 .rodata.flagBitshiftOffset.8538
                0x000000000800cd64        0x8 Drivers/STM32F4xx_HAL_Driver/Src/stm32f4xx_hal_dma.o
 .rodata._global_impure_ptr
                0x000000000800cd6c        0x4 c:/st/stm32cubeide_1.4.0/stm32cubeide/plugins/com.st.stm32cube.ide.mcu.externaltools.gnu-tools-for-stm32.7-2018-q2-update.win32_1.5.0.202011040924/tools/bin/../lib/gcc/arm-none-eabi/7.3.1/../../../../arm-none-eabi/lib/thumb/v7e-m/fpv4-sp/hard\libc_nano.a(lib_a-impure.o)
                0x000000000800cd6c                _global_impure_ptr
 .rodata._printf_float.str1.1
                0x000000000800cd70        0xe c:/st/stm32cubeide_1.4.0/stm32cubeide/plugins/com.st.stm32cube.ide.mcu.externaltools.gnu-tools-for-stm32.7-2018-q2-update.win32_1.5.0.202011040924/tools/bin/../lib/gcc/arm-none-eabi/7.3.1/../../../../arm-none-eabi/lib/thumb/v7e-m/fpv4-sp/hard\libc_nano.a(lib_a-nano-vfprintf_float.o)
                                         0x12 (size before relaxing)
 .rodata._printf_i.str1.1
                0x000000000800cd7e       0x22 c:/st/stm32cubeide_1.4.0/stm32cubeide/plugins/com.st.stm32cube.ide.mcu.externaltools.gnu-tools-for-stm32.7-2018-q2-update.win32_1.5.0.202011040924/tools/bin/../lib/gcc/arm-none-eabi/7.3.1/../../../../arm-none-eabi/lib/thumb/v7e-m/fpv4-sp/hard\libc_nano.a(lib_a-nano-vfprintf_i.o)
 .rodata._dtoa_r.str1.1
                0x000000000800cda0        0xd c:/st/stm32cubeide_1.4.0/stm32cubeide/plugins/com.st.stm32cube.ide.mcu.externaltools.gnu-tools-for-stm32.7-2018-q2-update.win32_1.5.0.202011040924/tools/bin/../lib/gcc/arm-none-eabi/7.3.1/../../../../arm-none-eabi/lib/thumb/v7e-m/fpv4-sp/hard\libc_nano.a(lib_a-dtoa.o)
                                          0xf (size before relaxing)
 *fill*         0x000000000800cdad        0x3 
 .rodata.__sf_fake_stderr
                0x000000000800cdb0       0x20 c:/st/stm32cubeide_1.4.0/stm32cubeide/plugins/com.st.stm32cube.ide.mcu.externaltools.gnu-tools-for-stm32.7-2018-q2-update.win32_1.5.0.202011040924/tools/bin/../lib/gcc/arm-none-eabi/7.3.1/../../../../arm-none-eabi/lib/thumb/v7e-m/fpv4-sp/hard\libc_nano.a(lib_a-findfp.o)
                0x000000000800cdb0                __sf_fake_stderr
 .rodata.__sf_fake_stdin
                0x000000000800cdd0       0x20 c:/st/stm32cubeide_1.4.0/stm32cubeide/plugins/com.st.stm32cube.ide.mcu.externaltools.gnu-tools-for-stm32.7-2018-q2-update.win32_1.5.0.202011040924/tools/bin/../lib/gcc/arm-none-eabi/7.3.1/../../../../arm-none-eabi/lib/thumb/v7e-m/fpv4-sp/hard\libc_nano.a(lib_a-findfp.o)
                0x000000000800cdd0                __sf_fake_stdin
 .rodata.__sf_fake_stdout
                0x000000000800cdf0       0x20 c:/st/stm32cubeide_1.4.0/stm32cubeide/plugins/com.st.stm32cube.ide.mcu.externaltools.gnu-tools-for-stm32.7-2018-q2-update.win32_1.5.0.202011040924/tools/bin/../lib/gcc/arm-none-eabi/7.3.1/../../../../arm-none-eabi/lib/thumb/v7e-m/fpv4-sp/hard\libc_nano.a(lib_a-findfp.o)
                0x000000000800cdf0                __sf_fake_stdout
 .rodata.__mprec_bigtens
                0x000000000800ce10       0x28 c:/st/stm32cubeide_1.4.0/stm32cubeide/plugins/com.st.stm32cube.ide.mcu.externaltools.gnu-tools-for-stm32.7-2018-q2-update.win32_1.5.0.202011040924/tools/bin/../lib/gcc/arm-none-eabi/7.3.1/../../../../arm-none-eabi/lib/thumb/v7e-m/fpv4-sp/hard\libc_nano.a(lib_a-mprec.o)
                0x000000000800ce10                __mprec_bigtens
 .rodata.__mprec_tens
                0x000000000800ce38       0xc8 c:/st/stm32cubeide_1.4.0/stm32cubeide/plugins/com.st.stm32cube.ide.mcu.externaltools.gnu-tools-for-stm32.7-2018-q2-update.win32_1.5.0.202011040924/tools/bin/../lib/gcc/arm-none-eabi/7.3.1/../../../../arm-none-eabi/lib/thumb/v7e-m/fpv4-sp/hard\libc_nano.a(lib_a-mprec.o)
                0x000000000800ce38                __mprec_tens
 .rodata.p05.7359
                0x000000000800cf00        0xc c:/st/stm32cubeide_1.4.0/stm32cubeide/plugins/com.st.stm32cube.ide.mcu.externaltools.gnu-tools-for-stm32.7-2018-q2-update.win32_1.5.0.202011040924/tools/bin/../lib/gcc/arm-none-eabi/7.3.1/../../../../arm-none-eabi/lib/thumb/v7e-m/fpv4-sp/hard\libc_nano.a(lib_a-mprec.o)
 .rodata._vfprintf_r.str1.1
                0x000000000800cf0c       0x11 c:/st/stm32cubeide_1.4.0/stm32cubeide/plugins/com.st.stm32cube.ide.mcu.externaltools.gnu-tools-for-stm32.7-2018-q2-update.win32_1.5.0.202011040924/tools/bin/../lib/gcc/arm-none-eabi/7.3.1/../../../../arm-none-eabi/lib/thumb/v7e-m/fpv4-sp/hard\libc_nano.a(lib_a-nano-vfprintf.o)
 .rodata._setlocale_r.str1.1
                0x000000000800cf1d        0x8 c:/st/stm32cubeide_1.4.0/stm32cubeide/plugins/com.st.stm32cube.ide.mcu.externaltools.gnu-tools-for-stm32.7-2018-q2-update.win32_1.5.0.202011040924/tools/bin/../lib/gcc/arm-none-eabi/7.3.1/../../../../arm-none-eabi/lib/thumb/v7e-m/fpv4-sp/hard\libc_nano.a(lib_a-locale.o)
                                          0x9 (size before relaxing)
 .rodata.str1.1
                0x000000000800cf25        0x2 c:/st/stm32cubeide_1.4.0/stm32cubeide/plugins/com.st.stm32cube.ide.mcu.externaltools.gnu-tools-for-stm32.7-2018-q2-update.win32_1.5.0.202011040924/tools/bin/../lib/gcc/arm-none-eabi/7.3.1/../../../../arm-none-eabi/lib/thumb/v7e-m/fpv4-sp/hard\libc_nano.a(lib_a-locale.o)
 .rodata._ctype_
                0x000000000800cf27      0x101 c:/st/stm32cubeide_1.4.0/stm32cubeide/plugins/com.st.stm32cube.ide.mcu.externaltools.gnu-tools-for-stm32.7-2018-q2-update.win32_1.5.0.202011040924/tools/bin/../lib/gcc/arm-none-eabi/7.3.1/../../../../arm-none-eabi/lib/thumb/v7e-m/fpv4-sp/hard\libc_nano.a(lib_a-ctype_.o)
                0x000000000800cf27                _ctype_