stm32f4xx_it.c:86:6:NMI_Handler	4	static
stm32f4xx_it.c:99:6:HardFault_Handler	4	static
stm32f4xx_it.c:114:6:MemManage_Handler	4	static
stm32f4xx_it.c:129:6:BusFault_Handler	4	static
stm32f4xx_it.c:144:6:UsageFault_Handler	4	static
stm32f4xx_it.c:159:6:SVC_Handler	4	static
stm32f4xx_it.c:172:6:DebugMon_Handler	4	static
stm32f4xx_it.c:185:6:PendSV_Handler	4	static
stm32f4xx_it.c:198:6:SysTick_Handler	8	static
stm32f4xx_it.c:219:6:DMA1_Stream0_IRQHandler	8	static
stm32f4xx_it.c:233:6:DMA1_Stream1_IRQHandler	8	static
stm32f4xx_it.c:247:6:DMA1_Stream3_IRQHandler	8	static
stm32f4xx_it.c:261:6:DMA1_Stream4_IRQHandler	8	static
stm32f4xx_it.c:275:6:DMA1_Stream5_IRQHandler	8	static
stm32f4xx_it.c:289:6:DMA1_Stream6_IRQHandler	8	static
stm32f4xx_it.c:303:6:TIM2_IRQHandler	8	static
stm32f4xx_it.c:317:6:I2C1_EV_IRQHandler	8	static
stm32f4xx_it.c:331:6:I2C1_ER_IRQHandler	8	static
stm32f4xx_it.c:346:6:USART2_IRQHandler	16	static
stm32f4xx_it.c:363:6:USART3_IRQHandler	8	static
stm32f4xx_it.c:377:6:DMA1_Stream7_IRQHandler	8	static
stm32f4xx_it.c:391:6:DMA2_Stream0_IRQHandler	8	static
stm32f4xx_it.c:405:6:DMA2_Stream1_IRQHandler	8	static
stm32f4xx_it.c:419:6:DMA2_Stream2_IRQHandler	8	static
stm32f4xx_it.c:433:6:DMA2_Stream3_IRQHandler	8	static
stm32f4xx_it.c:447:6:DMA2_Stream6_IRQHandler	8	static
stm32f4xx_it.c:459:6:HAL_UART_RxCpltCallback	16	static
stm32f4xx_it.c:463:6:HAL_UART_RxHalfCpltCallback	16	static
stm32f4xx_it.c:466:6:HAL_I2C_MemRxCpltCallback	16	static
