stm32f4xx_it.c:81:6:NMI_Handler	4	static
stm32f4xx_it.c:94:6:HardFault_Handler	4	static
stm32f4xx_it.c:109:6:MemManage_Handler	4	static
stm32f4xx_it.c:124:6:BusFault_Handler	4	static
stm32f4xx_it.c:139:6:UsageFault_Handler	4	static
stm32f4xx_it.c:154:6:SVC_Handler	4	static
stm32f4xx_it.c:167:6:DebugMon_Handler	4	static
stm32f4xx_it.c:180:6:PendSV_Handler	4	static
stm32f4xx_it.c:193:6:SysTick_Handler	8	static
stm32f4xx_it.c:214:6:DMA1_Stream0_IRQHandler	8	static
stm32f4xx_it.c:228:6:DMA1_Stream1_IRQHandler	8	static
stm32f4xx_it.c:242:6:DMA1_Stream3_IRQHandler	8	static
stm32f4xx_it.c:256:6:DMA1_Stream4_IRQHandler	8	static
stm32f4xx_it.c:270:6:DMA1_Stream5_IRQHandler	8	static
stm32f4xx_it.c:284:6:TIM2_IRQHandler	8	static
stm32f4xx_it.c:298:6:DMA1_Stream7_IRQHandler	8	static
stm32f4xx_it.c:312:6:DMA2_Stream0_IRQHandler	8	static
stm32f4xx_it.c:326:6:DMA2_Stream1_IRQHandler	8	static
stm32f4xx_it.c:340:6:DMA2_Stream2_IRQHandler	8	static
stm32f4xx_it.c:354:6:DMA2_Stream3_IRQHandler	8	static
stm32f4xx_it.c:368:6:DMA2_Stream6_IRQHandler	8	static
